Archive member included because of file (symbol)

..\..\..\..\..\..\..\dev\gcc-arm\arm-none-eabi\lib\armv7e-m\fpu\libg.a(lib_a-memcpy.o)
                              ..\obj\queue.o (memcpy)
..\..\..\..\..\..\..\dev\gcc-arm\arm-none-eabi\lib\armv7e-m\fpu\libg.a(lib_a-memset.o)
                              ..\obj\tasks.o (memset)
..\..\..\..\..\..\..\dev\gcc-arm\arm-none-eabi\lib\armv7e-m\fpu\libg.a(lib_a-strncpy.o)
                              ..\obj\tasks.o (strncpy)

Allocating common symbols
Common symbol       size              file

RAM_Buffer          0xc600            ..\obj\main.o

Discarded input sections

 .text          0x00000000        0x0 ..\obj\i2c.o
 .data          0x00000000        0x0 ..\obj\i2c.o
 .bss           0x00000000        0x0 ..\obj\i2c.o
 .text.I2C_read_ack
                0x00000000       0x2c ..\obj\i2c.o
 .text          0x00000000        0x0 ..\obj\stm32f4xx_usart.o
 .data          0x00000000        0x0 ..\obj\stm32f4xx_usart.o
 .bss           0x00000000        0x0 ..\obj\stm32f4xx_usart.o
 .text.USART_DeInit
                0x00000000       0xe8 ..\obj\stm32f4xx_usart.o
 .text.USART_StructInit
                0x00000000       0x1c ..\obj\stm32f4xx_usart.o
 .text.USART_ClockInit
                0x00000000       0x28 ..\obj\stm32f4xx_usart.o
 .text.USART_ClockStructInit
                0x00000000       0x10 ..\obj\stm32f4xx_usart.o
 .text.USART_SetPrescaler
                0x00000000       0x14 ..\obj\stm32f4xx_usart.o
 .text.USART_OneBitMethodCmd
                0x00000000       0x20 ..\obj\stm32f4xx_usart.o
 .text.USART_SetAddress
                0x00000000       0x1c ..\obj\stm32f4xx_usart.o
 .text.USART_ReceiverWakeUpCmd
                0x00000000       0x20 ..\obj\stm32f4xx_usart.o
 .text.USART_WakeUpConfig
                0x00000000       0x1c ..\obj\stm32f4xx_usart.o
 .text.USART_LINBreakDetectLengthConfig
                0x00000000       0x1c ..\obj\stm32f4xx_usart.o
 .text.USART_LINCmd
                0x00000000       0x20 ..\obj\stm32f4xx_usart.o
 .text.USART_SendBreak
                0x00000000        0xc ..\obj\stm32f4xx_usart.o
 .text.USART_HalfDuplexCmd
                0x00000000       0x20 ..\obj\stm32f4xx_usart.o
 .text.USART_SetGuardTime
                0x00000000       0x14 ..\obj\stm32f4xx_usart.o
 .text.USART_SmartCardCmd
                0x00000000       0x20 ..\obj\stm32f4xx_usart.o
 .text.USART_SmartCardNACKCmd
                0x00000000       0x20 ..\obj\stm32f4xx_usart.o
 .text.USART_IrDAConfig
                0x00000000       0x1c ..\obj\stm32f4xx_usart.o
 .text.USART_IrDACmd
                0x00000000       0x20 ..\obj\stm32f4xx_usart.o
 .text.USART_DMACmd
                0x00000000       0x18 ..\obj\stm32f4xx_usart.o
 .text.USART_ITConfig
                0x00000000       0x3c ..\obj\stm32f4xx_usart.o
 .text.USART_ClearFlag
                0x00000000        0xc ..\obj\stm32f4xx_usart.o
 .text.USART_GetITStatus
                0x00000000       0x50 ..\obj\stm32f4xx_usart.o
 .text.USART_ClearITPendingBit
                0x00000000       0x18 ..\obj\stm32f4xx_usart.o
 .text          0x00000000        0x0 ..\obj\startup_stm32f4xx.o
 .data          0x00000000        0x0 ..\obj\startup_stm32f4xx.o
 .bss           0x00000000        0x0 ..\obj\startup_stm32f4xx.o
 .text          0x00000000        0x0 ..\obj\main.o
 .data          0x00000000        0x0 ..\obj\main.o
 .text.usPrintChar
                0x00000000       0x2c ..\obj\main.o
 .text.PWM_init
                0x00000000       0xd0 ..\obj\main.o
 .text          0x00000000        0x0 ..\obj\stm32f4xx_rcc.o
 .bss           0x00000000        0x0 ..\obj\stm32f4xx_rcc.o
 .text.RCC_DeInit
                0x00000000       0x38 ..\obj\stm32f4xx_rcc.o
 .text.RCC_HSEConfig
                0x00000000       0x14 ..\obj\stm32f4xx_rcc.o
 .text.RCC_AdjustHSICalibrationValue
                0x00000000       0x18 ..\obj\stm32f4xx_rcc.o
 .text.RCC_HSICmd
                0x00000000        0xc ..\obj\stm32f4xx_rcc.o
 .text.RCC_LSEConfig
                0x00000000       0x3c ..\obj\stm32f4xx_rcc.o
 .text.RCC_LSICmd
                0x00000000        0xc ..\obj\stm32f4xx_rcc.o
 .text.RCC_PLLConfig
                0x00000000       0x24 ..\obj\stm32f4xx_rcc.o
 .text.RCC_PLLCmd
                0x00000000        0xc ..\obj\stm32f4xx_rcc.o
 .text.RCC_PLLI2SConfig
                0x00000000       0x18 ..\obj\stm32f4xx_rcc.o
 .text.RCC_PLLI2SCmd
                0x00000000        0xc ..\obj\stm32f4xx_rcc.o
 .text.RCC_ClockSecuritySystemCmd
                0x00000000        0xc ..\obj\stm32f4xx_rcc.o
 .text.RCC_MCO1Config
                0x00000000       0x18 ..\obj\stm32f4xx_rcc.o
 .text.RCC_SYSCLKConfig
                0x00000000       0x14 ..\obj\stm32f4xx_rcc.o
 .text.RCC_GetSYSCLKSource
                0x00000000       0x10 ..\obj\stm32f4xx_rcc.o
 .text.RCC_HCLKConfig
                0x00000000       0x14 ..\obj\stm32f4xx_rcc.o
 .text.RCC_PCLK1Config
                0x00000000       0x14 ..\obj\stm32f4xx_rcc.o
 .text.RCC_PCLK2Config
                0x00000000       0x18 ..\obj\stm32f4xx_rcc.o
 .text.RCC_RTCCLKConfig
                0x00000000       0x3c ..\obj\stm32f4xx_rcc.o
 .text.RCC_RTCCLKCmd
                0x00000000        0xc ..\obj\stm32f4xx_rcc.o
 .text.RCC_BackupResetCmd
                0x00000000        0xc ..\obj\stm32f4xx_rcc.o
 .text.RCC_I2SCLKConfig
                0x00000000        0xc ..\obj\stm32f4xx_rcc.o
 .text.RCC_AHB3PeriphClockCmd
                0x00000000       0x24 ..\obj\stm32f4xx_rcc.o
 .text.RCC_APB2PeriphClockCmd
                0x00000000       0x24 ..\obj\stm32f4xx_rcc.o
 .text.RCC_AHB1PeriphResetCmd
                0x00000000       0x24 ..\obj\stm32f4xx_rcc.o
 .text.RCC_AHB2PeriphResetCmd
                0x00000000       0x24 ..\obj\stm32f4xx_rcc.o
 .text.RCC_AHB3PeriphResetCmd
                0x00000000       0x24 ..\obj\stm32f4xx_rcc.o
 .text.RCC_APB1PeriphResetCmd
                0x00000000       0x24 ..\obj\stm32f4xx_rcc.o
 .text.RCC_APB2PeriphResetCmd
                0x00000000       0x24 ..\obj\stm32f4xx_rcc.o
 .text.RCC_AHB1PeriphClockLPModeCmd
                0x00000000       0x24 ..\obj\stm32f4xx_rcc.o
 .text.RCC_AHB2PeriphClockLPModeCmd
                0x00000000       0x24 ..\obj\stm32f4xx_rcc.o
 .text.RCC_AHB3PeriphClockLPModeCmd
                0x00000000       0x24 ..\obj\stm32f4xx_rcc.o
 .text.RCC_APB1PeriphClockLPModeCmd
                0x00000000       0x24 ..\obj\stm32f4xx_rcc.o
 .text.RCC_APB2PeriphClockLPModeCmd
                0x00000000       0x24 ..\obj\stm32f4xx_rcc.o
 .text.RCC_ITConfig
                0x00000000       0x24 ..\obj\stm32f4xx_rcc.o
 .text.RCC_GetFlagStatus
                0x00000000       0x34 ..\obj\stm32f4xx_rcc.o
 .text.RCC_WaitForHSEStartUp
                0x00000000       0x3c ..\obj\stm32f4xx_rcc.o
 .text.RCC_ClearFlag
                0x00000000       0x14 ..\obj\stm32f4xx_rcc.o
 .text.RCC_GetITStatus
                0x00000000       0x14 ..\obj\stm32f4xx_rcc.o
 .text.RCC_ClearITPendingBit
                0x00000000        0xc ..\obj\stm32f4xx_rcc.o
 .text          0x00000000        0x0 ..\obj\timers.o
 .data          0x00000000        0x0 ..\obj\timers.o
 .bss           0x00000000        0x0 ..\obj\timers.o
 .text          0x00000000        0x0 ..\obj\printf.o
 .data          0x00000000      0x430 ..\obj\printf.o
 .bss           0x00000000        0x0 ..\obj\printf.o
 .text.PrintChar
                0x00000000       0x2c ..\obj\printf.o
 .text.PutChar  0x00000000        0x8 ..\obj\printf.o
 .text.PutString
                0x00000000       0x20 ..\obj\printf.o
 .text.PutUnsignedInt
                0x00000000       0x84 ..\obj\printf.o
 .text.PutSignedInt
                0x00000000       0xac ..\obj\printf.o
 .text.PutHexa  0x00000000       0x98 ..\obj\printf.o
 .text.vsnprintf
                0x00000000      0x174 ..\obj\printf.o
 .text.snprintf
                0x00000000       0x1c ..\obj\printf.o
 .text.vsprintf
                0x00000000       0x14 ..\obj\printf.o
 .text.sprintf  0x00000000       0x1c ..\obj\printf.o
 .text.fputc    0x00000000       0x2c ..\obj\printf.o
 .text.fputs    0x00000000       0x38 ..\obj\printf.o
 .text.puts     0x00000000       0x14 ..\obj\printf.o
 .text.vfprintf
                0x00000000       0x50 ..\obj\printf.o
 .text.fprintf  0x00000000       0x1c ..\obj\printf.o
 .text.vprintf  0x00000000       0x1c ..\obj\printf.o
 .text.printf   0x00000000       0x1c ..\obj\printf.o
 .rodata.str1.4
                0x00000000       0x24 ..\obj\printf.o
 .text          0x00000000        0x0 ..\obj\stm32f4xx_dcmi.o
 .data          0x00000000        0x0 ..\obj\stm32f4xx_dcmi.o
 .bss           0x00000000        0x0 ..\obj\stm32f4xx_dcmi.o
 .text.DCMI_StructInit
                0x00000000       0x14 ..\obj\stm32f4xx_dcmi.o
 .text.DCMI_CROPConfig
                0x00000000       0x20 ..\obj\stm32f4xx_dcmi.o
 .text.DCMI_CROPCmd
                0x00000000       0x28 ..\obj\stm32f4xx_dcmi.o
 .text.DCMI_SetEmbeddedSynchroCodes
                0x00000000       0x24 ..\obj\stm32f4xx_dcmi.o
 .text.DCMI_JPEGCmd
                0x00000000       0x28 ..\obj\stm32f4xx_dcmi.o
 .text.DCMI_ReadData
                0x00000000        0xc ..\obj\stm32f4xx_dcmi.o
 .text.DCMI_GetFlagStatus
                0x00000000       0x30 ..\obj\stm32f4xx_dcmi.o
 .text.DCMI_ClearFlag
                0x00000000        0xc ..\obj\stm32f4xx_dcmi.o
 .text          0x00000000        0x0 ..\obj\tasks.o
 .text.vTaskEndScheduler
                0x00000000       0x1c ..\obj\tasks.o
 .text.xTaskGetTickCount
                0x00000000       0x18 ..\obj\tasks.o
 .text.xTaskGetTickCountFromISR
                0x00000000       0x18 ..\obj\tasks.o
 .text.uxTaskGetNumberOfTasks
                0x00000000       0x10 ..\obj\tasks.o
 .text          0x00000000        0x0 ..\obj\stm32f4xx_gpio.o
 .data          0x00000000        0x0 ..\obj\stm32f4xx_gpio.o
 .bss           0x00000000        0x0 ..\obj\stm32f4xx_gpio.o
 .text.GPIO_DeInit
                0x00000000      0x158 ..\obj\stm32f4xx_gpio.o
 .text.GPIO_StructInit
                0x00000000       0x14 ..\obj\stm32f4xx_gpio.o
 .text.GPIO_PinLockConfig
                0x00000000       0x24 ..\obj\stm32f4xx_gpio.o
 .text.GPIO_ReadInputDataBit
                0x00000000        0xc ..\obj\stm32f4xx_gpio.o
 .text.GPIO_ReadInputData
                0x00000000        0x8 ..\obj\stm32f4xx_gpio.o
 .text.GPIO_ReadOutputDataBit
                0x00000000        0xc ..\obj\stm32f4xx_gpio.o
 .text.GPIO_ReadOutputData
                0x00000000        0x8 ..\obj\stm32f4xx_gpio.o
 .text.GPIO_WriteBit
                0x00000000        0xc ..\obj\stm32f4xx_gpio.o
 .text.GPIO_Write
                0x00000000        0x4 ..\obj\stm32f4xx_gpio.o
 .text.GPIO_ToggleBits
                0x00000000        0x8 ..\obj\stm32f4xx_gpio.o
 .text          0x00000000        0x0 ..\obj\list.o
 .data          0x00000000        0x0 ..\obj\list.o
 .bss           0x00000000        0x0 ..\obj\list.o
 .text          0x00000000        0x0 ..\obj\system_stm32f4xx.o
 .data          0x00000000       0x14 ..\obj\system_stm32f4xx.o
 .bss           0x00000000        0x0 ..\obj\system_stm32f4xx.o
 .text.SystemCoreClockUpdate
                0x00000000       0xdc ..\obj\system_stm32f4xx.o
 .text          0x00000000        0x0 ..\obj\syscalls.o
 .data          0x00000000        0x0 ..\obj\syscalls.o
 .bss           0x00000000        0x4 ..\obj\syscalls.o
 .text._sbrk    0x00000000       0x30 ..\obj\syscalls.o
 .text.link     0x00000000        0x8 ..\obj\syscalls.o
 .text._close   0x00000000        0x8 ..\obj\syscalls.o
 .text._fstat   0x00000000        0xc ..\obj\syscalls.o
 .text._isatty  0x00000000        0x8 ..\obj\syscalls.o
 .text._lseek   0x00000000        0x8 ..\obj\syscalls.o
 .text._read    0x00000000        0x8 ..\obj\syscalls.o
 .text._write   0x00000000        0x4 ..\obj\syscalls.o
 .text.abort    0x00000000        0x4 ..\obj\syscalls.o
 .text          0x00000000        0x0 ..\obj\stm32f4xx_dma.o
 .data          0x00000000        0x0 ..\obj\stm32f4xx_dma.o
 .bss           0x00000000        0x0 ..\obj\stm32f4xx_dma.o
 .text.DMA_StructInit
                0x00000000       0x24 ..\obj\stm32f4xx_dma.o
 .text.DMA_PeriphIncOffsetSizeConfig
                0x00000000       0x18 ..\obj\stm32f4xx_dma.o
 .text.DMA_FlowControllerConfig
                0x00000000       0x18 ..\obj\stm32f4xx_dma.o
 .text.DMA_SetCurrDataCounter
                0x00000000        0x4 ..\obj\stm32f4xx_dma.o
 .text.DMA_GetCurrDataCounter
                0x00000000        0x8 ..\obj\stm32f4xx_dma.o
 .text.DMA_DoubleBufferModeConfig
                0x00000000       0x18 ..\obj\stm32f4xx_dma.o
 .text.DMA_DoubleBufferModeCmd
                0x00000000       0x18 ..\obj\stm32f4xx_dma.o
 .text.DMA_MemoryTargetConfig
                0x00000000        0xc ..\obj\stm32f4xx_dma.o
 .text.DMA_GetCurrentMemoryTarget
                0x00000000        0x8 ..\obj\stm32f4xx_dma.o
 .text.DMA_GetFIFOStatus
                0x00000000        0x8 ..\obj\stm32f4xx_dma.o
 .text.DMA_GetFlagStatus
                0x00000000       0x44 ..\obj\stm32f4xx_dma.o
 .text.DMA_ClearFlag
                0x00000000       0x3c ..\obj\stm32f4xx_dma.o
 .text.DMA_ITConfig
                0x00000000       0x3c ..\obj\stm32f4xx_dma.o
 .text.DMA_GetITStatus
                0x00000000       0x68 ..\obj\stm32f4xx_dma.o
 .text.DMA_ClearITPendingBit
                0x00000000       0x3c ..\obj\stm32f4xx_dma.o
 .text          0x00000000        0x0 ..\obj\queue.o
 .data          0x00000000        0x0 ..\obj\queue.o
 .bss           0x00000000        0x0 ..\obj\queue.o
 .text.xQueueCreateMutex
                0x00000000       0x4c ..\obj\queue.o
 .text.xQueueReceiveFromISR
                0x00000000       0x70 ..\obj\queue.o
 .text.uxQueueMessagesWaiting
                0x00000000       0x14 ..\obj\queue.o
 .text.uxQueueMessagesWaitingFromISR
                0x00000000        0x4 ..\obj\queue.o
 .text.vQueueDelete
                0x00000000       0x14 ..\obj\queue.o
 .text.xQueueIsQueueEmptyFromISR
                0x00000000        0xc ..\obj\queue.o
 .text.xQueueIsQueueFullFromISR
                0x00000000       0x10 ..\obj\queue.o
 .text          0x00000000        0x0 ..\obj\port.o
 .bss           0x00000000        0x0 ..\obj\port.o
 .text.vPortEndScheduler
                0x00000000        0x4 ..\obj\port.o
 .rodata        0x00000000        0x4 ..\obj\port.o
 .text          0x00000000        0x0 ..\obj\croutine.o
 .data          0x00000000        0x0 ..\obj\croutine.o
 .bss           0x00000000       0x94 ..\obj\croutine.o
 .text.xCoRoutineCreate
                0x00000000       0xe0 ..\obj\croutine.o
 .text.vCoRoutineAddToDelayedList
                0x00000000       0x58 ..\obj\croutine.o
 .text.vCoRoutineSchedule
                0x00000000      0x1ac ..\obj\croutine.o
 .text.xCoRoutineRemoveFromEventList
                0x00000000       0x34 ..\obj\croutine.o
 .text          0x00000000        0x0 ..\obj\stm32f4xx_i2c.o
 .data          0x00000000        0x0 ..\obj\stm32f4xx_i2c.o
 .bss           0x00000000        0x0 ..\obj\stm32f4xx_i2c.o
 .text.I2C_DeInit
                0x00000000       0x74 ..\obj\stm32f4xx_i2c.o
 .text.I2C_StructInit
                0x00000000       0x20 ..\obj\stm32f4xx_i2c.o
 .text.I2C_OwnAddress2Config
                0x00000000       0x18 ..\obj\stm32f4xx_i2c.o
 .text.I2C_DualAddressCmd
                0x00000000       0x20 ..\obj\stm32f4xx_i2c.o
 .text.I2C_GeneralCallCmd
                0x00000000       0x20 ..\obj\stm32f4xx_i2c.o
 .text.I2C_SoftwareResetCmd
                0x00000000       0x20 ..\obj\stm32f4xx_i2c.o
 .text.I2C_StretchClockCmd
                0x00000000       0x20 ..\obj\stm32f4xx_i2c.o
 .text.I2C_FastModeDutyCycleConfig
                0x00000000       0x24 ..\obj\stm32f4xx_i2c.o
 .text.I2C_NACKPositionConfig
                0x00000000       0x24 ..\obj\stm32f4xx_i2c.o
 .text.I2C_SMBusAlertConfig
                0x00000000       0x24 ..\obj\stm32f4xx_i2c.o
 .text.I2C_ARPCmd
                0x00000000       0x20 ..\obj\stm32f4xx_i2c.o
 .text.I2C_TransmitPEC
                0x00000000       0x20 ..\obj\stm32f4xx_i2c.o
 .text.I2C_PECPositionConfig
                0x00000000       0x24 ..\obj\stm32f4xx_i2c.o
 .text.I2C_CalculatePEC
                0x00000000       0x20 ..\obj\stm32f4xx_i2c.o
 .text.I2C_GetPEC
                0x00000000        0x8 ..\obj\stm32f4xx_i2c.o
 .text.I2C_DMACmd
                0x00000000       0x20 ..\obj\stm32f4xx_i2c.o
 .text.I2C_DMALastTransferCmd
                0x00000000       0x20 ..\obj\stm32f4xx_i2c.o
 .text.I2C_ReadRegister
                0x00000000       0x1c ..\obj\stm32f4xx_i2c.o
 .text.I2C_ITConfig
                0x00000000       0x18 ..\obj\stm32f4xx_i2c.o
 .text.I2C_GetLastEvent
                0x00000000       0x10 ..\obj\stm32f4xx_i2c.o
 .text.I2C_ClearFlag
                0x00000000        0xc ..\obj\stm32f4xx_i2c.o
 .text.I2C_GetITStatus
                0x00000000       0x24 ..\obj\stm32f4xx_i2c.o
 .text.I2C_ClearITPendingBit
                0x00000000        0xc ..\obj\stm32f4xx_i2c.o
 .text          0x00000000        0x0 ..\obj\misc.o
 .data          0x00000000        0x0 ..\obj\misc.o
 .bss           0x00000000        0x0 ..\obj\misc.o
 .text.NVIC_PriorityGroupConfig
                0x00000000       0x14 ..\obj\misc.o
 .text.NVIC_SetVectorTable
                0x00000000       0x18 ..\obj\misc.o
 .text.NVIC_SystemLPConfig
                0x00000000       0x24 ..\obj\misc.o
 .text.SysTick_CLKSourceConfig
                0x00000000       0x1c ..\obj\misc.o
 .text          0x00000000        0x0 ..\obj\ov7670.o
 .data          0x00000000        0x0 ..\obj\ov7670.o
 .bss           0x00000000        0x0 ..\obj\ov7670.o
 .text          0x00000000        0x0 ..\obj\heap_2.o
 .text.xPortGetFreeHeapSize
                0x00000000        0xc ..\obj\heap_2.o
 .text.vPortInitialiseBlocks
                0x00000000        0x4 ..\obj\heap_2.o
 .text          0x00000000        0x0 ..\obj\stm32f4xx_tim.o
 .data          0x00000000        0x0 ..\obj\stm32f4xx_tim.o
 .bss           0x00000000        0x0 ..\obj\stm32f4xx_tim.o
 .text.TI1_Config
                0x00000000       0x44 ..\obj\stm32f4xx_tim.o
 .text.TI2_Config
                0x00000000       0x4c ..\obj\stm32f4xx_tim.o
 .text.TIM_DeInit
                0x00000000      0x20c ..\obj\stm32f4xx_tim.o
 .text.TIM_TimeBaseInit
                0x00000000       0xac ..\obj\stm32f4xx_tim.o
 .text.TIM_TimeBaseStructInit
                0x00000000       0x14 ..\obj\stm32f4xx_tim.o
 .text.TIM_PrescalerConfig
                0x00000000        0x8 ..\obj\stm32f4xx_tim.o
 .text.TIM_CounterModeConfig
                0x00000000       0x14 ..\obj\stm32f4xx_tim.o
 .text.TIM_SetCounter
                0x00000000        0x4 ..\obj\stm32f4xx_tim.o
 .text.TIM_SetAutoreload
                0x00000000        0x4 ..\obj\stm32f4xx_tim.o
 .text.TIM_GetCounter
                0x00000000        0x4 ..\obj\stm32f4xx_tim.o
 .text.TIM_GetPrescaler
                0x00000000        0x8 ..\obj\stm32f4xx_tim.o
 .text.TIM_UpdateDisableConfig
                0x00000000       0x20 ..\obj\stm32f4xx_tim.o
 .text.TIM_UpdateRequestConfig
                0x00000000       0x20 ..\obj\stm32f4xx_tim.o
 .text.TIM_ARRPreloadConfig
                0x00000000       0x20 ..\obj\stm32f4xx_tim.o
 .text.TIM_SelectOnePulseMode
                0x00000000       0x1c ..\obj\stm32f4xx_tim.o
 .text.TIM_SetClockDivision
                0x00000000       0x1c ..\obj\stm32f4xx_tim.o
 .text.TIM_Cmd  0x00000000       0x20 ..\obj\stm32f4xx_tim.o
 .text.TIM_OC1Init
                0x00000000       0x8c ..\obj\stm32f4xx_tim.o
 .text.TIM_OC2Init
                0x00000000       0x9c ..\obj\stm32f4xx_tim.o
 .text.TIM_OC3Init
                0x00000000       0x98 ..\obj\stm32f4xx_tim.o
 .text.TIM_OC4Init
                0x00000000       0x7c ..\obj\stm32f4xx_tim.o
 .text.TIM_OCStructInit
                0x00000000       0x18 ..\obj\stm32f4xx_tim.o
 .text.TIM_SelectOCxM
                0x00000000       0x58 ..\obj\stm32f4xx_tim.o
 .text.TIM_SetCompare1
                0x00000000        0x4 ..\obj\stm32f4xx_tim.o
 .text.TIM_SetCompare2
                0x00000000        0x4 ..\obj\stm32f4xx_tim.o
 .text.TIM_SetCompare3
                0x00000000        0x4 ..\obj\stm32f4xx_tim.o
 .text.TIM_SetCompare4
                0x00000000        0x4 ..\obj\stm32f4xx_tim.o
 .text.TIM_ForcedOC1Config
                0x00000000       0x14 ..\obj\stm32f4xx_tim.o
 .text.TIM_ForcedOC2Config
                0x00000000       0x18 ..\obj\stm32f4xx_tim.o
 .text.TIM_ForcedOC3Config
                0x00000000       0x14 ..\obj\stm32f4xx_tim.o
 .text.TIM_ForcedOC4Config
                0x00000000       0x18 ..\obj\stm32f4xx_tim.o
 .text.TIM_OC1PreloadConfig
                0x00000000       0x14 ..\obj\stm32f4xx_tim.o
 .text.TIM_OC2PreloadConfig
                0x00000000       0x18 ..\obj\stm32f4xx_tim.o
 .text.TIM_OC3PreloadConfig
                0x00000000       0x14 ..\obj\stm32f4xx_tim.o
 .text.TIM_OC4PreloadConfig
                0x00000000       0x18 ..\obj\stm32f4xx_tim.o
 .text.TIM_OC1FastConfig
                0x00000000       0x14 ..\obj\stm32f4xx_tim.o
 .text.TIM_OC2FastConfig
                0x00000000       0x18 ..\obj\stm32f4xx_tim.o
 .text.TIM_OC3FastConfig
                0x00000000       0x14 ..\obj\stm32f4xx_tim.o
 .text.TIM_OC4FastConfig
                0x00000000       0x18 ..\obj\stm32f4xx_tim.o
 .text.TIM_ClearOC1Ref
                0x00000000       0x14 ..\obj\stm32f4xx_tim.o
 .text.TIM_ClearOC2Ref
                0x00000000       0x14 ..\obj\stm32f4xx_tim.o
 .text.TIM_ClearOC3Ref
                0x00000000       0x14 ..\obj\stm32f4xx_tim.o
 .text.TIM_ClearOC4Ref
                0x00000000       0x14 ..\obj\stm32f4xx_tim.o
 .text.TIM_OC1PolarityConfig
                0x00000000       0x14 ..\obj\stm32f4xx_tim.o
 .text.TIM_OC1NPolarityConfig
                0x00000000       0x14 ..\obj\stm32f4xx_tim.o
 .text.TIM_OC2PolarityConfig
                0x00000000       0x18 ..\obj\stm32f4xx_tim.o
 .text.TIM_OC2NPolarityConfig
                0x00000000       0x18 ..\obj\stm32f4xx_tim.o
 .text.TIM_OC3PolarityConfig
                0x00000000       0x18 ..\obj\stm32f4xx_tim.o
 .text.TIM_OC3NPolarityConfig
                0x00000000       0x18 ..\obj\stm32f4xx_tim.o
 .text.TIM_OC4PolarityConfig
                0x00000000       0x18 ..\obj\stm32f4xx_tim.o
 .text.TIM_CCxCmd
                0x00000000       0x24 ..\obj\stm32f4xx_tim.o
 .text.TIM_CCxNCmd
                0x00000000       0x24 ..\obj\stm32f4xx_tim.o
 .text.TIM_ICStructInit
                0x00000000       0x14 ..\obj\stm32f4xx_tim.o
 .text.TIM_GetCapture1
                0x00000000        0x4 ..\obj\stm32f4xx_tim.o
 .text.TIM_GetCapture2
                0x00000000        0x4 ..\obj\stm32f4xx_tim.o
 .text.TIM_GetCapture3
                0x00000000        0x4 ..\obj\stm32f4xx_tim.o
 .text.TIM_GetCapture4
                0x00000000        0x4 ..\obj\stm32f4xx_tim.o
 .text.TIM_SetIC1Prescaler
                0x00000000       0x1c ..\obj\stm32f4xx_tim.o
 .text.TIM_SetIC2Prescaler
                0x00000000       0x20 ..\obj\stm32f4xx_tim.o
 .text.TIM_PWMIConfig
                0x00000000       0x68 ..\obj\stm32f4xx_tim.o
 .text.TIM_SetIC3Prescaler
                0x00000000       0x1c ..\obj\stm32f4xx_tim.o
 .text.TIM_SetIC4Prescaler
                0x00000000       0x20 ..\obj\stm32f4xx_tim.o
 .text.TIM_ICInit
                0x00000000       0xe0 ..\obj\stm32f4xx_tim.o
 .text.TIM_BDTRConfig
                0x00000000       0x24 ..\obj\stm32f4xx_tim.o
 .text.TIM_BDTRStructInit
                0x00000000       0x14 ..\obj\stm32f4xx_tim.o
 .text.TIM_CtrlPWMOutputs
                0x00000000       0x28 ..\obj\stm32f4xx_tim.o
 .text.TIM_SelectCOM
                0x00000000       0x20 ..\obj\stm32f4xx_tim.o
 .text.TIM_CCPreloadControl
                0x00000000       0x20 ..\obj\stm32f4xx_tim.o
 .text.TIM_ITConfig
                0x00000000       0x18 ..\obj\stm32f4xx_tim.o
 .text.TIM_GenerateEvent
                0x00000000        0x4 ..\obj\stm32f4xx_tim.o
 .text.TIM_GetFlagStatus
                0x00000000        0xc ..\obj\stm32f4xx_tim.o
 .text.TIM_ClearFlag
                0x00000000        0xc ..\obj\stm32f4xx_tim.o
 .text.TIM_GetITStatus
                0x00000000       0x1c ..\obj\stm32f4xx_tim.o
 .text.TIM_ClearITPendingBit
                0x00000000        0xc ..\obj\stm32f4xx_tim.o
 .text.TIM_DMAConfig
                0x00000000        0x8 ..\obj\stm32f4xx_tim.o
 .text.TIM_DMACmd
                0x00000000       0x18 ..\obj\stm32f4xx_tim.o
 .text.TIM_SelectCCDMA
                0x00000000       0x20 ..\obj\stm32f4xx_tim.o
 .text.TIM_InternalClockConfig
                0x00000000       0x14 ..\obj\stm32f4xx_tim.o
 .text.TIM_SelectInputTrigger
                0x00000000       0x14 ..\obj\stm32f4xx_tim.o
 .text.TIM_TIxExternalClockConfig
                0x00000000       0x34 ..\obj\stm32f4xx_tim.o
 .text.TIM_ITRxExternalClockConfig
                0x00000000       0x14 ..\obj\stm32f4xx_tim.o
 .text.TIM_SelectOutputTrigger
                0x00000000       0x1c ..\obj\stm32f4xx_tim.o
 .text.TIM_SelectSlaveMode
                0x00000000       0x1c ..\obj\stm32f4xx_tim.o
 .text.TIM_SelectMasterSlaveMode
                0x00000000       0x1c ..\obj\stm32f4xx_tim.o
 .text.TIM_ETRConfig
                0x00000000       0x18 ..\obj\stm32f4xx_tim.o
 .text.TIM_ETRClockMode2Config
                0x00000000       0x14 ..\obj\stm32f4xx_tim.o
 .text.TIM_ETRClockMode1Config
                0x00000000       0x20 ..\obj\stm32f4xx_tim.o
 .text.TIM_EncoderInterfaceConfig
                0x00000000       0x4c ..\obj\stm32f4xx_tim.o
 .text.TIM_SelectHallSensor
                0x00000000       0x20 ..\obj\stm32f4xx_tim.o
 .text.TIM_RemapConfig
                0x00000000        0x8 ..\obj\stm32f4xx_tim.o
 .text          0x00000000        0x0 ..\..\..\..\..\..\..\dev\gcc-arm\arm-none-eabi\lib\armv7e-m\fpu\libg.a(lib_a-memcpy.o)
 .data          0x00000000        0x0 ..\..\..\..\..\..\..\dev\gcc-arm\arm-none-eabi\lib\armv7e-m\fpu\libg.a(lib_a-memcpy.o)
 .bss           0x00000000        0x0 ..\..\..\..\..\..\..\dev\gcc-arm\arm-none-eabi\lib\armv7e-m\fpu\libg.a(lib_a-memcpy.o)
 .text          0x00000000        0x0 ..\..\..\..\..\..\..\dev\gcc-arm\arm-none-eabi\lib\armv7e-m\fpu\libg.a(lib_a-memset.o)
 .data          0x00000000        0x0 ..\..\..\..\..\..\..\dev\gcc-arm\arm-none-eabi\lib\armv7e-m\fpu\libg.a(lib_a-memset.o)
 .bss           0x00000000        0x0 ..\..\..\..\..\..\..\dev\gcc-arm\arm-none-eabi\lib\armv7e-m\fpu\libg.a(lib_a-memset.o)
 .text          0x00000000        0x0 ..\..\..\..\..\..\..\dev\gcc-arm\arm-none-eabi\lib\armv7e-m\fpu\libg.a(lib_a-strncpy.o)
 .data          0x00000000        0x0 ..\..\..\..\..\..\..\dev\gcc-arm\arm-none-eabi\lib\armv7e-m\fpu\libg.a(lib_a-strncpy.o)
 .bss           0x00000000        0x0 ..\..\..\..\..\..\..\dev\gcc-arm\arm-none-eabi\lib\armv7e-m\fpu\libg.a(lib_a-strncpy.o)

Memory Configuration

Name             Origin             Length             Attributes
rom              0x08000000         0x00100000         xr
ram              0x20000000         0x00020000         xrw
ram1             0x10000000         0x00010000         xrw
*default*        0x00000000         0xffffffff

Linker script and memory map

                0x20020000                _eram = 0x20020000

.text           0x08000000     0x2cf4
 *(.isr_vector .isr_vector.*)
 .isr_vector    0x08000000      0x188 ..\obj\startup_stm32f4xx.o
                0x08000000                g_pfnVectors
 *(.text .text.* .gnu.linkonce.t.*)
 .text.I2CInit  0x08000188       0xb4 ..\obj\i2c.o
                0x08000188                I2CInit
 .text.I2C_start
                0x0800023c       0x88 ..\obj\i2c.o
                0x0800023c                I2C_start
 .text.I2C_write
                0x080002c4       0x24 ..\obj\i2c.o
                0x080002c4                I2C_write
 .text.I2C_read_nack
                0x080002e8       0x2c ..\obj\i2c.o
                0x080002e8                I2C_read_nack
 .text.I2C_stop
                0x08000314        0xc ..\obj\i2c.o
                0x08000314                I2C_stop
 .text.USART_Init
                0x08000320      0x108 ..\obj\stm32f4xx_usart.o
                0x08000320                USART_Init
 .text.USART_Cmd
                0x08000428       0x20 ..\obj\stm32f4xx_usart.o
                0x08000428                USART_Cmd
 .text.USART_OverSampling8Cmd
                0x08000448       0x20 ..\obj\stm32f4xx_usart.o
                0x08000448                USART_OverSampling8Cmd
 .text.USART_SendData
                0x08000468        0xc ..\obj\stm32f4xx_usart.o
                0x08000468                USART_SendData
 .text.USART_ReceiveData
                0x08000474        0xc ..\obj\stm32f4xx_usart.o
                0x08000474                USART_ReceiveData
 .text.USART_GetFlagStatus
                0x08000480        0xc ..\obj\stm32f4xx_usart.o
                0x08000480                USART_GetFlagStatus
 .text.Default_Reset_Handler
                0x0800048c       0x68 ..\obj\startup_stm32f4xx.o
                0x0800048c                Default_Reset_Handler
                0x0800048c                Reset_Handler
 .text.Default_Handler
                0x080004f4        0x4 ..\obj\startup_stm32f4xx.o
                0x080004f4                RTC_Alarm_IRQHandler
                0x080004f4                HASH_RNG_IRQHandler
                0x080004f4                EXTI2_IRQHandler
                0x080004f4                TIM8_CC_IRQHandler
                0x080004f4                DebugMon_Handler
                0x080004f4                TIM1_CC_IRQHandler
                0x080004f4                DMA2_Stream5_IRQHandler
                0x080004f4                HardFault_Handler
                0x080004f4                DMA1_Stream5_IRQHandler
                0x080004f4                PVD_IRQHandler
                0x080004f4                SDIO_IRQHandler
                0x080004f4                TAMP_STAMP_IRQHandler
                0x080004f4                NMI_Handler
                0x080004f4                CAN2_RX1_IRQHandler
                0x080004f4                EXTI3_IRQHandler
                0x080004f4                TIM8_TRG_COM_TIM14_IRQHandler
                0x080004f4                TIM1_UP_TIM10_IRQHandler
                0x080004f4                TIM8_UP_TIM13_IRQHandler
                0x080004f4                I2C3_ER_IRQHandler
                0x080004f4                EXTI0_IRQHandler
                0x080004f4                I2C2_EV_IRQHandler
                0x080004f4                DMA1_Stream2_IRQHandler
                0x080004f4                CAN1_RX0_IRQHandler
                0x080004f4                FPU_IRQHandler
                0x080004f4                OTG_HS_WKUP_IRQHandler
                0x080004f4                UsageFault_Handler
                0x080004f4                CAN2_SCE_IRQHandler
                0x080004f4                DMA2_Stream2_IRQHandler
                0x080004f4                SPI1_IRQHandler
                0x080004f4                TIM6_DAC_IRQHandler
                0x080004f4                TIM1_BRK_TIM9_IRQHandler
                0x080004f4                CAN2_RX0_IRQHandler
                0x080004f4                DMA2_Stream3_IRQHandler
                0x080004f4                USART6_IRQHandler
                0x080004f4                USART3_IRQHandler
                0x080004f4                CRYP_IRQHandler
                0x080004f4                CAN1_RX1_IRQHandler
                0x080004f4                UART5_IRQHandler
                0x080004f4                DMA2_Stream0_IRQHandler
                0x080004f4                TIM4_IRQHandler
                0x080004f4                I2C1_EV_IRQHandler
                0x080004f4                DMA1_Stream6_IRQHandler
                0x080004f4                DMA1_Stream1_IRQHandler
                0x080004f4                UART4_IRQHandler
                0x080004f4                TIM3_IRQHandler
                0x080004f4                RCC_IRQHandler
                0x080004f4                TIM8_BRK_TIM12_IRQHandler
                0x080004f4                EXTI15_10_IRQHandler
                0x080004f4                ADC_IRQHandler
                0x080004f4                DMA1_Stream7_IRQHandler
                0x080004f4                TIM7_IRQHandler
                0x080004f4                CAN2_TX_IRQHandler
                0x080004f4                TIM5_IRQHandler
                0x080004f4                DMA2_Stream7_IRQHandler
                0x080004f4                I2C3_EV_IRQHandler
                0x080004f4                EXTI9_5_IRQHandler
                0x080004f4                RTC_WKUP_IRQHandler
                0x080004f4                ETH_WKUP_IRQHandler
                0x080004f4                SPI2_IRQHandler
                0x080004f4                OTG_HS_EP1_IN_IRQHandler
                0x080004f4                MemManage_Handler
                0x080004f4                DMA1_Stream0_IRQHandler
                0x080004f4                CAN1_TX_IRQHandler
                0x080004f4                EXTI4_IRQHandler
                0x080004f4                FSMC_IRQHandler
                0x080004f4                ETH_IRQHandler
                0x080004f4                OTG_HS_EP1_OUT_IRQHandler
                0x080004f4                WWDG_IRQHandler
                0x080004f4                TIM2_IRQHandler
                0x080004f4                OTG_FS_WKUP_IRQHandler
                0x080004f4                TIM1_TRG_COM_TIM11_IRQHandler
                0x080004f4                OTG_HS_IRQHandler
                0x080004f4                EXTI1_IRQHandler
                0x080004f4                USART2_IRQHandler
                0x080004f4                I2C2_ER_IRQHandler
                0x080004f4                DMA2_Stream1_IRQHandler
                0x080004f4                CAN1_SCE_IRQHandler
                0x080004f4                FLASH_IRQHandler
                0x080004f4                DMA2_Stream4_IRQHandler
                0x080004f4                BusFault_Handler
                0x080004f4                USART1_IRQHandler
                0x080004f4                OTG_FS_IRQHandler
                0x080004f4                SPI3_IRQHandler
                0x080004f4                DMA1_Stream4_IRQHandler
                0x080004f4                I2C1_ER_IRQHandler
                0x080004f4                DMA2_Stream6_IRQHandler
                0x080004f4                DMA1_Stream3_IRQHandler
 .text.vScanUsart
                0x080004f8       0xb8 ..\obj\main.o
                0x080004f8                vScanUsart
 .text.vLED     0x080005b0       0xa0 ..\obj\main.o
                0x080005b0                vLED
 .text.usart_init
                0x08000650       0xc8 ..\obj\main.o
                0x08000650                usart_init
 .text.usartSendWord
                0x08000718       0x64 ..\obj\main.o
                0x08000718                usartSendWord
 .text.vGetPicture
                0x0800077c       0x7c ..\obj\main.o
                0x0800077c                vGetPicture
 .text.delay    0x080007f8       0x10 ..\obj\main.o
                0x080007f8                delay
 .text.main     0x08000808       0xe0 ..\obj\main.o
                0x08000808                main
 .text.DCMI_IRQHandler
                0x080008e8       0x3c ..\obj\main.o
                0x080008e8                DCMI_IRQHandler
 .text.RCC_MCO2Config
                0x08000924       0x18 ..\obj\stm32f4xx_rcc.o
                0x08000924                RCC_MCO2Config
 .text.RCC_GetClocksFreq
                0x0800093c       0xd8 ..\obj\stm32f4xx_rcc.o
                0x0800093c                RCC_GetClocksFreq
 .text.RCC_AHB1PeriphClockCmd
                0x08000a14       0x24 ..\obj\stm32f4xx_rcc.o
                0x08000a14                RCC_AHB1PeriphClockCmd
 .text.RCC_AHB2PeriphClockCmd
                0x08000a38       0x24 ..\obj\stm32f4xx_rcc.o
                0x08000a38                RCC_AHB2PeriphClockCmd
 .text.RCC_APB1PeriphClockCmd
                0x08000a5c       0x24 ..\obj\stm32f4xx_rcc.o
                0x08000a5c                RCC_APB1PeriphClockCmd
 .text.DCMI_DeInit
                0x08000a80       0x20 ..\obj\stm32f4xx_dcmi.o
                0x08000a80                DCMI_DeInit
 .text.DCMI_Init
                0x08000aa0       0x44 ..\obj\stm32f4xx_dcmi.o
                0x08000aa0                DCMI_Init
 .text.DCMI_Cmd
                0x08000ae4       0x28 ..\obj\stm32f4xx_dcmi.o
                0x08000ae4                DCMI_Cmd
 .text.DCMI_CaptureCmd
                0x08000b0c       0x28 ..\obj\stm32f4xx_dcmi.o
                0x08000b0c                DCMI_CaptureCmd
 .text.DCMI_ITConfig
                0x08000b34       0x28 ..\obj\stm32f4xx_dcmi.o
                0x08000b34                DCMI_ITConfig
 .text.DCMI_GetITStatus
                0x08000b5c       0x14 ..\obj\stm32f4xx_dcmi.o
                0x08000b5c                DCMI_GetITStatus
 .text.DCMI_ClearITPendingBit
                0x08000b70        0xc ..\obj\stm32f4xx_dcmi.o
                0x08000b70                DCMI_ClearITPendingBit
 .text.prvAddCurrentTaskToDelayedList
                0x08000b7c       0x5c ..\obj\tasks.o
 .text.prvIdleTask
                0x08000bd8       0x14 ..\obj\tasks.o
 .text.xTaskGenericCreate
                0x08000bec      0x1f0 ..\obj\tasks.o
                0x08000bec                xTaskGenericCreate
 .text.vTaskStartScheduler
                0x08000ddc       0x50 ..\obj\tasks.o
                0x08000ddc                vTaskStartScheduler
 .text.vTaskSuspendAll
                0x08000e2c       0x18 ..\obj\tasks.o
                0x08000e2c                vTaskSuspendAll
 .text.vTaskIncrementTick
                0x08000e44      0x13c ..\obj\tasks.o
                0x08000e44                vTaskIncrementTick
 .text.xTaskResumeAll
                0x08000f80      0x114 ..\obj\tasks.o
                0x08000f80                xTaskResumeAll
 .text.vTaskDelay
                0x08001094       0x34 ..\obj\tasks.o
                0x08001094                vTaskDelay
 .text.vTaskSwitchContext
                0x080010c8       0xa0 ..\obj\tasks.o
                0x080010c8                vTaskSwitchContext
 .text.vTaskPlaceOnEventList
                0x08001168       0x2c ..\obj\tasks.o
                0x08001168                vTaskPlaceOnEventList
 .text.xTaskRemoveFromEventList
                0x08001194       0x80 ..\obj\tasks.o
                0x08001194                xTaskRemoveFromEventList
 .text.vTaskSetTimeOutState
                0x08001214       0x14 ..\obj\tasks.o
                0x08001214                vTaskSetTimeOutState
 .text.xTaskCheckForTimeOut
                0x08001228       0x70 ..\obj\tasks.o
                0x08001228                xTaskCheckForTimeOut
 .text.vTaskMissedYield
                0x08001298       0x14 ..\obj\tasks.o
                0x08001298                vTaskMissedYield
 .text.xTaskGetCurrentTaskHandle
                0x080012ac        0xc ..\obj\tasks.o
                0x080012ac                xTaskGetCurrentTaskHandle
 .text.vTaskPriorityInherit
                0x080012b8       0x90 ..\obj\tasks.o
                0x080012b8                vTaskPriorityInherit
 .text.vTaskPriorityDisinherit
                0x08001348       0x54 ..\obj\tasks.o
                0x08001348                vTaskPriorityDisinherit
 .text.GPIO_Init
                0x0800139c       0xbc ..\obj\stm32f4xx_gpio.o
                0x0800139c                GPIO_Init
 .text.GPIO_SetBits
                0x08001458        0x4 ..\obj\stm32f4xx_gpio.o
                0x08001458                GPIO_SetBits
 .text.GPIO_ResetBits
                0x0800145c        0x4 ..\obj\stm32f4xx_gpio.o
                0x0800145c                GPIO_ResetBits
 .text.GPIO_PinAFConfig
                0x08001460       0x38 ..\obj\stm32f4xx_gpio.o
                0x08001460                GPIO_PinAFConfig
 .text.vListInitialise
                0x08001498       0x18 ..\obj\list.o
                0x08001498                vListInitialise
 .text.vListInitialiseItem
                0x080014b0        0x8 ..\obj\list.o
                0x080014b0                vListInitialiseItem
 .text.vListInsertEnd
                0x080014b8       0x20 ..\obj\list.o
                0x080014b8                vListInsertEnd
 .text.vListInsert
                0x080014d8       0x3c ..\obj\list.o
                0x080014d8                vListInsert
 .text.uxListRemove
                0x08001514       0x2c ..\obj\list.o
                0x08001514                uxListRemove
 .text.SystemInit
                0x08001540      0x138 ..\obj\system_stm32f4xx.o
                0x08001540                SystemInit
 .text.DMA_DeInit
                0x08001678      0x1f4 ..\obj\stm32f4xx_dma.o
                0x08001678                DMA_DeInit
 .text.DMA_Init
                0x0800186c       0x58 ..\obj\stm32f4xx_dma.o
                0x0800186c                DMA_Init
 .text.DMA_Cmd  0x080018c4       0x18 ..\obj\stm32f4xx_dma.o
                0x080018c4                DMA_Cmd
 .text.DMA_GetCmdStatus
                0x080018dc        0x8 ..\obj\stm32f4xx_dma.o
                0x080018dc                DMA_GetCmdStatus
 .text.prvCopyDataFromQueue
                0x080018e4       0x24 ..\obj\queue.o
 .text.prvUnlockQueue
                0x08001908       0x84 ..\obj\queue.o
 .text.prvCopyDataToQueue
                0x0800198c       0x64 ..\obj\queue.o
 .text.xQueueGenericReset
                0x080019f0       0x64 ..\obj\queue.o
                0x080019f0                xQueueGenericReset
 .text.xQueueGenericCreate
                0x08001a54       0x50 ..\obj\queue.o
                0x08001a54                xQueueGenericCreate
 .text.xQueueGenericSend
                0x08001aa4       0xe4 ..\obj\queue.o
                0x08001aa4                xQueueGenericSend
 .text.xQueueGenericSendFromISR
                0x08001b88       0x7c ..\obj\queue.o
                0x08001b88                xQueueGenericSendFromISR
 .text.xQueueGenericReceive
                0x08001c04      0x118 ..\obj\queue.o
                0x08001c04                xQueueGenericReceive
 .text.prvPortStartFirstTask
                0x08001d1c       0x14 ..\obj\port.o
 .text.vPortEnableVFP
                0x08001d30       0x14 ..\obj\port.o
 .text.pxPortInitialiseStack
                0x08001d44       0x28 ..\obj\port.o
                0x08001d44                pxPortInitialiseStack
 .text.SVC_Handler
                0x08001d6c       0x1c ..\obj\port.o
                0x08001d6c                SVC_Handler
 .text.vPortYield
                0x08001d88       0x18 ..\obj\port.o
                0x08001d88                vPortYield
 .text.ulPortSetInterruptMask
                0x08001da0       0x14 ..\obj\port.o
                0x08001da0                ulPortSetInterruptMask
 .text.vPortEnterCritical
                0x08001db4       0x20 ..\obj\port.o
                0x08001db4                vPortEnterCritical
 .text.vPortClearInterruptMask
                0x08001dd4        0x8 ..\obj\port.o
                0x08001dd4                vPortClearInterruptMask
 .text.vPortExitCritical
                0x08001ddc       0x20 ..\obj\port.o
                0x08001ddc                vPortExitCritical
 .text.PendSV_Handler
                0x08001dfc       0x50 ..\obj\port.o
                0x08001dfc                PendSV_Handler
 .text.SysTick_Handler
                0x08001e4c       0x24 ..\obj\port.o
                0x08001e4c                SysTick_Handler
 .text.vPortSetupTimerInterrupt
                0x08001e70       0x24 ..\obj\port.o
                0x08001e70                vPortSetupTimerInterrupt
 .text.xPortStartScheduler
                0x08001e94       0x48 ..\obj\port.o
                0x08001e94                xPortStartScheduler
 .text.I2C_Init
                0x08001edc      0x100 ..\obj\stm32f4xx_i2c.o
                0x08001edc                I2C_Init
 .text.I2C_Cmd  0x08001fdc       0x20 ..\obj\stm32f4xx_i2c.o
                0x08001fdc                I2C_Cmd
 .text.I2C_GenerateSTART
                0x08001ffc       0x20 ..\obj\stm32f4xx_i2c.o
                0x08001ffc                I2C_GenerateSTART
 .text.I2C_GenerateSTOP
                0x0800201c       0x20 ..\obj\stm32f4xx_i2c.o
                0x0800201c                I2C_GenerateSTOP
 .text.I2C_Send7bitAddress
                0x0800203c       0x10 ..\obj\stm32f4xx_i2c.o
                0x0800203c                I2C_Send7bitAddress
 .text.I2C_AcknowledgeConfig
                0x0800204c       0x20 ..\obj\stm32f4xx_i2c.o
                0x0800204c                I2C_AcknowledgeConfig
 .text.I2C_SendData
                0x0800206c        0x4 ..\obj\stm32f4xx_i2c.o
                0x0800206c                I2C_SendData
 .text.I2C_ReceiveData
                0x08002070        0x8 ..\obj\stm32f4xx_i2c.o
                0x08002070                I2C_ReceiveData
 .text.I2C_CheckEvent
                0x08002078       0x1c ..\obj\stm32f4xx_i2c.o
                0x08002078                I2C_CheckEvent
 .text.I2C_GetFlagStatus
                0x08002094       0x40 ..\obj\stm32f4xx_i2c.o
                0x08002094                I2C_GetFlagStatus
 .text.NVIC_Init
                0x080020d4       0x88 ..\obj\misc.o
                0x080020d4                NVIC_Init
 .text.delayx   0x0800215c       0x10 ..\obj\ov7670.o
                0x0800215c                delayx
 .text.ov7670_get
                0x0800216c       0x58 ..\obj\ov7670.o
                0x0800216c                ov7670_get
 .text.ov7670_set
                0x080021c4       0x40 ..\obj\ov7670.o
                0x080021c4                ov7670_set
 .text.ov7670_init
                0x08002204      0x5b4 ..\obj\ov7670.o
                0x08002204                ov7670_init
 .text.DMA_init
                0x080027b8       0xd8 ..\obj\ov7670.o
                0x080027b8                DMA_init
 .text.DCMI_init
                0x08002890      0x190 ..\obj\ov7670.o
                0x08002890                DCMI_init
 .text.pvPortMalloc
                0x08002a20       0xec ..\obj\heap_2.o
                0x08002a20                pvPortMalloc
 .text.vPortFree
                0x08002b0c       0x44 ..\obj\heap_2.o
                0x08002b0c                vPortFree
 .text.memcpy   0x08002b50       0x84 ..\..\..\..\..\..\..\dev\gcc-arm\arm-none-eabi\lib\armv7e-m\fpu\libg.a(lib_a-memcpy.o)
                0x08002b50                memcpy
 .text.memset   0x08002bd4       0x90 ..\..\..\..\..\..\..\dev\gcc-arm\arm-none-eabi\lib\armv7e-m\fpu\libg.a(lib_a-memset.o)
                0x08002bd4                memset
 .text.strncpy  0x08002c64       0x68 ..\..\..\..\..\..\..\dev\gcc-arm\arm-none-eabi\lib\armv7e-m\fpu\libg.a(lib_a-strncpy.o)
                0x08002c64                strncpy
 *(.glue_7t)
 .glue_7t       0x00000000        0x0 linker stubs
 *(.glue_7)
 .glue_7        0x00000000        0x0 linker stubs
 *(.rodata .rodata* .gnu.linkonce.r.*)
 .rodata.str1.4
                0x08002ccc       0x1f ..\obj\main.o
                                 0x20 (size before relaxing)
 *fill*         0x08002ceb        0x1 00
 .rodata.str1.4
                0x08002cec        0x8 ..\obj\tasks.o

.vfp11_veneer   0x08002cf4        0x0
 .vfp11_veneer  0x00000000        0x0 linker stubs

.v4_bx          0x08002cf4        0x0
 .v4_bx         0x00000000        0x0 linker stubs

.ARM.extab
 *(.ARM.extab* .gnu.linkonce.armextab.*)
                0x08002cf4                __exidx_start = .

.ARM.exidx
 *(.ARM.exidx* .gnu.linkonce.armexidx.*)
                0x08002cf4                __exidx_end = .
                0x08002cf4                . = ALIGN (0x4)
                0x08002cf4                _etext = .
                0x08002cf4                _sidata = .

.data           0x20000000       0x1c load address 0x08002cf4
                0x20000000                _sdata = .
 *(.data .data.*)
 .data          0x20000000       0x10 ..\obj\stm32f4xx_rcc.o
 .data          0x20000010        0x4 ..\obj\tasks.o
 .data          0x20000014        0x4 ..\obj\port.o
 .data          0x20000018        0x4 ..\obj\heap_2.o
                0x2000001c                . = ALIGN (0x4)
                0x2000001c                _edata = .

.bss            0x2000001c     0xd3f4 load address 0x08002d10
                0x2000001c                _sbss = .
 *(.bss .bss.*)
 .bss           0x2000001c       0x30 ..\obj\main.o
                0x20000048                xSemPictureReady
 .bss           0x2000004c      0x1b0 ..\obj\tasks.o
                0x2000004c                pxCurrentTCB
 .bss           0x200001fc      0xc14 ..\obj\heap_2.o
 *(COMMON)
 COMMON         0x20000e10     0xc600 ..\obj\main.o
                0x20000e10                RAM_Buffer
                0x2000d410                . = ALIGN (0x4)
                0x2000d410                _ebss = .

.co_stack       0x2000d410      0x800 load address 0x08010104
                0x2000d410                . = ALIGN (0x8)
 *(.co_stack .co_stack.*)
 .co_stack      0x2000d410      0x800 ..\obj\startup_stm32f4xx.o
                0x2000d410                pulStack
                0x2000dc10                . = ALIGN (0x4)
                0x2000dc10                _end = .
LOAD ..\obj\i2c.o
LOAD ..\obj\stm32f4xx_usart.o
LOAD ..\obj\startup_stm32f4xx.o
LOAD ..\obj\main.o
LOAD ..\obj\stm32f4xx_rcc.o
LOAD ..\obj\timers.o
LOAD ..\obj\printf.o
LOAD ..\obj\stm32f4xx_dcmi.o
LOAD ..\obj\tasks.o
LOAD ..\obj\stm32f4xx_gpio.o
LOAD ..\obj\list.o
LOAD ..\obj\system_stm32f4xx.o
LOAD ..\obj\syscalls.o
LOAD ..\obj\stm32f4xx_dma.o
LOAD ..\obj\queue.o
LOAD ..\obj\port.o
LOAD ..\obj\croutine.o
LOAD ..\obj\stm32f4xx_i2c.o
LOAD ..\obj\misc.o
LOAD ..\obj\ov7670.o
LOAD ..\obj\heap_2.o
LOAD ..\obj\stm32f4xx_tim.o
LOAD ..\..\..\..\..\..\..\dev\gcc-arm\arm-none-eabi\lib\armv7e-m\fpu\libm.a
START GROUP
LOAD e:/dev/gcc-arm/bin/../lib/gcc/arm-none-eabi/4.6.2/armv7e-m\libgcc.a
LOAD ..\..\..\..\..\..\..\dev\gcc-arm\arm-none-eabi\lib\armv7e-m\fpu\libg.a
LOAD ..\..\..\..\..\..\..\dev\gcc-arm\arm-none-eabi\lib\armv7e-m\fpu\libc.a
END GROUP
OUTPUT(ov7670.elf elf32-littlearm)

.debug_info     0x00000000     0xb09a
 .debug_info    0x00000000      0x575 ..\obj\i2c.o
 .debug_info    0x00000575      0xa36 ..\obj\stm32f4xx_usart.o
 .debug_info    0x00000fab      0x144 ..\obj\startup_stm32f4xx.o
 .debug_info    0x000010ef      0xae7 ..\obj\main.o
 .debug_info    0x00001bd6      0xd0d ..\obj\stm32f4xx_rcc.o
 .debug_info    0x000028e3       0x4c ..\obj\timers.o
 .debug_info    0x0000292f     0x10dd ..\obj\printf.o
 .debug_info    0x00003a0c      0x58f ..\obj\stm32f4xx_dcmi.o
 .debug_info    0x00003f9b      0xabd ..\obj\tasks.o
 .debug_info    0x00004a58      0x62b ..\obj\stm32f4xx_gpio.o
 .debug_info    0x00005083      0x2a5 ..\obj\list.o
 .debug_info    0x00005328      0x641 ..\obj\system_stm32f4xx.o
 .debug_info    0x00005969      0x43a ..\obj\syscalls.o
 .debug_info    0x00005da3      0x78d ..\obj\stm32f4xx_dma.o
 .debug_info    0x00006530      0x884 ..\obj\queue.o
 .debug_info    0x00006db4      0x21b ..\obj\port.o
 .debug_info    0x00006fcf      0x50d ..\obj\croutine.o
 .debug_info    0x000074dc      0xb69 ..\obj\stm32f4xx_i2c.o
 .debug_info    0x00008045      0x596 ..\obj\misc.o
 .debug_info    0x000085db      0x9c1 ..\obj\ov7670.o
 .debug_info    0x00008f9c      0x2c3 ..\obj\heap_2.o
 .debug_info    0x0000925f     0x1e3b ..\obj\stm32f4xx_tim.o

.debug_abbrev   0x00000000     0x230b
 .debug_abbrev  0x00000000      0x12f ..\obj\i2c.o
 .debug_abbrev  0x0000012f      0x1ab ..\obj\stm32f4xx_usart.o
 .debug_abbrev  0x000002da       0xb9 ..\obj\startup_stm32f4xx.o
 .debug_abbrev  0x00000393      0x245 ..\obj\main.o
 .debug_abbrev  0x000005d8      0x1f6 ..\obj\stm32f4xx_rcc.o
 .debug_abbrev  0x000007ce       0x28 ..\obj\timers.o
 .debug_abbrev  0x000007f6      0x2f8 ..\obj\printf.o
 .debug_abbrev  0x00000aee      0x1af ..\obj\stm32f4xx_dcmi.o
 .debug_abbrev  0x00000c9d      0x266 ..\obj\tasks.o
 .debug_abbrev  0x00000f03      0x1ce ..\obj\stm32f4xx_gpio.o
 .debug_abbrev  0x000010d1       0xed ..\obj\list.o
 .debug_abbrev  0x000011be      0x16c ..\obj\system_stm32f4xx.o
 .debug_abbrev  0x0000132a       0xed ..\obj\syscalls.o
 .debug_abbrev  0x00001417      0x19c ..\obj\stm32f4xx_dma.o
 .debug_abbrev  0x000015b3      0x1a8 ..\obj\queue.o
 .debug_abbrev  0x0000175b      0x16e ..\obj\port.o
 .debug_abbrev  0x000018c9      0x1e4 ..\obj\croutine.o
 .debug_abbrev  0x00001aad      0x194 ..\obj\stm32f4xx_i2c.o
 .debug_abbrev  0x00001c41      0x14c ..\obj\misc.o
 .debug_abbrev  0x00001d8d      0x1f5 ..\obj\ov7670.o
 .debug_abbrev  0x00001f82      0x184 ..\obj\heap_2.o
 .debug_abbrev  0x00002106      0x205 ..\obj\stm32f4xx_tim.o

.debug_loc      0x00000000     0x58bd
 .debug_loc     0x00000000      0x190 ..\obj\i2c.o
 .debug_loc     0x00000190      0x67d ..\obj\stm32f4xx_usart.o
 .debug_loc     0x0000080d       0x33 ..\obj\startup_stm32f4xx.o
 .debug_loc     0x00000840      0x1e0 ..\obj\main.o
 .debug_loc     0x00000a20      0x779 ..\obj\stm32f4xx_rcc.o
 .debug_loc     0x00001199      0xa5c ..\obj\printf.o
 .debug_loc     0x00001bf5      0x17c ..\obj\stm32f4xx_dcmi.o
 .debug_loc     0x00001d71      0x6eb ..\obj\tasks.o
 .debug_loc     0x0000245c      0x280 ..\obj\stm32f4xx_gpio.o
 .debug_loc     0x000026dc       0x9a ..\obj\list.o
 .debug_loc     0x00002776      0x19a ..\obj\system_stm32f4xx.o
 .debug_loc     0x00002910       0x98 ..\obj\syscalls.o
 .debug_loc     0x000029a8      0x34c ..\obj\stm32f4xx_dma.o
 .debug_loc     0x00002cf4      0x8d8 ..\obj\queue.o
 .debug_loc     0x000035cc       0xf5 ..\obj\port.o
 .debug_loc     0x000036c1      0x206 ..\obj\croutine.o
 .debug_loc     0x000038c7      0x651 ..\obj\stm32f4xx_i2c.o
 .debug_loc     0x00003f18      0x130 ..\obj\misc.o
 .debug_loc     0x00004048      0x15d ..\obj\ov7670.o
 .debug_loc     0x000041a5      0x24e ..\obj\heap_2.o
 .debug_loc     0x000043f3     0x14ca ..\obj\stm32f4xx_tim.o

.debug_aranges  0x00000000      0xd58
 .debug_aranges
                0x00000000       0x48 ..\obj\i2c.o
 .debug_aranges
                0x00000048      0x100 ..\obj\stm32f4xx_usart.o
 .debug_aranges
                0x00000148       0x28 ..\obj\startup_stm32f4xx.o
 .debug_aranges
                0x00000170       0x68 ..\obj\main.o
 .debug_aranges
                0x000001d8      0x178 ..\obj\stm32f4xx_rcc.o
 .debug_aranges
                0x00000350       0xa0 ..\obj\printf.o
 .debug_aranges
                0x000003f0       0x90 ..\obj\stm32f4xx_dcmi.o
 .debug_aranges
                0x00000480       0xc0 ..\obj\tasks.o
 .debug_aranges
                0x00000540       0x88 ..\obj\stm32f4xx_gpio.o
 .debug_aranges
                0x000005c8       0x40 ..\obj\list.o
 .debug_aranges
                0x00000608       0x28 ..\obj\system_stm32f4xx.o
 .debug_aranges
                0x00000630       0x60 ..\obj\syscalls.o
 .debug_aranges
                0x00000690       0xb0 ..\obj\stm32f4xx_dma.o
 .debug_aranges
                0x00000740       0x90 ..\obj\queue.o
 .debug_aranges
                0x000007d0       0x88 ..\obj\port.o
 .debug_aranges
                0x00000858       0x38 ..\obj\croutine.o
 .debug_aranges
                0x00000890      0x120 ..\obj\stm32f4xx_i2c.o
 .debug_aranges
                0x000009b0       0x40 ..\obj\misc.o
 .debug_aranges
                0x000009f0       0x48 ..\obj\ov7670.o
 .debug_aranges
                0x00000a38       0x38 ..\obj\heap_2.o
 .debug_aranges
                0x00000a70      0x2e8 ..\obj\stm32f4xx_tim.o

.debug_ranges   0x00000000      0xc68
 .debug_ranges  0x00000000       0x38 ..\obj\i2c.o
 .debug_ranges  0x00000038       0xf0 ..\obj\stm32f4xx_usart.o
 .debug_ranges  0x00000128       0x18 ..\obj\startup_stm32f4xx.o
 .debug_ranges  0x00000140       0x58 ..\obj\main.o
 .debug_ranges  0x00000198      0x168 ..\obj\stm32f4xx_rcc.o
 .debug_ranges  0x00000300       0x90 ..\obj\printf.o
 .debug_ranges  0x00000390       0x80 ..\obj\stm32f4xx_dcmi.o
 .debug_ranges  0x00000410      0x110 ..\obj\tasks.o
 .debug_ranges  0x00000520       0x78 ..\obj\stm32f4xx_gpio.o
 .debug_ranges  0x00000598       0x30 ..\obj\list.o
 .debug_ranges  0x000005c8       0x18 ..\obj\system_stm32f4xx.o
 .debug_ranges  0x000005e0       0x50 ..\obj\syscalls.o
 .debug_ranges  0x00000630       0xa0 ..\obj\stm32f4xx_dma.o
 .debug_ranges  0x000006d0       0x80 ..\obj\queue.o
 .debug_ranges  0x00000750       0x78 ..\obj\port.o
 .debug_ranges  0x000007c8       0x28 ..\obj\croutine.o
 .debug_ranges  0x000007f0      0x110 ..\obj\stm32f4xx_i2c.o
 .debug_ranges  0x00000900       0x30 ..\obj\misc.o
 .debug_ranges  0x00000930       0x38 ..\obj\ov7670.o
 .debug_ranges  0x00000968       0x28 ..\obj\heap_2.o
 .debug_ranges  0x00000990      0x2d8 ..\obj\stm32f4xx_tim.o

.debug_line     0x00000000     0x4042
 .debug_line    0x00000000      0x23b ..\obj\i2c.o
 .debug_line    0x0000023b      0x434 ..\obj\stm32f4xx_usart.o
 .debug_line    0x0000066f       0x96 ..\obj\startup_stm32f4xx.o
 .debug_line    0x00000705      0x3cb ..\obj\main.o
 .debug_line    0x00000ad0      0x515 ..\obj\stm32f4xx_rcc.o
 .debug_line    0x00000fe5       0x1d ..\obj\timers.o
 .debug_line    0x00001002      0x427 ..\obj\printf.o
 .debug_line    0x00001429      0x2c7 ..\obj\stm32f4xx_dcmi.o
 .debug_line    0x000016f0      0x3ef ..\obj\tasks.o
 .debug_line    0x00001adf      0x2d1 ..\obj\stm32f4xx_gpio.o
 .debug_line    0x00001db0      0x12e ..\obj\list.o
 .debug_line    0x00001ede      0x1ad ..\obj\system_stm32f4xx.o
 .debug_line    0x0000208b      0x169 ..\obj\syscalls.o
 .debug_line    0x000021f4      0x368 ..\obj\stm32f4xx_dma.o
 .debug_line    0x0000255c      0x313 ..\obj\queue.o
 .debug_line    0x0000286f      0x1d2 ..\obj\port.o
 .debug_line    0x00002a41      0x183 ..\obj\croutine.o
 .debug_line    0x00002bc4      0x46b ..\obj\stm32f4xx_i2c.o
 .debug_line    0x0000302f      0x1e4 ..\obj\misc.o
 .debug_line    0x00003213      0x33d ..\obj\ov7670.o
 .debug_line    0x00003550      0x143 ..\obj\heap_2.o
 .debug_line    0x00003693      0x9af ..\obj\stm32f4xx_tim.o

.debug_str      0x00000000     0x4580
 .debug_str     0x00000000      0x3e4 ..\obj\i2c.o
                                0x425 (size before relaxing)
 .debug_str     0x000003e4      0x4b1 ..\obj\stm32f4xx_usart.o
                                0x627 (size before relaxing)
 .debug_str     0x00000895       0xae ..\obj\startup_stm32f4xx.o
                                0x116 (size before relaxing)
 .debug_str     0x00000943      0x337 ..\obj\main.o
                                0x6d1 (size before relaxing)
 .debug_str     0x00000c7a      0x5c7 ..\obj\stm32f4xx_rcc.o
                                0x7e8 (size before relaxing)
 .debug_str     0x00001241       0x3c ..\obj\timers.o
                                 0xcc (size before relaxing)
 .debug_str     0x0000127d      0x49f ..\obj\printf.o
                                0x6a7 (size before relaxing)
 .debug_str     0x0000171c      0x320 ..\obj\stm32f4xx_dcmi.o
                                0x471 (size before relaxing)
 .debug_str     0x00001a3c      0x5ef ..\obj\tasks.o
                                0x740 (size before relaxing)
 .debug_str     0x0000202b      0x19c ..\obj\stm32f4xx_gpio.o
                                0x43b (size before relaxing)
 .debug_str     0x000021c7       0xce ..\obj\list.o
                                0x23e (size before relaxing)
 .debug_str     0x00002295      0x116 ..\obj\system_stm32f4xx.o
                                0x342 (size before relaxing)
 .debug_str     0x000023ab      0x148 ..\obj\syscalls.o
                                0x291 (size before relaxing)
 .debug_str     0x000024f3      0x36d ..\obj\stm32f4xx_dma.o
                                0x4e4 (size before relaxing)
 .debug_str     0x00002860      0x2f2 ..\obj\queue.o
                                0x4f2 (size before relaxing)
 .debug_str     0x00002b52      0x177 ..\obj\port.o
                                0x23a (size before relaxing)
 .debug_str     0x00002cc9      0x272 ..\obj\croutine.o
                                0x40c (size before relaxing)
 .debug_str     0x00002f3b      0x339 ..\obj\stm32f4xx_i2c.o
                                0x5fd (size before relaxing)
 .debug_str     0x00003274      0x1d0 ..\obj\misc.o
                                0x371 (size before relaxing)
 .debug_str     0x00003444      0x5d1 ..\obj\ov7670.o
                                0xb2e (size before relaxing)
 .debug_str     0x00003a15      0x16f ..\obj\heap_2.o
                                0x253 (size before relaxing)
 .debug_str     0x00003b84      0x9fc ..\obj\stm32f4xx_tim.o
                                0xd68 (size before relaxing)

.comment        0x00000000       0x70
 .comment       0x00000000       0x70 ..\obj\i2c.o
                                 0x71 (size before relaxing)
 .comment       0x00000000       0x71 ..\obj\stm32f4xx_usart.o
 .comment       0x00000000       0x71 ..\obj\startup_stm32f4xx.o
 .comment       0x00000000       0x71 ..\obj\main.o
 .comment       0x00000000       0x71 ..\obj\stm32f4xx_rcc.o
 .comment       0x00000000       0x71 ..\obj\timers.o
 .comment       0x00000000       0x71 ..\obj\printf.o
 .comment       0x00000000       0x71 ..\obj\stm32f4xx_dcmi.o
 .comment       0x00000000       0x71 ..\obj\tasks.o
 .comment       0x00000000       0x71 ..\obj\stm32f4xx_gpio.o
 .comment       0x00000000       0x71 ..\obj\list.o
 .comment       0x00000000       0x71 ..\obj\system_stm32f4xx.o
 .comment       0x00000000       0x71 ..\obj\syscalls.o
 .comment       0x00000000       0x71 ..\obj\stm32f4xx_dma.o
 .comment       0x00000000       0x71 ..\obj\queue.o
 .comment       0x00000000       0x71 ..\obj\port.o
 .comment       0x00000000       0x71 ..\obj\croutine.o
 .comment       0x00000000       0x71 ..\obj\stm32f4xx_i2c.o
 .comment       0x00000000       0x71 ..\obj\misc.o
 .comment       0x00000000       0x71 ..\obj\ov7670.o
 .comment       0x00000000       0x71 ..\obj\heap_2.o
 .comment       0x00000000       0x71 ..\obj\stm32f4xx_tim.o

.ARM.attributes
                0x00000000       0x3b
 .ARM.attributes
                0x00000000       0x3b ..\obj\i2c.o
 .ARM.attributes
                0x0000003b       0x3b ..\obj\stm32f4xx_usart.o
 .ARM.attributes
                0x00000076       0x3b ..\obj\startup_stm32f4xx.o
 .ARM.attributes
                0x000000b1       0x3b ..\obj\main.o
 .ARM.attributes
                0x000000ec       0x3b ..\obj\stm32f4xx_rcc.o
 .ARM.attributes
                0x00000127       0x3b ..\obj\timers.o
 .ARM.attributes
                0x00000162       0x3b ..\obj\printf.o
 .ARM.attributes
                0x0000019d       0x3b ..\obj\stm32f4xx_dcmi.o
 .ARM.attributes
                0x000001d8       0x3b ..\obj\tasks.o
 .ARM.attributes
                0x00000213       0x3b ..\obj\stm32f4xx_gpio.o
 .ARM.attributes
                0x0000024e       0x3b ..\obj\list.o
 .ARM.attributes
                0x00000289       0x3b ..\obj\system_stm32f4xx.o
 .ARM.attributes
                0x000002c4       0x3b ..\obj\syscalls.o
 .ARM.attributes
                0x000002ff       0x3b ..\obj\stm32f4xx_dma.o
 .ARM.attributes
                0x0000033a       0x3b ..\obj\queue.o
 .ARM.attributes
                0x00000375       0x3b ..\obj\port.o
 .ARM.attributes
                0x000003b0       0x3b ..\obj\croutine.o
 .ARM.attributes
                0x000003eb       0x3b ..\obj\stm32f4xx_i2c.o
 .ARM.attributes
                0x00000426       0x3b ..\obj\misc.o
 .ARM.attributes
                0x00000461       0x3b ..\obj\ov7670.o
 .ARM.attributes
                0x0000049c       0x3b ..\obj\heap_2.o
 .ARM.attributes
                0x000004d7       0x3b ..\obj\stm32f4xx_tim.o
 .ARM.attributes
                0x00000512       0x36 ..\..\..\..\..\..\..\dev\gcc-arm\arm-none-eabi\lib\armv7e-m\fpu\libg.a(lib_a-memcpy.o)
 .ARM.attributes
                0x00000548       0x36 ..\..\..\..\..\..\..\dev\gcc-arm\arm-none-eabi\lib\armv7e-m\fpu\libg.a(lib_a-memset.o)
 .ARM.attributes
                0x0000057e       0x36 ..\..\..\..\..\..\..\dev\gcc-arm\arm-none-eabi\lib\armv7e-m\fpu\libg.a(lib_a-strncpy.o)

.debug_frame    0x00000000     0x1dd4
 .debug_frame   0x00000000       0xb8 ..\obj\i2c.o
 .debug_frame   0x000000b8      0x20c ..\obj\stm32f4xx_usart.o
 .debug_frame   0x000002c4       0x38 ..\obj\startup_stm32f4xx.o
 .debug_frame   0x000002fc      0x12c ..\obj\main.o
 .debug_frame   0x00000428      0x2e4 ..\obj\stm32f4xx_rcc.o
 .debug_frame   0x0000070c      0x214 ..\obj\printf.o
 .debug_frame   0x00000920      0x108 ..\obj\stm32f4xx_dcmi.o
 .debug_frame   0x00000a28      0x20c ..\obj\tasks.o
 .debug_frame   0x00000c34      0x118 ..\obj\stm32f4xx_gpio.o
 .debug_frame   0x00000d4c       0x68 ..\obj\list.o
 .debug_frame   0x00000db4       0x34 ..\obj\system_stm32f4xx.o
 .debug_frame   0x00000de8       0xa0 ..\obj\syscalls.o
 .debug_frame   0x00000e88      0x168 ..\obj\stm32f4xx_dma.o
 .debug_frame   0x00000ff0      0x1a4 ..\obj\queue.o
 .debug_frame   0x00001194      0x110 ..\obj\port.o
 .debug_frame   0x000012a4       0x8c ..\obj\croutine.o
 .debug_frame   0x00001330      0x240 ..\obj\stm32f4xx_i2c.o
 .debug_frame   0x00001570       0x68 ..\obj\misc.o
 .debug_frame   0x000015d8       0xb4 ..\obj\ov7670.o
 .debug_frame   0x0000168c       0x68 ..\obj\heap_2.o
 .debug_frame   0x000016f4      0x65c ..\obj\stm32f4xx_tim.o
 .debug_frame   0x00001d50       0x2c ..\..\..\..\..\..\..\dev\gcc-arm\arm-none-eabi\lib\armv7e-m\fpu\libg.a(lib_a-memcpy.o)
 .debug_frame   0x00001d7c       0x2c ..\..\..\..\..\..\..\dev\gcc-arm\arm-none-eabi\lib\armv7e-m\fpu\libg.a(lib_a-memset.o)
 .debug_frame   0x00001da8       0x2c ..\..\..\..\..\..\..\dev\gcc-arm\arm-none-eabi\lib\armv7e-m\fpu\libg.a(lib_a-strncpy.o)
