
Allocating common symbols
Common symbol       size              file

RAM_Buffer          0xc600            ..\obj\main.o

Discarded input sections

 .text          0x00000000        0x0 ..\obj\stm32f4xx_usart.o
 .data          0x00000000        0x0 ..\obj\stm32f4xx_usart.o
 .bss           0x00000000        0x0 ..\obj\stm32f4xx_usart.o
 .text.USART_DeInit
                0x00000000      0x100 ..\obj\stm32f4xx_usart.o
 .text.USART_StructInit
                0x00000000       0x44 ..\obj\stm32f4xx_usart.o
 .text.USART_ClockInit
                0x00000000       0x54 ..\obj\stm32f4xx_usart.o
 .text.USART_ClockStructInit
                0x00000000       0x34 ..\obj\stm32f4xx_usart.o
 .text.USART_SetPrescaler
                0x00000000       0x38 ..\obj\stm32f4xx_usart.o
 .text.USART_OneBitMethodCmd
                0x00000000       0x40 ..\obj\stm32f4xx_usart.o
 .text.USART_SetAddress
                0x00000000       0x38 ..\obj\stm32f4xx_usart.o
 .text.USART_ReceiverWakeUpCmd
                0x00000000       0x40 ..\obj\stm32f4xx_usart.o
 .text.USART_WakeUpConfig
                0x00000000       0x38 ..\obj\stm32f4xx_usart.o
 .text.USART_LINBreakDetectLengthConfig
                0x00000000       0x38 ..\obj\stm32f4xx_usart.o
 .text.USART_LINCmd
                0x00000000       0x40 ..\obj\stm32f4xx_usart.o
 .text.USART_SendBreak
                0x00000000       0x24 ..\obj\stm32f4xx_usart.o
 .text.USART_HalfDuplexCmd
                0x00000000       0x40 ..\obj\stm32f4xx_usart.o
 .text.USART_SetGuardTime
                0x00000000       0x3c ..\obj\stm32f4xx_usart.o
 .text.USART_SmartCardCmd
                0x00000000       0x40 ..\obj\stm32f4xx_usart.o
 .text.USART_SmartCardNACKCmd
                0x00000000       0x40 ..\obj\stm32f4xx_usart.o
 .text.USART_IrDAConfig
                0x00000000       0x38 ..\obj\stm32f4xx_usart.o
 .text.USART_IrDACmd
                0x00000000       0x40 ..\obj\stm32f4xx_usart.o
 .text.USART_DMACmd
                0x00000000       0x48 ..\obj\stm32f4xx_usart.o
 .text.USART_ITConfig
                0x00000000       0xa4 ..\obj\stm32f4xx_usart.o
 .text.USART_ClearFlag
                0x00000000       0x24 ..\obj\stm32f4xx_usart.o
 .text.USART_GetITStatus
                0x00000000       0xc4 ..\obj\stm32f4xx_usart.o
 .text.USART_ClearITPendingBit
                0x00000000       0x44 ..\obj\stm32f4xx_usart.o
 .text          0x00000000        0x0 ..\obj\startup_stm32f4xx.o
 .data          0x00000000        0x0 ..\obj\startup_stm32f4xx.o
 .bss           0x00000000        0x0 ..\obj\startup_stm32f4xx.o
 .text          0x00000000        0x0 ..\obj\main.o
 .data          0x00000000        0x0 ..\obj\main.o
 .text.I2C_read_ack
                0x00000000       0x40 ..\obj\main.o
 .text          0x00000000        0x0 ..\obj\stm32f4xx_rcc.o
 .bss           0x00000000        0x0 ..\obj\stm32f4xx_rcc.o
 .text.RCC_DeInit
                0x00000000       0x84 ..\obj\stm32f4xx_rcc.o
 .text.RCC_HSEConfig
                0x00000000       0x30 ..\obj\stm32f4xx_rcc.o
 .text.RCC_WaitForHSEStartUp
                0x00000000       0x64 ..\obj\stm32f4xx_rcc.o
 .text.RCC_AdjustHSICalibrationValue
                0x00000000       0x48 ..\obj\stm32f4xx_rcc.o
 .text.RCC_HSICmd
                0x00000000       0x20 ..\obj\stm32f4xx_rcc.o
 .text.RCC_LSEConfig
                0x00000000       0x60 ..\obj\stm32f4xx_rcc.o
 .text.RCC_LSICmd
                0x00000000       0x20 ..\obj\stm32f4xx_rcc.o
 .text.RCC_PLLConfig
                0x00000000       0x48 ..\obj\stm32f4xx_rcc.o
 .text.RCC_PLLCmd
                0x00000000       0x20 ..\obj\stm32f4xx_rcc.o
 .text.RCC_PLLI2SConfig
                0x00000000       0x30 ..\obj\stm32f4xx_rcc.o
 .text.RCC_PLLI2SCmd
                0x00000000       0x20 ..\obj\stm32f4xx_rcc.o
 .text.RCC_ClockSecuritySystemCmd
                0x00000000       0x20 ..\obj\stm32f4xx_rcc.o
 .text.RCC_MCO2Config
                0x00000000       0x48 ..\obj\stm32f4xx_rcc.o
 .text.RCC_SYSCLKConfig
                0x00000000       0x40 ..\obj\stm32f4xx_rcc.o
 .text.RCC_GetSYSCLKSource
                0x00000000       0x20 ..\obj\stm32f4xx_rcc.o
 .text.RCC_HCLKConfig
                0x00000000       0x40 ..\obj\stm32f4xx_rcc.o
 .text.RCC_PCLK1Config
                0x00000000       0x40 ..\obj\stm32f4xx_rcc.o
 .text.RCC_PCLK2Config
                0x00000000       0x44 ..\obj\stm32f4xx_rcc.o
 .text.RCC_RTCCLKConfig
                0x00000000       0x78 ..\obj\stm32f4xx_rcc.o
 .text.RCC_RTCCLKCmd
                0x00000000       0x20 ..\obj\stm32f4xx_rcc.o
 .text.RCC_BackupResetCmd
                0x00000000       0x20 ..\obj\stm32f4xx_rcc.o
 .text.RCC_I2SCLKConfig
                0x00000000       0x20 ..\obj\stm32f4xx_rcc.o
 .text.RCC_AHB3PeriphClockCmd
                0x00000000       0x58 ..\obj\stm32f4xx_rcc.o
 .text.RCC_APB2PeriphClockCmd
                0x00000000       0x58 ..\obj\stm32f4xx_rcc.o
 .text.RCC_AHB1PeriphResetCmd
                0x00000000       0x58 ..\obj\stm32f4xx_rcc.o
 .text.RCC_AHB2PeriphResetCmd
                0x00000000       0x58 ..\obj\stm32f4xx_rcc.o
 .text.RCC_AHB3PeriphResetCmd
                0x00000000       0x58 ..\obj\stm32f4xx_rcc.o
 .text.RCC_APB1PeriphResetCmd
                0x00000000       0x58 ..\obj\stm32f4xx_rcc.o
 .text.RCC_APB2PeriphResetCmd
                0x00000000       0x58 ..\obj\stm32f4xx_rcc.o
 .text.RCC_AHB1PeriphClockLPModeCmd
                0x00000000       0x58 ..\obj\stm32f4xx_rcc.o
 .text.RCC_AHB2PeriphClockLPModeCmd
                0x00000000       0x58 ..\obj\stm32f4xx_rcc.o
 .text.RCC_AHB3PeriphClockLPModeCmd
                0x00000000       0x58 ..\obj\stm32f4xx_rcc.o
 .text.RCC_APB1PeriphClockLPModeCmd
                0x00000000       0x58 ..\obj\stm32f4xx_rcc.o
 .text.RCC_APB2PeriphClockLPModeCmd
                0x00000000       0x58 ..\obj\stm32f4xx_rcc.o
 .text.RCC_ITConfig
                0x00000000       0x60 ..\obj\stm32f4xx_rcc.o
 .text.RCC_GetFlagStatus
                0x00000000       0x90 ..\obj\stm32f4xx_rcc.o
 .text.RCC_ClearFlag
                0x00000000       0x24 ..\obj\stm32f4xx_rcc.o
 .text.RCC_GetITStatus
                0x00000000       0x40 ..\obj\stm32f4xx_rcc.o
 .text.RCC_ClearITPendingBit
                0x00000000       0x20 ..\obj\stm32f4xx_rcc.o
 .text          0x00000000        0x0 ..\obj\printf.o
 .bss           0x00000000        0x0 ..\obj\printf.o
 .text.PutChar  0x00000000       0x24 ..\obj\printf.o
 .text.PutString
                0x00000000       0x48 ..\obj\printf.o
 .text.PutUnsignedInt
                0x00000000       0xbc ..\obj\printf.o
 .text.PutSignedInt
                0x00000000      0x130 ..\obj\printf.o
 .text.PutHexa  0x00000000       0xe8 ..\obj\printf.o
 .text.vsnprintf
                0x00000000      0x2b0 ..\obj\printf.o
 .text.snprintf
                0x00000000       0x34 ..\obj\printf.o
 .text.vsprintf
                0x00000000       0x28 ..\obj\printf.o
 .rodata        0x00000000       0x24 ..\obj\printf.o
 .text.vfprintf
                0x00000000       0x6c ..\obj\printf.o
 .text.vprintf  0x00000000       0x2c ..\obj\printf.o
 .text.fprintf  0x00000000       0x30 ..\obj\printf.o
 .text.printf   0x00000000       0x2c ..\obj\printf.o
 .text.sprintf  0x00000000       0x30 ..\obj\printf.o
 .text          0x00000000        0x0 ..\obj\stm32f4xx_dcmi.o
 .data          0x00000000        0x0 ..\obj\stm32f4xx_dcmi.o
 .bss           0x00000000        0x0 ..\obj\stm32f4xx_dcmi.o
 .text.DCMI_StructInit
                0x00000000       0x4c ..\obj\stm32f4xx_dcmi.o
 .text.DCMI_CROPConfig
                0x00000000       0x48 ..\obj\stm32f4xx_dcmi.o
 .text.DCMI_CROPCmd
                0x00000000       0x4c ..\obj\stm32f4xx_dcmi.o
 .text.DCMI_SetEmbeddedSynchroCodes
                0x00000000       0x40 ..\obj\stm32f4xx_dcmi.o
 .text.DCMI_JPEGCmd
                0x00000000       0x4c ..\obj\stm32f4xx_dcmi.o
 .text.DCMI_ReadData
                0x00000000       0x18 ..\obj\stm32f4xx_dcmi.o
 .text          0x00000000        0x0 ..\obj\stm32f4xx_gpio.o
 .data          0x00000000        0x0 ..\obj\stm32f4xx_gpio.o
 .bss           0x00000000        0x0 ..\obj\stm32f4xx_gpio.o
 .text.GPIO_DeInit
                0x00000000      0x178 ..\obj\stm32f4xx_gpio.o
 .text.GPIO_StructInit
                0x00000000       0x3c ..\obj\stm32f4xx_gpio.o
 .text.GPIO_PinLockConfig
                0x00000000       0x44 ..\obj\stm32f4xx_gpio.o
 .text.GPIO_ReadInputDataBit
                0x00000000       0x3c ..\obj\stm32f4xx_gpio.o
 .text.GPIO_ReadInputData
                0x00000000       0x1c ..\obj\stm32f4xx_gpio.o
 .text.GPIO_ReadOutputDataBit
                0x00000000       0x3c ..\obj\stm32f4xx_gpio.o
 .text.GPIO_ReadOutputData
                0x00000000       0x1c ..\obj\stm32f4xx_gpio.o
 .text.GPIO_SetBits
                0x00000000       0x1c ..\obj\stm32f4xx_gpio.o
 .text.GPIO_ResetBits
                0x00000000       0x1c ..\obj\stm32f4xx_gpio.o
 .text.GPIO_WriteBit
                0x00000000       0x30 ..\obj\stm32f4xx_gpio.o
 .text.GPIO_Write
                0x00000000       0x1c ..\obj\stm32f4xx_gpio.o
 .text.GPIO_ToggleBits
                0x00000000       0x24 ..\obj\stm32f4xx_gpio.o
 .text          0x00000000        0x0 ..\obj\system_stm32f4xx.o
 .data          0x00000000       0x14 ..\obj\system_stm32f4xx.o
 .bss           0x00000000        0x0 ..\obj\system_stm32f4xx.o
 .text.SystemCoreClockUpdate
                0x00000000      0x174 ..\obj\system_stm32f4xx.o
 .text          0x00000000        0x0 ..\obj\syscalls.o
 .data          0x00000000        0x0 ..\obj\syscalls.o
 .bss           0x00000000        0x4 ..\obj\syscalls.o
 .text._sbrk    0x00000000       0x5c ..\obj\syscalls.o
 .text.link     0x00000000       0x1c ..\obj\syscalls.o
 .text._close   0x00000000       0x18 ..\obj\syscalls.o
 .text._fstat   0x00000000       0x24 ..\obj\syscalls.o
 .text._isatty  0x00000000       0x18 ..\obj\syscalls.o
 .text._lseek   0x00000000       0x1c ..\obj\syscalls.o
 .text._read    0x00000000       0x1c ..\obj\syscalls.o
 .text._write   0x00000000       0x1c ..\obj\syscalls.o
 .text.abort    0x00000000        0x8 ..\obj\syscalls.o
 .text          0x00000000        0x0 ..\obj\stm32f4xx_dma.o
 .data          0x00000000        0x0 ..\obj\stm32f4xx_dma.o
 .bss           0x00000000        0x0 ..\obj\stm32f4xx_dma.o
 .text.DMA_StructInit
                0x00000000       0x8c ..\obj\stm32f4xx_dma.o
 .text.DMA_PeriphIncOffsetSizeConfig
                0x00000000       0x34 ..\obj\stm32f4xx_dma.o
 .text.DMA_FlowControllerConfig
                0x00000000       0x34 ..\obj\stm32f4xx_dma.o
 .text.DMA_SetCurrDataCounter
                0x00000000       0x1c ..\obj\stm32f4xx_dma.o
 .text.DMA_GetCurrDataCounter
                0x00000000       0x1c ..\obj\stm32f4xx_dma.o
 .text.DMA_DoubleBufferModeConfig
                0x00000000       0x3c ..\obj\stm32f4xx_dma.o
 .text.DMA_DoubleBufferModeCmd
                0x00000000       0x38 ..\obj\stm32f4xx_dma.o
 .text.DMA_MemoryTargetConfig
                0x00000000       0x2c ..\obj\stm32f4xx_dma.o
 .text.DMA_GetCurrentMemoryTarget
                0x00000000       0x38 ..\obj\stm32f4xx_dma.o
 .text.DMA_GetFIFOStatus
                0x00000000       0x28 ..\obj\stm32f4xx_dma.o
 .text.DMA_GetFlagStatus
                0x00000000       0x88 ..\obj\stm32f4xx_dma.o
 .text.DMA_ClearFlag
                0x00000000       0x64 ..\obj\stm32f4xx_dma.o
 .text.DMA_ITConfig
                0x00000000       0x78 ..\obj\stm32f4xx_dma.o
 .text.DMA_GetITStatus
                0x00000000       0xc8 ..\obj\stm32f4xx_dma.o
 .text.DMA_ClearITPendingBit
                0x00000000       0x64 ..\obj\stm32f4xx_dma.o
 .text          0x00000000        0x0 ..\obj\stm32f4xx_i2c.o
 .data          0x00000000        0x0 ..\obj\stm32f4xx_i2c.o
 .bss           0x00000000        0x0 ..\obj\stm32f4xx_i2c.o
 .text.I2C_DeInit
                0x00000000       0x88 ..\obj\stm32f4xx_i2c.o
 .text.I2C_StructInit
                0x00000000       0x44 ..\obj\stm32f4xx_i2c.o
 .text.I2C_OwnAddress2Config
                0x00000000       0x44 ..\obj\stm32f4xx_i2c.o
 .text.I2C_DualAddressCmd
                0x00000000       0x40 ..\obj\stm32f4xx_i2c.o
 .text.I2C_GeneralCallCmd
                0x00000000       0x40 ..\obj\stm32f4xx_i2c.o
 .text.I2C_SoftwareResetCmd
                0x00000000       0x48 ..\obj\stm32f4xx_i2c.o
 .text.I2C_StretchClockCmd
                0x00000000       0x40 ..\obj\stm32f4xx_i2c.o
 .text.I2C_FastModeDutyCycleConfig
                0x00000000       0x40 ..\obj\stm32f4xx_i2c.o
 .text.I2C_NACKPositionConfig
                0x00000000       0x40 ..\obj\stm32f4xx_i2c.o
 .text.I2C_SMBusAlertConfig
                0x00000000       0x40 ..\obj\stm32f4xx_i2c.o
 .text.I2C_ARPCmd
                0x00000000       0x40 ..\obj\stm32f4xx_i2c.o
 .text.I2C_TransmitPEC
                0x00000000       0x40 ..\obj\stm32f4xx_i2c.o
 .text.I2C_PECPositionConfig
                0x00000000       0x40 ..\obj\stm32f4xx_i2c.o
 .text.I2C_CalculatePEC
                0x00000000       0x40 ..\obj\stm32f4xx_i2c.o
 .text.I2C_GetPEC
                0x00000000       0x24 ..\obj\stm32f4xx_i2c.o
 .text.I2C_DMACmd
                0x00000000       0x40 ..\obj\stm32f4xx_i2c.o
 .text.I2C_DMALastTransferCmd
                0x00000000       0x40 ..\obj\stm32f4xx_i2c.o
 .text.I2C_ReadRegister
                0x00000000       0x30 ..\obj\stm32f4xx_i2c.o
 .text.I2C_ITConfig
                0x00000000       0x48 ..\obj\stm32f4xx_i2c.o
 .text.I2C_GetLastEvent
                0x00000000       0x4c ..\obj\stm32f4xx_i2c.o
 .text.I2C_ClearFlag
                0x00000000       0x30 ..\obj\stm32f4xx_i2c.o
 .text.I2C_GetITStatus
                0x00000000       0x64 ..\obj\stm32f4xx_i2c.o
 .text.I2C_ClearITPendingBit
                0x00000000       0x30 ..\obj\stm32f4xx_i2c.o
 .text          0x00000000        0x0 ..\obj\misc.o
 .data          0x00000000        0x0 ..\obj\misc.o
 .bss           0x00000000        0x0 ..\obj\misc.o
 .text.NVIC_PriorityGroupConfig
                0x00000000       0x28 ..\obj\misc.o
 .text.NVIC_SetVectorTable
                0x00000000       0x2c ..\obj\misc.o
 .text.NVIC_SystemLPConfig
                0x00000000       0x58 ..\obj\misc.o
 .text.SysTick_CLKSourceConfig
                0x00000000       0x4c ..\obj\misc.o

Memory Configuration

Name             Origin             Length             Attributes
rom              0x08000000         0x00100000         xr
ram              0x20000000         0x00020000         xrw
ram1             0x10000000         0x00010000         xrw
*default*        0x00000000         0xffffffff

Linker script and memory map

                0x20020000                _eram = 0x20020000

.text           0x08000000     0x2930
 *(.isr_vector .isr_vector.*)
 .isr_vector    0x08000000      0x188 ..\obj\startup_stm32f4xx.o
                0x08000000                g_pfnVectors
 *(.text .text.* .gnu.linkonce.t.*)
 .text.USART_Init
                0x08000188      0x1ac ..\obj\stm32f4xx_usart.o
                0x08000188                USART_Init
 .text.USART_Cmd
                0x08000334       0x40 ..\obj\stm32f4xx_usart.o
                0x08000334                USART_Cmd
 .text.USART_OverSampling8Cmd
                0x08000374       0x48 ..\obj\stm32f4xx_usart.o
                0x08000374                USART_OverSampling8Cmd
 .text.USART_SendData
                0x080003bc       0x28 ..\obj\stm32f4xx_usart.o
                0x080003bc                USART_SendData
 .text.USART_ReceiveData
                0x080003e4       0x24 ..\obj\stm32f4xx_usart.o
                0x080003e4                USART_ReceiveData
 .text.USART_GetFlagStatus
                0x08000408       0x40 ..\obj\stm32f4xx_usart.o
                0x08000408                USART_GetFlagStatus
 .text.Default_Reset_Handler
                0x08000448       0x68 ..\obj\startup_stm32f4xx.o
                0x08000448                Default_Reset_Handler
                0x08000448                Reset_Handler
 .text.Default_Handler
                0x080004b0        0x8 ..\obj\startup_stm32f4xx.o
                0x080004b0                RTC_Alarm_IRQHandler
                0x080004b0                HASH_RNG_IRQHandler
                0x080004b0                EXTI2_IRQHandler
                0x080004b0                TIM8_CC_IRQHandler
                0x080004b0                DebugMon_Handler
                0x080004b0                TIM1_CC_IRQHandler
                0x080004b0                DMA2_Stream5_IRQHandler
                0x080004b0                HardFault_Handler
                0x080004b0                DMA1_Stream5_IRQHandler
                0x080004b0                SysTick_Handler
                0x080004b0                PVD_IRQHandler
                0x080004b0                SDIO_IRQHandler
                0x080004b0                TAMP_STAMP_IRQHandler
                0x080004b0                PendSV_Handler
                0x080004b0                NMI_Handler
                0x080004b0                CAN2_RX1_IRQHandler
                0x080004b0                EXTI3_IRQHandler
                0x080004b0                TIM8_TRG_COM_TIM14_IRQHandler
                0x080004b0                TIM1_UP_TIM10_IRQHandler
                0x080004b0                TIM8_UP_TIM13_IRQHandler
                0x080004b0                I2C3_ER_IRQHandler
                0x080004b0                EXTI0_IRQHandler
                0x080004b0                I2C2_EV_IRQHandler
                0x080004b0                DMA1_Stream2_IRQHandler
                0x080004b0                CAN1_RX0_IRQHandler
                0x080004b0                FPU_IRQHandler
                0x080004b0                OTG_HS_WKUP_IRQHandler
                0x080004b0                UsageFault_Handler
                0x080004b0                CAN2_SCE_IRQHandler
                0x080004b0                DMA2_Stream2_IRQHandler
                0x080004b0                SPI1_IRQHandler
                0x080004b0                TIM6_DAC_IRQHandler
                0x080004b0                TIM1_BRK_TIM9_IRQHandler
                0x080004b0                CAN2_RX0_IRQHandler
                0x080004b0                DMA2_Stream3_IRQHandler
                0x080004b0                USART6_IRQHandler
                0x080004b0                USART3_IRQHandler
                0x080004b0                CRYP_IRQHandler
                0x080004b0                CAN1_RX1_IRQHandler
                0x080004b0                UART5_IRQHandler
                0x080004b0                DMA2_Stream0_IRQHandler
                0x080004b0                TIM4_IRQHandler
                0x080004b0                I2C1_EV_IRQHandler
                0x080004b0                DMA1_Stream6_IRQHandler
                0x080004b0                DMA1_Stream1_IRQHandler
                0x080004b0                UART4_IRQHandler
                0x080004b0                TIM3_IRQHandler
                0x080004b0                RCC_IRQHandler
                0x080004b0                TIM8_BRK_TIM12_IRQHandler
                0x080004b0                EXTI15_10_IRQHandler
                0x080004b0                ADC_IRQHandler
                0x080004b0                DMA1_Stream7_IRQHandler
                0x080004b0                TIM7_IRQHandler
                0x080004b0                CAN2_TX_IRQHandler
                0x080004b0                TIM5_IRQHandler
                0x080004b0                DMA2_Stream7_IRQHandler
                0x080004b0                I2C3_EV_IRQHandler
                0x080004b0                EXTI9_5_IRQHandler
                0x080004b0                RTC_WKUP_IRQHandler
                0x080004b0                ETH_WKUP_IRQHandler
                0x080004b0                SPI2_IRQHandler
                0x080004b0                OTG_HS_EP1_IN_IRQHandler
                0x080004b0                MemManage_Handler
                0x080004b0                DMA1_Stream0_IRQHandler
                0x080004b0                CAN1_TX_IRQHandler
                0x080004b0                SVC_Handler
                0x080004b0                EXTI4_IRQHandler
                0x080004b0                FSMC_IRQHandler
                0x080004b0                ETH_IRQHandler
                0x080004b0                OTG_HS_EP1_OUT_IRQHandler
                0x080004b0                WWDG_IRQHandler
                0x080004b0                TIM2_IRQHandler
                0x080004b0                OTG_FS_WKUP_IRQHandler
                0x080004b0                TIM1_TRG_COM_TIM11_IRQHandler
                0x080004b0                OTG_HS_IRQHandler
                0x080004b0                EXTI1_IRQHandler
                0x080004b0                USART2_IRQHandler
                0x080004b0                I2C2_ER_IRQHandler
                0x080004b0                DMA2_Stream1_IRQHandler
                0x080004b0                CAN1_SCE_IRQHandler
                0x080004b0                FLASH_IRQHandler
                0x080004b0                DMA2_Stream4_IRQHandler
                0x080004b0                BusFault_Handler
                0x080004b0                USART1_IRQHandler
                0x080004b0                OTG_FS_IRQHandler
                0x080004b0                SPI3_IRQHandler
                0x080004b0                DMA1_Stream4_IRQHandler
                0x080004b0                I2C1_ER_IRQHandler
                0x080004b0                DMA2_Stream6_IRQHandler
                0x080004b0                DMA1_Stream3_IRQHandler
 .text.usart_init
                0x080004b8       0xf4 ..\obj\main.o
                0x080004b8                usart_init
 .text.usPrintChar
                0x080005ac       0x40 ..\obj\main.o
                0x080005ac                usPrintChar
 .text.usartSendWord
                0x080005ec       0x30 ..\obj\main.o
                0x080005ec                usartSendWord
 .text.I2CInit  0x0800061c       0xc8 ..\obj\main.o
                0x0800061c                I2CInit
 .text.I2C_start
                0x080006e4       0x94 ..\obj\main.o
                0x080006e4                I2C_start
 .text.I2C_write
                0x08000778       0x34 ..\obj\main.o
                0x08000778                I2C_write
 .text.I2C_read_nack
                0x080007ac       0x40 ..\obj\main.o
                0x080007ac                I2C_read_nack
 .text.I2C_stop
                0x080007ec       0x1c ..\obj\main.o
                0x080007ec                I2C_stop
 .text.MCO_init
                0x08000808       0x60 ..\obj\main.o
 .text.delay    0x08000868       0x24 ..\obj\main.o
                0x08000868                delay
 .text.ov7670_get
                0x0800088c       0x8c ..\obj\main.o
                0x0800088c                ov7670_get
 .text.ov7670_set
                0x08000918       0x64 ..\obj\main.o
                0x08000918                ov7670_set
 .text.DCMI_init
                0x0800097c      0x298 ..\obj\main.o
                0x0800097c                DCMI_init
 .text.main     0x08000c14      0x830 ..\obj\main.o
                0x08000c14                main
 .text.DCMI_IRQHandler
                0x08001444      0x140 ..\obj\main.o
                0x08001444                DCMI_IRQHandler
 .text.RCC_MCO1Config
                0x08001584       0x48 ..\obj\stm32f4xx_rcc.o
                0x08001584                RCC_MCO1Config
 .text.RCC_GetClocksFreq
                0x080015cc      0x1d0 ..\obj\stm32f4xx_rcc.o
                0x080015cc                RCC_GetClocksFreq
 .text.RCC_AHB1PeriphClockCmd
                0x0800179c       0x58 ..\obj\stm32f4xx_rcc.o
                0x0800179c                RCC_AHB1PeriphClockCmd
 .text.RCC_AHB2PeriphClockCmd
                0x080017f4       0x58 ..\obj\stm32f4xx_rcc.o
                0x080017f4                RCC_AHB2PeriphClockCmd
 .text.RCC_APB1PeriphClockCmd
                0x0800184c       0x58 ..\obj\stm32f4xx_rcc.o
                0x0800184c                RCC_APB1PeriphClockCmd
 .text.PrintChar
                0x080018a4       0x40 ..\obj\printf.o
                0x080018a4                PrintChar
 .text.puts     0x080018e4       0x28 ..\obj\printf.o
                0x080018e4                puts
 .text.fputc    0x0800190c       0x4c ..\obj\printf.o
                0x0800190c                fputc
 .text.fputs    0x08001958       0x50 ..\obj\printf.o
                0x08001958                fputs
 .text.DCMI_DeInit
                0x080019a8       0x6c ..\obj\stm32f4xx_dcmi.o
                0x080019a8                DCMI_DeInit
 .text.DCMI_Init
                0x08001a14       0x94 ..\obj\stm32f4xx_dcmi.o
                0x08001a14                DCMI_Init
 .text.DCMI_Cmd
                0x08001aa8       0x4c ..\obj\stm32f4xx_dcmi.o
                0x08001aa8                DCMI_Cmd
 .text.DCMI_CaptureCmd
                0x08001af4       0x4c ..\obj\stm32f4xx_dcmi.o
                0x08001af4                DCMI_CaptureCmd
 .text.DCMI_ITConfig
                0x08001b40       0x5c ..\obj\stm32f4xx_dcmi.o
                0x08001b40                DCMI_ITConfig
 .text.DCMI_GetFlagStatus
                0x08001b9c       0x7c ..\obj\stm32f4xx_dcmi.o
                0x08001b9c                DCMI_GetFlagStatus
 .text.DCMI_ClearFlag
                0x08001c18       0x20 ..\obj\stm32f4xx_dcmi.o
                0x08001c18                DCMI_ClearFlag
 .text.DCMI_GetITStatus
                0x08001c38       0x4c ..\obj\stm32f4xx_dcmi.o
                0x08001c38                DCMI_GetITStatus
 .text.DCMI_ClearITPendingBit
                0x08001c84       0x20 ..\obj\stm32f4xx_dcmi.o
                0x08001c84                DCMI_ClearITPendingBit
 .text.GPIO_Init
                0x08001ca4      0x154 ..\obj\stm32f4xx_gpio.o
                0x08001ca4                GPIO_Init
 .text.GPIO_PinAFConfig
                0x08001df8       0xac ..\obj\stm32f4xx_gpio.o
                0x08001df8                GPIO_PinAFConfig
 .text.SystemInit
                0x08001ea4       0x94 ..\obj\system_stm32f4xx.o
                0x08001ea4                SystemInit
 .text.SetSysClock
                0x08001f38      0x188 ..\obj\system_stm32f4xx.o
 .text.DMA_DeInit
                0x080020c0      0x244 ..\obj\stm32f4xx_dma.o
                0x080020c0                DMA_DeInit
 .text.DMA_Init
                0x08002304       0xb0 ..\obj\stm32f4xx_dma.o
                0x08002304                DMA_Init
 .text.DMA_Cmd  0x080023b4       0x38 ..\obj\stm32f4xx_dma.o
                0x080023b4                DMA_Cmd
 .text.DMA_GetCmdStatus
                0x080023ec       0x38 ..\obj\stm32f4xx_dma.o
                0x080023ec                DMA_GetCmdStatus
 .text.I2C_Init
                0x08002424      0x1ac ..\obj\stm32f4xx_i2c.o
                0x08002424                I2C_Init
 .text.I2C_Cmd  0x080025d0       0x40 ..\obj\stm32f4xx_i2c.o
                0x080025d0                I2C_Cmd
 .text.I2C_GenerateSTART
                0x08002610       0x40 ..\obj\stm32f4xx_i2c.o
                0x08002610                I2C_GenerateSTART
 .text.I2C_GenerateSTOP
                0x08002650       0x40 ..\obj\stm32f4xx_i2c.o
                0x08002650                I2C_GenerateSTOP
 .text.I2C_Send7bitAddress
                0x08002690       0x3c ..\obj\stm32f4xx_i2c.o
                0x08002690                I2C_Send7bitAddress
 .text.I2C_AcknowledgeConfig
                0x080026cc       0x40 ..\obj\stm32f4xx_i2c.o
                0x080026cc                I2C_AcknowledgeConfig
 .text.I2C_SendData
                0x0800270c       0x20 ..\obj\stm32f4xx_i2c.o
                0x0800270c                I2C_SendData
 .text.I2C_ReceiveData
                0x0800272c       0x1c ..\obj\stm32f4xx_i2c.o
                0x0800272c                I2C_ReceiveData
 .text.I2C_CheckEvent
                0x08002748       0x70 ..\obj\stm32f4xx_i2c.o
                0x08002748                I2C_CheckEvent
 .text.I2C_GetFlagStatus
                0x080027b8       0x78 ..\obj\stm32f4xx_i2c.o
                0x080027b8                I2C_GetFlagStatus
 .text.NVIC_Init
                0x08002830       0xe4 ..\obj\misc.o
                0x08002830                NVIC_Init
 *(.glue_7t)
 .glue_7t       0x00000000        0x0 linker stubs
 *(.glue_7)
 .glue_7        0x00000000        0x0 linker stubs
 *(.rodata .rodata* .gnu.linkonce.r.*)
 .rodata        0x08002914       0x1c ..\obj\main.o

.vfp11_veneer   0x08002930        0x0
 .vfp11_veneer  0x00000000        0x0 linker stubs

.v4_bx          0x08002930        0x0
 .v4_bx         0x00000000        0x0 linker stubs

.ARM.extab
 *(.ARM.extab* .gnu.linkonce.armextab.*)
                0x08002930                __exidx_start = .

.ARM.exidx
 *(.ARM.exidx* .gnu.linkonce.armexidx.*)
                0x08002930                __exidx_end = .
                0x08002930                . = ALIGN (0x4)
                0x08002930                _etext = .
                0x08002930                _sidata = .

.data           0x20000000      0x440 load address 0x08002930
                0x20000000                _sdata = .
 *(.data .data.*)
 .data          0x20000000       0x10 ..\obj\stm32f4xx_rcc.o
 .data          0x20000010      0x430 ..\obj\printf.o
                0x20000010                r
                0x20000438                _impure_ptr
                0x20000440                . = ALIGN (0x4)
                0x20000440                _edata = .

.bss            0x20000440     0xc610 load address 0x08002d70
                0x20000440                _sbss = .
 *(.bss .bss.*)
 .bss           0x20000440       0x10 ..\obj\main.o
                0x20000440                num_dcmi
                0x20000444                num_dcmi_frame
                0x20000448                num_dcmi_vsync
                0x2000044c                num_dcmi_line
 *(COMMON)
 COMMON         0x20000450     0xc600 ..\obj\main.o
                0x20000450                RAM_Buffer
                0x2000ca50                . = ALIGN (0x4)
                0x2000ca50                _ebss = .

.co_stack       0x2000ca50      0x800 load address 0x0800f380
                0x2000ca50                . = ALIGN (0x8)
 *(.co_stack .co_stack.*)
 .co_stack      0x2000ca50      0x800 ..\obj\startup_stm32f4xx.o
                0x2000ca50                pulStack
                0x2000d250                . = ALIGN (0x4)
                0x2000d250                _end = .
LOAD ..\obj\stm32f4xx_usart.o
LOAD ..\obj\startup_stm32f4xx.o
LOAD ..\obj\main.o
LOAD ..\obj\stm32f4xx_rcc.o
LOAD ..\obj\printf.o
LOAD ..\obj\stm32f4xx_dcmi.o
LOAD ..\obj\stm32f4xx_gpio.o
LOAD ..\obj\system_stm32f4xx.o
LOAD ..\obj\syscalls.o
LOAD ..\obj\stm32f4xx_dma.o
LOAD ..\obj\stm32f4xx_i2c.o
LOAD ..\obj\misc.o
START GROUP
LOAD e:/dev/gcc-arm/bin/../lib/gcc/arm-none-eabi/4.6.2/armv7e-m\libgcc.a
LOAD e:/dev/gcc-arm/bin/../lib/gcc/arm-none-eabi/4.6.2/../../../../arm-none-eabi/lib/armv7e-m\libg.a
LOAD e:/dev/gcc-arm/bin/../lib/gcc/arm-none-eabi/4.6.2/../../../../arm-none-eabi/lib/armv7e-m\libc.a
END GROUP
OUTPUT(ov7670.elf elf32-littlearm)

.debug_info     0x00000000     0x6798
 .debug_info    0x00000000      0xa4f ..\obj\stm32f4xx_usart.o
 .debug_info    0x00000a4f      0x147 ..\obj\startup_stm32f4xx.o
 .debug_info    0x00000b96      0xf2a ..\obj\main.o
 .debug_info    0x00001ac0      0xd24 ..\obj\stm32f4xx_rcc.o
 .debug_info    0x000027e4     0x10b9 ..\obj\printf.o
 .debug_info    0x0000389d      0x59d ..\obj\stm32f4xx_dcmi.o
 .debug_info    0x00003e3a      0x639 ..\obj\stm32f4xx_gpio.o
 .debug_info    0x00004473      0x61d ..\obj\system_stm32f4xx.o
 .debug_info    0x00004a90      0x440 ..\obj\syscalls.o
 .debug_info    0x00004ed0      0x7a3 ..\obj\stm32f4xx_dma.o
 .debug_info    0x00005673      0xb91 ..\obj\stm32f4xx_i2c.o
 .debug_info    0x00006204      0x594 ..\obj\misc.o

.debug_abbrev   0x00000000     0x1169
 .debug_abbrev  0x00000000      0x14e ..\obj\stm32f4xx_usart.o
 .debug_abbrev  0x0000014e       0xac ..\obj\startup_stm32f4xx.o
 .debug_abbrev  0x000001fa      0x239 ..\obj\main.o
 .debug_abbrev  0x00000433      0x1b7 ..\obj\stm32f4xx_rcc.o
 .debug_abbrev  0x000005ea      0x294 ..\obj\printf.o
 .debug_abbrev  0x0000087e      0x17a ..\obj\stm32f4xx_dcmi.o
 .debug_abbrev  0x000009f8      0x182 ..\obj\stm32f4xx_gpio.o
 .debug_abbrev  0x00000b7a      0x140 ..\obj\system_stm32f4xx.o
 .debug_abbrev  0x00000cba       0xde ..\obj\syscalls.o
 .debug_abbrev  0x00000d98      0x14e ..\obj\stm32f4xx_dma.o
 .debug_abbrev  0x00000ee6      0x15d ..\obj\stm32f4xx_i2c.o
 .debug_abbrev  0x00001043      0x126 ..\obj\misc.o

.debug_loc      0x00000000     0x2ce6
 .debug_loc     0x00000000      0x658 ..\obj\stm32f4xx_usart.o
 .debug_loc     0x00000658       0x64 ..\obj\startup_stm32f4xx.o
 .debug_loc     0x000006bc      0x384 ..\obj\main.o
 .debug_loc     0x00000a40      0x97c ..\obj\stm32f4xx_rcc.o
 .debug_loc     0x000013bc      0x3ea ..\obj\printf.o
 .debug_loc     0x000017a6      0x330 ..\obj\stm32f4xx_dcmi.o
 .debug_loc     0x00001ad6      0x310 ..\obj\stm32f4xx_gpio.o
 .debug_loc     0x00001de6       0x9c ..\obj\system_stm32f4xx.o
 .debug_loc     0x00001e82      0x1ec ..\obj\syscalls.o
 .debug_loc     0x0000206e      0x428 ..\obj\stm32f4xx_dma.o
 .debug_loc     0x00002496      0x738 ..\obj\stm32f4xx_i2c.o
 .debug_loc     0x00002bce      0x118 ..\obj\misc.o

.debug_aranges  0x00000000      0x790
 .debug_aranges
                0x00000000      0x100 ..\obj\stm32f4xx_usart.o
 .debug_aranges
                0x00000100       0x28 ..\obj\startup_stm32f4xx.o
 .debug_aranges
                0x00000128       0x98 ..\obj\main.o
 .debug_aranges
                0x000001c0      0x178 ..\obj\stm32f4xx_rcc.o
 .debug_aranges
                0x00000338       0xa0 ..\obj\printf.o
 .debug_aranges
                0x000003d8       0x90 ..\obj\stm32f4xx_dcmi.o
 .debug_aranges
                0x00000468       0x88 ..\obj\stm32f4xx_gpio.o
 .debug_aranges
                0x000004f0       0x30 ..\obj\system_stm32f4xx.o
 .debug_aranges
                0x00000520       0x60 ..\obj\syscalls.o
 .debug_aranges
                0x00000580       0xb0 ..\obj\stm32f4xx_dma.o
 .debug_aranges
                0x00000630      0x120 ..\obj\stm32f4xx_i2c.o
 .debug_aranges
                0x00000750       0x40 ..\obj\misc.o

.debug_ranges   0x00000000      0x6d0
 .debug_ranges  0x00000000       0xf0 ..\obj\stm32f4xx_usart.o
 .debug_ranges  0x000000f0       0x18 ..\obj\startup_stm32f4xx.o
 .debug_ranges  0x00000108       0x88 ..\obj\main.o
 .debug_ranges  0x00000190      0x168 ..\obj\stm32f4xx_rcc.o
 .debug_ranges  0x000002f8       0x90 ..\obj\printf.o
 .debug_ranges  0x00000388       0x80 ..\obj\stm32f4xx_dcmi.o
 .debug_ranges  0x00000408       0x78 ..\obj\stm32f4xx_gpio.o
 .debug_ranges  0x00000480       0x20 ..\obj\system_stm32f4xx.o
 .debug_ranges  0x000004a0       0x50 ..\obj\syscalls.o
 .debug_ranges  0x000004f0       0xa0 ..\obj\stm32f4xx_dma.o
 .debug_ranges  0x00000590      0x110 ..\obj\stm32f4xx_i2c.o
 .debug_ranges  0x000006a0       0x30 ..\obj\misc.o

.debug_line     0x00000000     0x25fe
 .debug_line    0x00000000      0x445 ..\obj\stm32f4xx_usart.o
 .debug_line    0x00000445       0x9f ..\obj\startup_stm32f4xx.o
 .debug_line    0x000004e4      0x4e2 ..\obj\main.o
 .debug_line    0x000009c6      0x53d ..\obj\stm32f4xx_rcc.o
 .debug_line    0x00000f03      0x40f ..\obj\printf.o
 .debug_line    0x00001312      0x2e0 ..\obj\stm32f4xx_dcmi.o
 .debug_line    0x000015f2      0x2e0 ..\obj\stm32f4xx_gpio.o
 .debug_line    0x000018d2      0x1d6 ..\obj\system_stm32f4xx.o
 .debug_line    0x00001aa8      0x176 ..\obj\syscalls.o
 .debug_line    0x00001c1e      0x37d ..\obj\stm32f4xx_dma.o
 .debug_line    0x00001f9b      0x47d ..\obj\stm32f4xx_i2c.o
 .debug_line    0x00002418      0x1e6 ..\obj\misc.o

.debug_str      0x00000000     0x29de
 .debug_str     0x00000000      0x5c6 ..\obj\stm32f4xx_usart.o
                                0x627 (size before relaxing)
 .debug_str     0x000005c6       0xae ..\obj\startup_stm32f4xx.o
                                0x116 (size before relaxing)
 .debug_str     0x00000674      0xb71 ..\obj\main.o
                                0xd74 (size before relaxing)
 .debug_str     0x000011e5      0x5c7 ..\obj\stm32f4xx_rcc.o
                                0x7e8 (size before relaxing)
 .debug_str     0x000017ac      0x49f ..\obj\printf.o
                                0x6a7 (size before relaxing)
 .debug_str     0x00001c4b      0x295 ..\obj\stm32f4xx_dcmi.o
                                0x471 (size before relaxing)
 .debug_str     0x00001ee0      0x19c ..\obj\stm32f4xx_gpio.o
                                0x43b (size before relaxing)
 .debug_str     0x0000207c      0x116 ..\obj\system_stm32f4xx.o
                                0x342 (size before relaxing)
 .debug_str     0x00002192      0x148 ..\obj\syscalls.o
                                0x291 (size before relaxing)
 .debug_str     0x000022da      0x26c ..\obj\stm32f4xx_dma.o
                                0x4e4 (size before relaxing)
 .debug_str     0x00002546      0x339 ..\obj\stm32f4xx_i2c.o
                                0x5fd (size before relaxing)
 .debug_str     0x0000287f      0x15f ..\obj\misc.o
                                0x371 (size before relaxing)

.comment        0x00000000       0x70
 .comment       0x00000000       0x70 ..\obj\stm32f4xx_usart.o
                                 0x71 (size before relaxing)
 .comment       0x00000000       0x71 ..\obj\startup_stm32f4xx.o
 .comment       0x00000000       0x71 ..\obj\main.o
 .comment       0x00000000       0x71 ..\obj\stm32f4xx_rcc.o
 .comment       0x00000000       0x71 ..\obj\printf.o
 .comment       0x00000000       0x71 ..\obj\stm32f4xx_dcmi.o
 .comment       0x00000000       0x71 ..\obj\stm32f4xx_gpio.o
 .comment       0x00000000       0x71 ..\obj\system_stm32f4xx.o
 .comment       0x00000000       0x71 ..\obj\syscalls.o
 .comment       0x00000000       0x71 ..\obj\stm32f4xx_dma.o
 .comment       0x00000000       0x71 ..\obj\stm32f4xx_i2c.o
 .comment       0x00000000       0x71 ..\obj\misc.o

.ARM.attributes
                0x00000000       0x33
 .ARM.attributes
                0x00000000       0x33 ..\obj\stm32f4xx_usart.o
 .ARM.attributes
                0x00000033       0x33 ..\obj\startup_stm32f4xx.o
 .ARM.attributes
                0x00000066       0x33 ..\obj\main.o
 .ARM.attributes
                0x00000099       0x33 ..\obj\stm32f4xx_rcc.o
 .ARM.attributes
                0x000000cc       0x33 ..\obj\printf.o
 .ARM.attributes
                0x000000ff       0x33 ..\obj\stm32f4xx_dcmi.o
 .ARM.attributes
                0x00000132       0x33 ..\obj\stm32f4xx_gpio.o
 .ARM.attributes
                0x00000165       0x33 ..\obj\system_stm32f4xx.o
 .ARM.attributes
                0x00000198       0x33 ..\obj\syscalls.o
 .ARM.attributes
                0x000001cb       0x33 ..\obj\stm32f4xx_dma.o
 .ARM.attributes
                0x000001fe       0x33 ..\obj\stm32f4xx_i2c.o
 .ARM.attributes
                0x00000231       0x33 ..\obj\misc.o

.debug_frame    0x00000000     0x17e0
 .debug_frame   0x00000000      0x344 ..\obj\stm32f4xx_usart.o
 .debug_frame   0x00000344       0x48 ..\obj\startup_stm32f4xx.o
 .debug_frame   0x0000038c      0x20c ..\obj\main.o
 .debug_frame   0x00000598      0x4d8 ..\obj\stm32f4xx_rcc.o
 .debug_frame   0x00000a70      0x248 ..\obj\printf.o
 .debug_frame   0x00000cb8      0x1ac ..\obj\stm32f4xx_dcmi.o
 .debug_frame   0x00000e64      0x19c ..\obj\stm32f4xx_gpio.o
 .debug_frame   0x00001000       0x64 ..\obj\system_stm32f4xx.o
 .debug_frame   0x00001064      0x108 ..\obj\syscalls.o
 .debug_frame   0x0000116c      0x224 ..\obj\stm32f4xx_dma.o
 .debug_frame   0x00001390      0x3b4 ..\obj\stm32f4xx_i2c.o
 .debug_frame   0x00001744       0x9c ..\obj\misc.o
