
Allocating common symbols
Common symbol       size              file

RAM_Buffer          0xc600            ..\obj\main.o

Discarded input sections

 .text          0x00000000        0x0 ..\obj\i2c.o
 .data          0x00000000        0x0 ..\obj\i2c.o
 .bss           0x00000000        0x0 ..\obj\i2c.o
 .text.I2CInit  0x00000000       0xb4 ..\obj\i2c.o
 .text.I2C_start
                0x00000000       0x88 ..\obj\i2c.o
 .text.I2C_write
                0x00000000       0x24 ..\obj\i2c.o
 .text.I2C_read_ack
                0x00000000       0x2c ..\obj\i2c.o
 .text.I2C_read_nack
                0x00000000       0x2c ..\obj\i2c.o
 .text.I2C_stop
                0x00000000        0xc ..\obj\i2c.o
 .text          0x00000000        0x0 ..\obj\stm32f4xx_usart.o
 .data          0x00000000        0x0 ..\obj\stm32f4xx_usart.o
 .bss           0x00000000        0x0 ..\obj\stm32f4xx_usart.o
 .text.USART_DeInit
                0x00000000       0xe8 ..\obj\stm32f4xx_usart.o
 .text.USART_StructInit
                0x00000000       0x1c ..\obj\stm32f4xx_usart.o
 .text.USART_ClockInit
                0x00000000       0x28 ..\obj\stm32f4xx_usart.o
 .text.USART_ClockStructInit
                0x00000000       0x10 ..\obj\stm32f4xx_usart.o
 .text.USART_SetPrescaler
                0x00000000       0x14 ..\obj\stm32f4xx_usart.o
 .text.USART_OneBitMethodCmd
                0x00000000       0x20 ..\obj\stm32f4xx_usart.o
 .text.USART_SetAddress
                0x00000000       0x1c ..\obj\stm32f4xx_usart.o
 .text.USART_ReceiverWakeUpCmd
                0x00000000       0x20 ..\obj\stm32f4xx_usart.o
 .text.USART_WakeUpConfig
                0x00000000       0x1c ..\obj\stm32f4xx_usart.o
 .text.USART_LINBreakDetectLengthConfig
                0x00000000       0x1c ..\obj\stm32f4xx_usart.o
 .text.USART_LINCmd
                0x00000000       0x20 ..\obj\stm32f4xx_usart.o
 .text.USART_SendBreak
                0x00000000        0xc ..\obj\stm32f4xx_usart.o
 .text.USART_HalfDuplexCmd
                0x00000000       0x20 ..\obj\stm32f4xx_usart.o
 .text.USART_SetGuardTime
                0x00000000       0x14 ..\obj\stm32f4xx_usart.o
 .text.USART_SmartCardCmd
                0x00000000       0x20 ..\obj\stm32f4xx_usart.o
 .text.USART_SmartCardNACKCmd
                0x00000000       0x20 ..\obj\stm32f4xx_usart.o
 .text.USART_IrDAConfig
                0x00000000       0x1c ..\obj\stm32f4xx_usart.o
 .text.USART_IrDACmd
                0x00000000       0x20 ..\obj\stm32f4xx_usart.o
 .text.USART_DMACmd
                0x00000000       0x18 ..\obj\stm32f4xx_usart.o
 .text.USART_ITConfig
                0x00000000       0x3c ..\obj\stm32f4xx_usart.o
 .text.USART_ClearFlag
                0x00000000        0xc ..\obj\stm32f4xx_usart.o
 .text.USART_GetITStatus
                0x00000000       0x50 ..\obj\stm32f4xx_usart.o
 .text.USART_ClearITPendingBit
                0x00000000       0x18 ..\obj\stm32f4xx_usart.o
 .text          0x00000000        0x0 ..\obj\startup_stm32f4xx.o
 .data          0x00000000        0x0 ..\obj\startup_stm32f4xx.o
 .bss           0x00000000        0x0 ..\obj\startup_stm32f4xx.o
 .text          0x00000000        0x0 ..\obj\main.o
 .text          0x00000000        0x0 ..\obj\stm32f4xx_rcc.o
 .bss           0x00000000        0x0 ..\obj\stm32f4xx_rcc.o
 .text.RCC_DeInit
                0x00000000       0x38 ..\obj\stm32f4xx_rcc.o
 .text.RCC_HSEConfig
                0x00000000       0x14 ..\obj\stm32f4xx_rcc.o
 .text.RCC_AdjustHSICalibrationValue
                0x00000000       0x18 ..\obj\stm32f4xx_rcc.o
 .text.RCC_HSICmd
                0x00000000        0xc ..\obj\stm32f4xx_rcc.o
 .text.RCC_LSEConfig
                0x00000000       0x3c ..\obj\stm32f4xx_rcc.o
 .text.RCC_LSICmd
                0x00000000        0xc ..\obj\stm32f4xx_rcc.o
 .text.RCC_PLLConfig
                0x00000000       0x24 ..\obj\stm32f4xx_rcc.o
 .text.RCC_PLLCmd
                0x00000000        0xc ..\obj\stm32f4xx_rcc.o
 .text.RCC_PLLI2SConfig
                0x00000000       0x18 ..\obj\stm32f4xx_rcc.o
 .text.RCC_PLLI2SCmd
                0x00000000        0xc ..\obj\stm32f4xx_rcc.o
 .text.RCC_ClockSecuritySystemCmd
                0x00000000        0xc ..\obj\stm32f4xx_rcc.o
 .text.RCC_MCO1Config
                0x00000000       0x18 ..\obj\stm32f4xx_rcc.o
 .text.RCC_SYSCLKConfig
                0x00000000       0x14 ..\obj\stm32f4xx_rcc.o
 .text.RCC_GetSYSCLKSource
                0x00000000       0x10 ..\obj\stm32f4xx_rcc.o
 .text.RCC_HCLKConfig
                0x00000000       0x14 ..\obj\stm32f4xx_rcc.o
 .text.RCC_PCLK1Config
                0x00000000       0x14 ..\obj\stm32f4xx_rcc.o
 .text.RCC_PCLK2Config
                0x00000000       0x18 ..\obj\stm32f4xx_rcc.o
 .text.RCC_RTCCLKConfig
                0x00000000       0x3c ..\obj\stm32f4xx_rcc.o
 .text.RCC_RTCCLKCmd
                0x00000000        0xc ..\obj\stm32f4xx_rcc.o
 .text.RCC_BackupResetCmd
                0x00000000        0xc ..\obj\stm32f4xx_rcc.o
 .text.RCC_I2SCLKConfig
                0x00000000        0xc ..\obj\stm32f4xx_rcc.o
 .text.RCC_AHB2PeriphClockCmd
                0x00000000       0x24 ..\obj\stm32f4xx_rcc.o
 .text.RCC_AHB3PeriphClockCmd
                0x00000000       0x24 ..\obj\stm32f4xx_rcc.o
 .text.RCC_AHB1PeriphResetCmd
                0x00000000       0x24 ..\obj\stm32f4xx_rcc.o
 .text.RCC_AHB2PeriphResetCmd
                0x00000000       0x24 ..\obj\stm32f4xx_rcc.o
 .text.RCC_AHB3PeriphResetCmd
                0x00000000       0x24 ..\obj\stm32f4xx_rcc.o
 .text.RCC_AHB1PeriphClockLPModeCmd
                0x00000000       0x24 ..\obj\stm32f4xx_rcc.o
 .text.RCC_AHB2PeriphClockLPModeCmd
                0x00000000       0x24 ..\obj\stm32f4xx_rcc.o
 .text.RCC_AHB3PeriphClockLPModeCmd
                0x00000000       0x24 ..\obj\stm32f4xx_rcc.o
 .text.RCC_APB1PeriphClockLPModeCmd
                0x00000000       0x24 ..\obj\stm32f4xx_rcc.o
 .text.RCC_APB2PeriphClockLPModeCmd
                0x00000000       0x24 ..\obj\stm32f4xx_rcc.o
 .text.RCC_ITConfig
                0x00000000       0x24 ..\obj\stm32f4xx_rcc.o
 .text.RCC_GetFlagStatus
                0x00000000       0x34 ..\obj\stm32f4xx_rcc.o
 .text.RCC_WaitForHSEStartUp
                0x00000000       0x3c ..\obj\stm32f4xx_rcc.o
 .text.RCC_ClearFlag
                0x00000000       0x14 ..\obj\stm32f4xx_rcc.o
 .text.RCC_GetITStatus
                0x00000000       0x14 ..\obj\stm32f4xx_rcc.o
 .text.RCC_ClearITPendingBit
                0x00000000        0xc ..\obj\stm32f4xx_rcc.o
 .text          0x00000000        0x0 ..\obj\printf.o
 .data          0x00000000      0x430 ..\obj\printf.o
 .bss           0x00000000        0x0 ..\obj\printf.o
 .text.PrintChar
                0x00000000       0x2c ..\obj\printf.o
 .text.PutChar  0x00000000        0x8 ..\obj\printf.o
 .text.PutString
                0x00000000       0x20 ..\obj\printf.o
 .text.PutUnsignedInt
                0x00000000       0x84 ..\obj\printf.o
 .text.PutSignedInt
                0x00000000       0xac ..\obj\printf.o
 .text.PutHexa  0x00000000       0x98 ..\obj\printf.o
 .text.vsnprintf
                0x00000000      0x174 ..\obj\printf.o
 .text.snprintf
                0x00000000       0x1c ..\obj\printf.o
 .text.vsprintf
                0x00000000       0x14 ..\obj\printf.o
 .text.sprintf  0x00000000       0x1c ..\obj\printf.o
 .text.fputc    0x00000000       0x2c ..\obj\printf.o
 .text.fputs    0x00000000       0x38 ..\obj\printf.o
 .text.puts     0x00000000       0x14 ..\obj\printf.o
 .text.vfprintf
                0x00000000       0x50 ..\obj\printf.o
 .text.fprintf  0x00000000       0x1c ..\obj\printf.o
 .text.vprintf  0x00000000       0x1c ..\obj\printf.o
 .text.printf   0x00000000       0x1c ..\obj\printf.o
 .rodata.str1.4
                0x00000000       0x24 ..\obj\printf.o
 .text          0x00000000        0x0 ..\obj\stm32f4xx_dcmi.o
 .data          0x00000000        0x0 ..\obj\stm32f4xx_dcmi.o
 .bss           0x00000000        0x0 ..\obj\stm32f4xx_dcmi.o
 .text.DCMI_DeInit
                0x00000000       0x20 ..\obj\stm32f4xx_dcmi.o
 .text.DCMI_Init
                0x00000000       0x44 ..\obj\stm32f4xx_dcmi.o
 .text.DCMI_StructInit
                0x00000000       0x14 ..\obj\stm32f4xx_dcmi.o
 .text.DCMI_CROPConfig
                0x00000000       0x20 ..\obj\stm32f4xx_dcmi.o
 .text.DCMI_CROPCmd
                0x00000000       0x28 ..\obj\stm32f4xx_dcmi.o
 .text.DCMI_SetEmbeddedSynchroCodes
                0x00000000       0x24 ..\obj\stm32f4xx_dcmi.o
 .text.DCMI_JPEGCmd
                0x00000000       0x28 ..\obj\stm32f4xx_dcmi.o
 .text.DCMI_ReadData
                0x00000000        0xc ..\obj\stm32f4xx_dcmi.o
 .text.DCMI_ITConfig
                0x00000000       0x28 ..\obj\stm32f4xx_dcmi.o
 .text          0x00000000        0x0 ..\obj\stm32f4xx_gpio.o
 .data          0x00000000        0x0 ..\obj\stm32f4xx_gpio.o
 .bss           0x00000000        0x0 ..\obj\stm32f4xx_gpio.o
 .text.GPIO_DeInit
                0x00000000      0x158 ..\obj\stm32f4xx_gpio.o
 .text.GPIO_StructInit
                0x00000000       0x14 ..\obj\stm32f4xx_gpio.o
 .text.GPIO_PinLockConfig
                0x00000000       0x24 ..\obj\stm32f4xx_gpio.o
 .text.GPIO_ReadInputDataBit
                0x00000000        0xc ..\obj\stm32f4xx_gpio.o
 .text.GPIO_ReadInputData
                0x00000000        0x8 ..\obj\stm32f4xx_gpio.o
 .text.GPIO_ReadOutputDataBit
                0x00000000        0xc ..\obj\stm32f4xx_gpio.o
 .text.GPIO_ReadOutputData
                0x00000000        0x8 ..\obj\stm32f4xx_gpio.o
 .text.GPIO_SetBits
                0x00000000        0x4 ..\obj\stm32f4xx_gpio.o
 .text.GPIO_ResetBits
                0x00000000        0x4 ..\obj\stm32f4xx_gpio.o
 .text.GPIO_WriteBit
                0x00000000        0xc ..\obj\stm32f4xx_gpio.o
 .text.GPIO_Write
                0x00000000        0x4 ..\obj\stm32f4xx_gpio.o
 .text.GPIO_ToggleBits
                0x00000000        0x8 ..\obj\stm32f4xx_gpio.o
 .text          0x00000000        0x0 ..\obj\system_stm32f4xx.o
 .data          0x00000000       0x14 ..\obj\system_stm32f4xx.o
 .bss           0x00000000        0x0 ..\obj\system_stm32f4xx.o
 .text.SystemCoreClockUpdate
                0x00000000       0xdc ..\obj\system_stm32f4xx.o
 .text          0x00000000        0x0 ..\obj\syscalls.o
 .data          0x00000000        0x0 ..\obj\syscalls.o
 .bss           0x00000000        0x4 ..\obj\syscalls.o
 .text._sbrk    0x00000000       0x30 ..\obj\syscalls.o
 .text.link     0x00000000        0x8 ..\obj\syscalls.o
 .text._close   0x00000000        0x8 ..\obj\syscalls.o
 .text._fstat   0x00000000        0xc ..\obj\syscalls.o
 .text._isatty  0x00000000        0x8 ..\obj\syscalls.o
 .text._lseek   0x00000000        0x8 ..\obj\syscalls.o
 .text._read    0x00000000        0x8 ..\obj\syscalls.o
 .text._write   0x00000000        0x4 ..\obj\syscalls.o
 .text.abort    0x00000000        0x4 ..\obj\syscalls.o
 .text          0x00000000        0x0 ..\obj\stm32f4xx_dma.o
 .data          0x00000000        0x0 ..\obj\stm32f4xx_dma.o
 .bss           0x00000000        0x0 ..\obj\stm32f4xx_dma.o
 .text.DMA_DeInit
                0x00000000      0x1f4 ..\obj\stm32f4xx_dma.o
 .text.DMA_Init
                0x00000000       0x58 ..\obj\stm32f4xx_dma.o
 .text.DMA_StructInit
                0x00000000       0x24 ..\obj\stm32f4xx_dma.o
 .text.DMA_PeriphIncOffsetSizeConfig
                0x00000000       0x18 ..\obj\stm32f4xx_dma.o
 .text.DMA_FlowControllerConfig
                0x00000000       0x18 ..\obj\stm32f4xx_dma.o
 .text.DMA_SetCurrDataCounter
                0x00000000        0x4 ..\obj\stm32f4xx_dma.o
 .text.DMA_GetCurrDataCounter
                0x00000000        0x8 ..\obj\stm32f4xx_dma.o
 .text.DMA_DoubleBufferModeConfig
                0x00000000       0x18 ..\obj\stm32f4xx_dma.o
 .text.DMA_DoubleBufferModeCmd
                0x00000000       0x18 ..\obj\stm32f4xx_dma.o
 .text.DMA_MemoryTargetConfig
                0x00000000        0xc ..\obj\stm32f4xx_dma.o
 .text.DMA_GetCurrentMemoryTarget
                0x00000000        0x8 ..\obj\stm32f4xx_dma.o
 .text.DMA_GetCmdStatus
                0x00000000        0x8 ..\obj\stm32f4xx_dma.o
 .text.DMA_GetFIFOStatus
                0x00000000        0x8 ..\obj\stm32f4xx_dma.o
 .text.DMA_GetFlagStatus
                0x00000000       0x44 ..\obj\stm32f4xx_dma.o
 .text.DMA_ClearFlag
                0x00000000       0x3c ..\obj\stm32f4xx_dma.o
 .text.DMA_ITConfig
                0x00000000       0x3c ..\obj\stm32f4xx_dma.o
 .text.DMA_GetITStatus
                0x00000000       0x68 ..\obj\stm32f4xx_dma.o
 .text.DMA_ClearITPendingBit
                0x00000000       0x3c ..\obj\stm32f4xx_dma.o
 .text          0x00000000        0x0 ..\obj\stm32f4xx_i2c.o
 .data          0x00000000        0x0 ..\obj\stm32f4xx_i2c.o
 .bss           0x00000000        0x0 ..\obj\stm32f4xx_i2c.o
 .text.I2C_DeInit
                0x00000000       0x74 ..\obj\stm32f4xx_i2c.o
 .text.I2C_Init
                0x00000000      0x100 ..\obj\stm32f4xx_i2c.o
 .text.I2C_StructInit
                0x00000000       0x20 ..\obj\stm32f4xx_i2c.o
 .text.I2C_Cmd  0x00000000       0x20 ..\obj\stm32f4xx_i2c.o
 .text.I2C_GenerateSTART
                0x00000000       0x20 ..\obj\stm32f4xx_i2c.o
 .text.I2C_GenerateSTOP
                0x00000000       0x20 ..\obj\stm32f4xx_i2c.o
 .text.I2C_Send7bitAddress
                0x00000000       0x10 ..\obj\stm32f4xx_i2c.o
 .text.I2C_AcknowledgeConfig
                0x00000000       0x20 ..\obj\stm32f4xx_i2c.o
 .text.I2C_OwnAddress2Config
                0x00000000       0x18 ..\obj\stm32f4xx_i2c.o
 .text.I2C_DualAddressCmd
                0x00000000       0x20 ..\obj\stm32f4xx_i2c.o
 .text.I2C_GeneralCallCmd
                0x00000000       0x20 ..\obj\stm32f4xx_i2c.o
 .text.I2C_SoftwareResetCmd
                0x00000000       0x20 ..\obj\stm32f4xx_i2c.o
 .text.I2C_StretchClockCmd
                0x00000000       0x20 ..\obj\stm32f4xx_i2c.o
 .text.I2C_FastModeDutyCycleConfig
                0x00000000       0x24 ..\obj\stm32f4xx_i2c.o
 .text.I2C_NACKPositionConfig
                0x00000000       0x24 ..\obj\stm32f4xx_i2c.o
 .text.I2C_SMBusAlertConfig
                0x00000000       0x24 ..\obj\stm32f4xx_i2c.o
 .text.I2C_ARPCmd
                0x00000000       0x20 ..\obj\stm32f4xx_i2c.o
 .text.I2C_SendData
                0x00000000        0x4 ..\obj\stm32f4xx_i2c.o
 .text.I2C_ReceiveData
                0x00000000        0x8 ..\obj\stm32f4xx_i2c.o
 .text.I2C_TransmitPEC
                0x00000000       0x20 ..\obj\stm32f4xx_i2c.o
 .text.I2C_PECPositionConfig
                0x00000000       0x24 ..\obj\stm32f4xx_i2c.o
 .text.I2C_CalculatePEC
                0x00000000       0x20 ..\obj\stm32f4xx_i2c.o
 .text.I2C_GetPEC
                0x00000000        0x8 ..\obj\stm32f4xx_i2c.o
 .text.I2C_DMACmd
                0x00000000       0x20 ..\obj\stm32f4xx_i2c.o
 .text.I2C_DMALastTransferCmd
                0x00000000       0x20 ..\obj\stm32f4xx_i2c.o
 .text.I2C_ReadRegister
                0x00000000       0x1c ..\obj\stm32f4xx_i2c.o
 .text.I2C_ITConfig
                0x00000000       0x18 ..\obj\stm32f4xx_i2c.o
 .text.I2C_CheckEvent
                0x00000000       0x1c ..\obj\stm32f4xx_i2c.o
 .text.I2C_GetLastEvent
                0x00000000       0x10 ..\obj\stm32f4xx_i2c.o
 .text.I2C_GetFlagStatus
                0x00000000       0x40 ..\obj\stm32f4xx_i2c.o
 .text.I2C_ClearFlag
                0x00000000        0xc ..\obj\stm32f4xx_i2c.o
 .text.I2C_GetITStatus
                0x00000000       0x24 ..\obj\stm32f4xx_i2c.o
 .text.I2C_ClearITPendingBit
                0x00000000        0xc ..\obj\stm32f4xx_i2c.o
 .text          0x00000000        0x0 ..\obj\misc.o
 .data          0x00000000        0x0 ..\obj\misc.o
 .bss           0x00000000        0x0 ..\obj\misc.o
 .text.NVIC_PriorityGroupConfig
                0x00000000       0x14 ..\obj\misc.o
 .text.NVIC_Init
                0x00000000       0x88 ..\obj\misc.o
 .text.NVIC_SetVectorTable
                0x00000000       0x18 ..\obj\misc.o
 .text.NVIC_SystemLPConfig
                0x00000000       0x24 ..\obj\misc.o
 .text.SysTick_CLKSourceConfig
                0x00000000       0x1c ..\obj\misc.o
 .text          0x00000000        0x0 ..\obj\ov7670.o
 .data          0x00000000        0x0 ..\obj\ov7670.o
 .bss           0x00000000        0x0 ..\obj\ov7670.o
 .text.delayx   0x00000000       0x10 ..\obj\ov7670.o
 .text.ov7670_get
                0x00000000       0x58 ..\obj\ov7670.o
 .text.ov7670_set
                0x00000000       0x40 ..\obj\ov7670.o
 .text.ov7670_init
                0x00000000      0x5b4 ..\obj\ov7670.o
 .text.DMA_init
                0x00000000      0x120 ..\obj\ov7670.o
 .text.DCMI_init
                0x00000000      0x15c ..\obj\ov7670.o
 .text          0x00000000        0x0 ..\obj\stm32f4xx_tim.o
 .data          0x00000000        0x0 ..\obj\stm32f4xx_tim.o
 .bss           0x00000000        0x0 ..\obj\stm32f4xx_tim.o
 .text.TI1_Config
                0x00000000       0x44 ..\obj\stm32f4xx_tim.o
 .text.TI2_Config
                0x00000000       0x4c ..\obj\stm32f4xx_tim.o
 .text.TIM_TimeBaseStructInit
                0x00000000       0x14 ..\obj\stm32f4xx_tim.o
 .text.TIM_PrescalerConfig
                0x00000000        0x8 ..\obj\stm32f4xx_tim.o
 .text.TIM_CounterModeConfig
                0x00000000       0x14 ..\obj\stm32f4xx_tim.o
 .text.TIM_SetCounter
                0x00000000        0x4 ..\obj\stm32f4xx_tim.o
 .text.TIM_SetAutoreload
                0x00000000        0x4 ..\obj\stm32f4xx_tim.o
 .text.TIM_GetCounter
                0x00000000        0x4 ..\obj\stm32f4xx_tim.o
 .text.TIM_GetPrescaler
                0x00000000        0x8 ..\obj\stm32f4xx_tim.o
 .text.TIM_UpdateDisableConfig
                0x00000000       0x20 ..\obj\stm32f4xx_tim.o
 .text.TIM_UpdateRequestConfig
                0x00000000       0x20 ..\obj\stm32f4xx_tim.o
 .text.TIM_SelectOnePulseMode
                0x00000000       0x1c ..\obj\stm32f4xx_tim.o
 .text.TIM_SetClockDivision
                0x00000000       0x1c ..\obj\stm32f4xx_tim.o
 .text.TIM_OC2Init
                0x00000000       0x9c ..\obj\stm32f4xx_tim.o
 .text.TIM_OC3Init
                0x00000000       0x98 ..\obj\stm32f4xx_tim.o
 .text.TIM_OC4Init
                0x00000000       0x7c ..\obj\stm32f4xx_tim.o
 .text.TIM_OCStructInit
                0x00000000       0x18 ..\obj\stm32f4xx_tim.o
 .text.TIM_SelectOCxM
                0x00000000       0x58 ..\obj\stm32f4xx_tim.o
 .text.TIM_SetCompare1
                0x00000000        0x4 ..\obj\stm32f4xx_tim.o
 .text.TIM_SetCompare2
                0x00000000        0x4 ..\obj\stm32f4xx_tim.o
 .text.TIM_SetCompare3
                0x00000000        0x4 ..\obj\stm32f4xx_tim.o
 .text.TIM_SetCompare4
                0x00000000        0x4 ..\obj\stm32f4xx_tim.o
 .text.TIM_ForcedOC1Config
                0x00000000       0x14 ..\obj\stm32f4xx_tim.o
 .text.TIM_ForcedOC2Config
                0x00000000       0x18 ..\obj\stm32f4xx_tim.o
 .text.TIM_ForcedOC3Config
                0x00000000       0x14 ..\obj\stm32f4xx_tim.o
 .text.TIM_ForcedOC4Config
                0x00000000       0x18 ..\obj\stm32f4xx_tim.o
 .text.TIM_OC2PreloadConfig
                0x00000000       0x18 ..\obj\stm32f4xx_tim.o
 .text.TIM_OC3PreloadConfig
                0x00000000       0x14 ..\obj\stm32f4xx_tim.o
 .text.TIM_OC4PreloadConfig
                0x00000000       0x18 ..\obj\stm32f4xx_tim.o
 .text.TIM_OC1FastConfig
                0x00000000       0x14 ..\obj\stm32f4xx_tim.o
 .text.TIM_OC2FastConfig
                0x00000000       0x18 ..\obj\stm32f4xx_tim.o
 .text.TIM_OC3FastConfig
                0x00000000       0x14 ..\obj\stm32f4xx_tim.o
 .text.TIM_OC4FastConfig
                0x00000000       0x18 ..\obj\stm32f4xx_tim.o
 .text.TIM_ClearOC1Ref
                0x00000000       0x14 ..\obj\stm32f4xx_tim.o
 .text.TIM_ClearOC2Ref
                0x00000000       0x14 ..\obj\stm32f4xx_tim.o
 .text.TIM_ClearOC3Ref
                0x00000000       0x14 ..\obj\stm32f4xx_tim.o
 .text.TIM_ClearOC4Ref
                0x00000000       0x14 ..\obj\stm32f4xx_tim.o
 .text.TIM_OC1PolarityConfig
                0x00000000       0x14 ..\obj\stm32f4xx_tim.o
 .text.TIM_OC1NPolarityConfig
                0x00000000       0x14 ..\obj\stm32f4xx_tim.o
 .text.TIM_OC2PolarityConfig
                0x00000000       0x18 ..\obj\stm32f4xx_tim.o
 .text.TIM_OC2NPolarityConfig
                0x00000000       0x18 ..\obj\stm32f4xx_tim.o
 .text.TIM_OC3PolarityConfig
                0x00000000       0x18 ..\obj\stm32f4xx_tim.o
 .text.TIM_OC3NPolarityConfig
                0x00000000       0x18 ..\obj\stm32f4xx_tim.o
 .text.TIM_OC4PolarityConfig
                0x00000000       0x18 ..\obj\stm32f4xx_tim.o
 .text.TIM_CCxCmd
                0x00000000       0x24 ..\obj\stm32f4xx_tim.o
 .text.TIM_CCxNCmd
                0x00000000       0x24 ..\obj\stm32f4xx_tim.o
 .text.TIM_ICStructInit
                0x00000000       0x14 ..\obj\stm32f4xx_tim.o
 .text.TIM_GetCapture1
                0x00000000        0x4 ..\obj\stm32f4xx_tim.o
 .text.TIM_GetCapture2
                0x00000000        0x4 ..\obj\stm32f4xx_tim.o
 .text.TIM_GetCapture3
                0x00000000        0x4 ..\obj\stm32f4xx_tim.o
 .text.TIM_GetCapture4
                0x00000000        0x4 ..\obj\stm32f4xx_tim.o
 .text.TIM_SetIC1Prescaler
                0x00000000       0x1c ..\obj\stm32f4xx_tim.o
 .text.TIM_SetIC2Prescaler
                0x00000000       0x20 ..\obj\stm32f4xx_tim.o
 .text.TIM_PWMIConfig
                0x00000000       0x68 ..\obj\stm32f4xx_tim.o
 .text.TIM_SetIC3Prescaler
                0x00000000       0x1c ..\obj\stm32f4xx_tim.o
 .text.TIM_SetIC4Prescaler
                0x00000000       0x20 ..\obj\stm32f4xx_tim.o
 .text.TIM_ICInit
                0x00000000       0xe0 ..\obj\stm32f4xx_tim.o
 .text.TIM_BDTRConfig
                0x00000000       0x24 ..\obj\stm32f4xx_tim.o
 .text.TIM_BDTRStructInit
                0x00000000       0x14 ..\obj\stm32f4xx_tim.o
 .text.TIM_SelectCOM
                0x00000000       0x20 ..\obj\stm32f4xx_tim.o
 .text.TIM_CCPreloadControl
                0x00000000       0x20 ..\obj\stm32f4xx_tim.o
 .text.TIM_ITConfig
                0x00000000       0x18 ..\obj\stm32f4xx_tim.o
 .text.TIM_GenerateEvent
                0x00000000        0x4 ..\obj\stm32f4xx_tim.o
 .text.TIM_GetFlagStatus
                0x00000000        0xc ..\obj\stm32f4xx_tim.o
 .text.TIM_ClearFlag
                0x00000000        0xc ..\obj\stm32f4xx_tim.o
 .text.TIM_GetITStatus
                0x00000000       0x1c ..\obj\stm32f4xx_tim.o
 .text.TIM_ClearITPendingBit
                0x00000000        0xc ..\obj\stm32f4xx_tim.o
 .text.TIM_DMAConfig
                0x00000000        0x8 ..\obj\stm32f4xx_tim.o
 .text.TIM_DMACmd
                0x00000000       0x18 ..\obj\stm32f4xx_tim.o
 .text.TIM_SelectCCDMA
                0x00000000       0x20 ..\obj\stm32f4xx_tim.o
 .text.TIM_InternalClockConfig
                0x00000000       0x14 ..\obj\stm32f4xx_tim.o
 .text.TIM_SelectInputTrigger
                0x00000000       0x14 ..\obj\stm32f4xx_tim.o
 .text.TIM_TIxExternalClockConfig
                0x00000000       0x34 ..\obj\stm32f4xx_tim.o
 .text.TIM_ITRxExternalClockConfig
                0x00000000       0x14 ..\obj\stm32f4xx_tim.o
 .text.TIM_SelectOutputTrigger
                0x00000000       0x1c ..\obj\stm32f4xx_tim.o
 .text.TIM_SelectSlaveMode
                0x00000000       0x1c ..\obj\stm32f4xx_tim.o
 .text.TIM_SelectMasterSlaveMode
                0x00000000       0x1c ..\obj\stm32f4xx_tim.o
 .text.TIM_ETRConfig
                0x00000000       0x18 ..\obj\stm32f4xx_tim.o
 .text.TIM_ETRClockMode2Config
                0x00000000       0x14 ..\obj\stm32f4xx_tim.o
 .text.TIM_ETRClockMode1Config
                0x00000000       0x20 ..\obj\stm32f4xx_tim.o
 .text.TIM_EncoderInterfaceConfig
                0x00000000       0x4c ..\obj\stm32f4xx_tim.o
 .text.TIM_SelectHallSensor
                0x00000000       0x20 ..\obj\stm32f4xx_tim.o
 .text.TIM_RemapConfig
                0x00000000        0x8 ..\obj\stm32f4xx_tim.o

Memory Configuration

Name             Origin             Length             Attributes
rom              0x08000000         0x00100000         xr
ram              0x20000000         0x00020000         xrw
ram1             0x10000000         0x00010000         xrw
*default*        0x00000000         0xffffffff

Linker script and memory map

                0x20020000                _eram = 0x20020000

.text           0x08000000      0xf0c
 *(.isr_vector .isr_vector.*)
 .isr_vector    0x08000000      0x188 ..\obj\startup_stm32f4xx.o
                0x08000000                g_pfnVectors
 *(.text .text.* .gnu.linkonce.t.*)
 .text.USART_Init
                0x08000188      0x108 ..\obj\stm32f4xx_usart.o
                0x08000188                USART_Init
 .text.USART_Cmd
                0x08000290       0x20 ..\obj\stm32f4xx_usart.o
                0x08000290                USART_Cmd
 .text.USART_OverSampling8Cmd
                0x080002b0       0x20 ..\obj\stm32f4xx_usart.o
                0x080002b0                USART_OverSampling8Cmd
 .text.USART_SendData
                0x080002d0        0xc ..\obj\stm32f4xx_usart.o
                0x080002d0                USART_SendData
 .text.USART_ReceiveData
                0x080002dc        0xc ..\obj\stm32f4xx_usart.o
                0x080002dc                USART_ReceiveData
 .text.USART_GetFlagStatus
                0x080002e8        0xc ..\obj\stm32f4xx_usart.o
                0x080002e8                USART_GetFlagStatus
 .text.Default_Reset_Handler
                0x080002f4       0x68 ..\obj\startup_stm32f4xx.o
                0x080002f4                Default_Reset_Handler
                0x080002f4                Reset_Handler
 .text.Default_Handler
                0x0800035c        0x4 ..\obj\startup_stm32f4xx.o
                0x0800035c                RTC_Alarm_IRQHandler
                0x0800035c                HASH_RNG_IRQHandler
                0x0800035c                EXTI2_IRQHandler
                0x0800035c                TIM8_CC_IRQHandler
                0x0800035c                DebugMon_Handler
                0x0800035c                TIM1_CC_IRQHandler
                0x0800035c                DMA2_Stream5_IRQHandler
                0x0800035c                HardFault_Handler
                0x0800035c                DMA1_Stream5_IRQHandler
                0x0800035c                SysTick_Handler
                0x0800035c                PVD_IRQHandler
                0x0800035c                SDIO_IRQHandler
                0x0800035c                TAMP_STAMP_IRQHandler
                0x0800035c                PendSV_Handler
                0x0800035c                NMI_Handler
                0x0800035c                CAN2_RX1_IRQHandler
                0x0800035c                EXTI3_IRQHandler
                0x0800035c                TIM8_TRG_COM_TIM14_IRQHandler
                0x0800035c                TIM1_UP_TIM10_IRQHandler
                0x0800035c                TIM8_UP_TIM13_IRQHandler
                0x0800035c                I2C3_ER_IRQHandler
                0x0800035c                EXTI0_IRQHandler
                0x0800035c                I2C2_EV_IRQHandler
                0x0800035c                DMA1_Stream2_IRQHandler
                0x0800035c                CAN1_RX0_IRQHandler
                0x0800035c                FPU_IRQHandler
                0x0800035c                OTG_HS_WKUP_IRQHandler
                0x0800035c                UsageFault_Handler
                0x0800035c                CAN2_SCE_IRQHandler
                0x0800035c                DMA2_Stream2_IRQHandler
                0x0800035c                SPI1_IRQHandler
                0x0800035c                TIM6_DAC_IRQHandler
                0x0800035c                TIM1_BRK_TIM9_IRQHandler
                0x0800035c                CAN2_RX0_IRQHandler
                0x0800035c                DMA2_Stream3_IRQHandler
                0x0800035c                USART6_IRQHandler
                0x0800035c                USART3_IRQHandler
                0x0800035c                CRYP_IRQHandler
                0x0800035c                CAN1_RX1_IRQHandler
                0x0800035c                UART5_IRQHandler
                0x0800035c                DMA2_Stream0_IRQHandler
                0x0800035c                TIM4_IRQHandler
                0x0800035c                I2C1_EV_IRQHandler
                0x0800035c                DMA1_Stream6_IRQHandler
                0x0800035c                DMA1_Stream1_IRQHandler
                0x0800035c                UART4_IRQHandler
                0x0800035c                TIM3_IRQHandler
                0x0800035c                RCC_IRQHandler
                0x0800035c                TIM8_BRK_TIM12_IRQHandler
                0x0800035c                EXTI15_10_IRQHandler
                0x0800035c                ADC_IRQHandler
                0x0800035c                DMA1_Stream7_IRQHandler
                0x0800035c                TIM7_IRQHandler
                0x0800035c                CAN2_TX_IRQHandler
                0x0800035c                TIM5_IRQHandler
                0x0800035c                DMA2_Stream7_IRQHandler
                0x0800035c                I2C3_EV_IRQHandler
                0x0800035c                EXTI9_5_IRQHandler
                0x0800035c                RTC_WKUP_IRQHandler
                0x0800035c                ETH_WKUP_IRQHandler
                0x0800035c                SPI2_IRQHandler
                0x0800035c                OTG_HS_EP1_IN_IRQHandler
                0x0800035c                MemManage_Handler
                0x0800035c                DMA1_Stream0_IRQHandler
                0x0800035c                CAN1_TX_IRQHandler
                0x0800035c                SVC_Handler
                0x0800035c                EXTI4_IRQHandler
                0x0800035c                FSMC_IRQHandler
                0x0800035c                ETH_IRQHandler
                0x0800035c                OTG_HS_EP1_OUT_IRQHandler
                0x0800035c                WWDG_IRQHandler
                0x0800035c                TIM2_IRQHandler
                0x0800035c                OTG_FS_WKUP_IRQHandler
                0x0800035c                TIM1_TRG_COM_TIM11_IRQHandler
                0x0800035c                OTG_HS_IRQHandler
                0x0800035c                EXTI1_IRQHandler
                0x0800035c                USART2_IRQHandler
                0x0800035c                I2C2_ER_IRQHandler
                0x0800035c                DMA2_Stream1_IRQHandler
                0x0800035c                CAN1_SCE_IRQHandler
                0x0800035c                FLASH_IRQHandler
                0x0800035c                DMA2_Stream4_IRQHandler
                0x0800035c                BusFault_Handler
                0x0800035c                USART1_IRQHandler
                0x0800035c                OTG_FS_IRQHandler
                0x0800035c                SPI3_IRQHandler
                0x0800035c                DMA1_Stream4_IRQHandler
                0x0800035c                I2C1_ER_IRQHandler
                0x0800035c                DMA2_Stream6_IRQHandler
                0x0800035c                DMA1_Stream3_IRQHandler
 .text.usart_init
                0x08000360       0xc8 ..\obj\main.o
                0x08000360                usart_init
 .text.usPrintChar
                0x08000428       0x2c ..\obj\main.o
                0x08000428                usPrintChar
 .text.usartSendWord
                0x08000454       0x14 ..\obj\main.o
                0x08000454                usartSendWord
 .text.delay    0x08000468       0x10 ..\obj\main.o
                0x08000468                delay
 .text.PWM_init
                0x08000478       0xd4 ..\obj\main.o
                0x08000478                PWM_init
 .text.main     0x0800054c       0x98 ..\obj\main.o
                0x0800054c                main
 .text.DCMI_IRQHandler
                0x080005e4       0xd4 ..\obj\main.o
                0x080005e4                DCMI_IRQHandler
 .text.RCC_MCO2Config
                0x080006b8       0x18 ..\obj\stm32f4xx_rcc.o
                0x080006b8                RCC_MCO2Config
 .text.RCC_GetClocksFreq
                0x080006d0       0xd8 ..\obj\stm32f4xx_rcc.o
                0x080006d0                RCC_GetClocksFreq
 .text.RCC_AHB1PeriphClockCmd
                0x080007a8       0x24 ..\obj\stm32f4xx_rcc.o
                0x080007a8                RCC_AHB1PeriphClockCmd
 .text.RCC_APB1PeriphClockCmd
                0x080007cc       0x24 ..\obj\stm32f4xx_rcc.o
                0x080007cc                RCC_APB1PeriphClockCmd
 .text.RCC_APB2PeriphClockCmd
                0x080007f0       0x24 ..\obj\stm32f4xx_rcc.o
                0x080007f0                RCC_APB2PeriphClockCmd
 .text.RCC_APB1PeriphResetCmd
                0x08000814       0x24 ..\obj\stm32f4xx_rcc.o
                0x08000814                RCC_APB1PeriphResetCmd
 .text.RCC_APB2PeriphResetCmd
                0x08000838       0x24 ..\obj\stm32f4xx_rcc.o
                0x08000838                RCC_APB2PeriphResetCmd
 .text.DCMI_Cmd
                0x0800085c       0x28 ..\obj\stm32f4xx_dcmi.o
                0x0800085c                DCMI_Cmd
 .text.DCMI_CaptureCmd
                0x08000884       0x28 ..\obj\stm32f4xx_dcmi.o
                0x08000884                DCMI_CaptureCmd
 .text.DCMI_GetFlagStatus
                0x080008ac       0x30 ..\obj\stm32f4xx_dcmi.o
                0x080008ac                DCMI_GetFlagStatus
 .text.DCMI_ClearFlag
                0x080008dc        0xc ..\obj\stm32f4xx_dcmi.o
                0x080008dc                DCMI_ClearFlag
 .text.DCMI_GetITStatus
                0x080008e8       0x14 ..\obj\stm32f4xx_dcmi.o
                0x080008e8                DCMI_GetITStatus
 .text.DCMI_ClearITPendingBit
                0x080008fc        0xc ..\obj\stm32f4xx_dcmi.o
                0x080008fc                DCMI_ClearITPendingBit
 .text.GPIO_Init
                0x08000908       0xbc ..\obj\stm32f4xx_gpio.o
                0x08000908                GPIO_Init
 .text.GPIO_PinAFConfig
                0x080009c4       0x38 ..\obj\stm32f4xx_gpio.o
                0x080009c4                GPIO_PinAFConfig
 .text.SystemInit
                0x080009fc      0x138 ..\obj\system_stm32f4xx.o
                0x080009fc                SystemInit
 .text.DMA_Cmd  0x08000b34       0x18 ..\obj\stm32f4xx_dma.o
                0x08000b34                DMA_Cmd
 .text.TIM_DeInit
                0x08000b4c      0x20c ..\obj\stm32f4xx_tim.o
                0x08000b4c                TIM_DeInit
 .text.TIM_TimeBaseInit
                0x08000d58       0xac ..\obj\stm32f4xx_tim.o
                0x08000d58                TIM_TimeBaseInit
 .text.TIM_ARRPreloadConfig
                0x08000e04       0x20 ..\obj\stm32f4xx_tim.o
                0x08000e04                TIM_ARRPreloadConfig
 .text.TIM_Cmd  0x08000e24       0x20 ..\obj\stm32f4xx_tim.o
                0x08000e24                TIM_Cmd
 .text.TIM_OC1Init
                0x08000e44       0x8c ..\obj\stm32f4xx_tim.o
                0x08000e44                TIM_OC1Init
 .text.TIM_OC1PreloadConfig
                0x08000ed0       0x14 ..\obj\stm32f4xx_tim.o
                0x08000ed0                TIM_OC1PreloadConfig
 .text.TIM_CtrlPWMOutputs
                0x08000ee4       0x28 ..\obj\stm32f4xx_tim.o
                0x08000ee4                TIM_CtrlPWMOutputs
 *(.glue_7t)
 .glue_7t       0x00000000        0x0 linker stubs
 *(.glue_7)
 .glue_7        0x00000000        0x0 linker stubs
 *(.rodata .rodata* .gnu.linkonce.r.*)

.vfp11_veneer   0x08000f0c        0x0
 .vfp11_veneer  0x00000000        0x0 linker stubs

.v4_bx          0x08000f0c        0x0
 .v4_bx         0x00000000        0x0 linker stubs

.ARM.extab
 *(.ARM.extab* .gnu.linkonce.armextab.*)
                0x08000f0c                __exidx_start = .

.ARM.exidx
 *(.ARM.exidx* .gnu.linkonce.armexidx.*)
                0x08000f0c                __exidx_end = .
                0x08000f0c                . = ALIGN (0x4)
                0x08000f0c                _etext = .
                0x08000f0c                _sidata = .

.data           0x20000000       0x14 load address 0x08000f0c
                0x20000000                _sdata = .
 *(.data .data.*)
 .data          0x20000000        0x4 ..\obj\main.o
 .data          0x20000004       0x10 ..\obj\stm32f4xx_rcc.o
                0x20000014                . = ALIGN (0x4)
                0x20000014                _edata = .

.bss            0x20000014     0xc610 load address 0x08000f20
                0x20000014                _sbss = .
 *(.bss .bss.*)
 .bss           0x20000014       0x10 ..\obj\main.o
                0x20000014                num_dcmi
                0x20000018                num_dcmi_frame
                0x2000001c                num_dcmi_vsync
                0x20000020                num_dcmi_line
 *(COMMON)
 COMMON         0x20000024     0xc600 ..\obj\main.o
                0x20000024                RAM_Buffer
                0x2000c624                . = ALIGN (0x4)
                0x2000c624                _ebss = .

.co_stack       0x2000c624      0x804 load address 0x0800d530
                0x2000c628                . = ALIGN (0x8)
 *fill*         0x2000c624        0x4 00
 *(.co_stack .co_stack.*)
 .co_stack      0x2000c628      0x800 ..\obj\startup_stm32f4xx.o
                0x2000c628                pulStack
                0x2000ce28                . = ALIGN (0x4)
                0x2000ce28                _end = .
LOAD ..\obj\i2c.o
LOAD ..\obj\stm32f4xx_usart.o
LOAD ..\obj\startup_stm32f4xx.o
LOAD ..\obj\main.o
LOAD ..\obj\stm32f4xx_rcc.o
LOAD ..\obj\printf.o
LOAD ..\obj\stm32f4xx_dcmi.o
LOAD ..\obj\stm32f4xx_gpio.o
LOAD ..\obj\system_stm32f4xx.o
LOAD ..\obj\syscalls.o
LOAD ..\obj\stm32f4xx_dma.o
LOAD ..\obj\stm32f4xx_i2c.o
LOAD ..\obj\misc.o
LOAD ..\obj\ov7670.o
LOAD ..\obj\stm32f4xx_tim.o
START GROUP
LOAD e:/dev/gcc-arm/bin/../lib/gcc/arm-none-eabi/4.6.2/armv7e-m\libgcc.a
LOAD e:/dev/gcc-arm/bin/../lib/gcc/arm-none-eabi/4.6.2/../../../../arm-none-eabi/lib/armv7e-m\libg.a
LOAD e:/dev/gcc-arm/bin/../lib/gcc/arm-none-eabi/4.6.2/../../../../arm-none-eabi/lib/armv7e-m\libc.a
END GROUP
OUTPUT(ov7670.elf elf32-littlearm)

.debug_info     0x00000000     0x9045
 .debug_info    0x00000000      0x575 ..\obj\i2c.o
 .debug_info    0x00000575      0xa36 ..\obj\stm32f4xx_usart.o
 .debug_info    0x00000fab      0x144 ..\obj\startup_stm32f4xx.o
 .debug_info    0x000010ef      0xaaf ..\obj\main.o
 .debug_info    0x00001b9e      0xd0d ..\obj\stm32f4xx_rcc.o
 .debug_info    0x000028ab     0x10dd ..\obj\printf.o
 .debug_info    0x00003988      0x58f ..\obj\stm32f4xx_dcmi.o
 .debug_info    0x00003f17      0x62b ..\obj\stm32f4xx_gpio.o
 .debug_info    0x00004542      0x641 ..\obj\system_stm32f4xx.o
 .debug_info    0x00004b83      0x43a ..\obj\syscalls.o
 .debug_info    0x00004fbd      0x78d ..\obj\stm32f4xx_dma.o
 .debug_info    0x0000574a      0xb69 ..\obj\stm32f4xx_i2c.o
 .debug_info    0x000062b3      0x596 ..\obj\misc.o
 .debug_info    0x00006849      0x9c1 ..\obj\ov7670.o
 .debug_info    0x0000720a     0x1e3b ..\obj\stm32f4xx_tim.o

.debug_abbrev   0x00000000     0x18e9
 .debug_abbrev  0x00000000      0x12f ..\obj\i2c.o
 .debug_abbrev  0x0000012f      0x1ab ..\obj\stm32f4xx_usart.o
 .debug_abbrev  0x000002da       0xb9 ..\obj\startup_stm32f4xx.o
 .debug_abbrev  0x00000393      0x22b ..\obj\main.o
 .debug_abbrev  0x000005be      0x1f6 ..\obj\stm32f4xx_rcc.o
 .debug_abbrev  0x000007b4      0x2f8 ..\obj\printf.o
 .debug_abbrev  0x00000aac      0x1af ..\obj\stm32f4xx_dcmi.o
 .debug_abbrev  0x00000c5b      0x1ce ..\obj\stm32f4xx_gpio.o
 .debug_abbrev  0x00000e29      0x16c ..\obj\system_stm32f4xx.o
 .debug_abbrev  0x00000f95       0xed ..\obj\syscalls.o
 .debug_abbrev  0x00001082      0x19c ..\obj\stm32f4xx_dma.o
 .debug_abbrev  0x0000121e      0x194 ..\obj\stm32f4xx_i2c.o
 .debug_abbrev  0x000013b2      0x14c ..\obj\misc.o
 .debug_abbrev  0x000014fe      0x1e6 ..\obj\ov7670.o
 .debug_abbrev  0x000016e4      0x205 ..\obj\stm32f4xx_tim.o

.debug_loc      0x00000000     0x4290
 .debug_loc     0x00000000      0x190 ..\obj\i2c.o
 .debug_loc     0x00000190      0x67d ..\obj\stm32f4xx_usart.o
 .debug_loc     0x0000080d       0x33 ..\obj\startup_stm32f4xx.o
 .debug_loc     0x00000840      0x15a ..\obj\main.o
 .debug_loc     0x0000099a      0x779 ..\obj\stm32f4xx_rcc.o
 .debug_loc     0x00001113      0xa5c ..\obj\printf.o
 .debug_loc     0x00001b6f      0x17c ..\obj\stm32f4xx_dcmi.o
 .debug_loc     0x00001ceb      0x280 ..\obj\stm32f4xx_gpio.o
 .debug_loc     0x00001f6b      0x19a ..\obj\system_stm32f4xx.o
 .debug_loc     0x00002105       0x98 ..\obj\syscalls.o
 .debug_loc     0x0000219d      0x34c ..\obj\stm32f4xx_dma.o
 .debug_loc     0x000024e9      0x651 ..\obj\stm32f4xx_i2c.o
 .debug_loc     0x00002b3a      0x130 ..\obj\misc.o
 .debug_loc     0x00002c6a      0x15c ..\obj\ov7670.o
 .debug_loc     0x00002dc6     0x14ca ..\obj\stm32f4xx_tim.o

.debug_aranges  0x00000000      0xab8
 .debug_aranges
                0x00000000       0x48 ..\obj\i2c.o
 .debug_aranges
                0x00000048      0x100 ..\obj\stm32f4xx_usart.o
 .debug_aranges
                0x00000148       0x28 ..\obj\startup_stm32f4xx.o
 .debug_aranges
                0x00000170       0x50 ..\obj\main.o
 .debug_aranges
                0x000001c0      0x178 ..\obj\stm32f4xx_rcc.o
 .debug_aranges
                0x00000338       0xa0 ..\obj\printf.o
 .debug_aranges
                0x000003d8       0x90 ..\obj\stm32f4xx_dcmi.o
 .debug_aranges
                0x00000468       0x88 ..\obj\stm32f4xx_gpio.o
 .debug_aranges
                0x000004f0       0x28 ..\obj\system_stm32f4xx.o
 .debug_aranges
                0x00000518       0x60 ..\obj\syscalls.o
 .debug_aranges
                0x00000578       0xb0 ..\obj\stm32f4xx_dma.o
 .debug_aranges
                0x00000628      0x120 ..\obj\stm32f4xx_i2c.o
 .debug_aranges
                0x00000748       0x40 ..\obj\misc.o
 .debug_aranges
                0x00000788       0x48 ..\obj\ov7670.o
 .debug_aranges
                0x000007d0      0x2e8 ..\obj\stm32f4xx_tim.o

.debug_ranges   0x00000000      0x9c8
 .debug_ranges  0x00000000       0x38 ..\obj\i2c.o
 .debug_ranges  0x00000038       0xf0 ..\obj\stm32f4xx_usart.o
 .debug_ranges  0x00000128       0x18 ..\obj\startup_stm32f4xx.o
 .debug_ranges  0x00000140       0x40 ..\obj\main.o
 .debug_ranges  0x00000180      0x168 ..\obj\stm32f4xx_rcc.o
 .debug_ranges  0x000002e8       0x90 ..\obj\printf.o
 .debug_ranges  0x00000378       0x80 ..\obj\stm32f4xx_dcmi.o
 .debug_ranges  0x000003f8       0x78 ..\obj\stm32f4xx_gpio.o
 .debug_ranges  0x00000470       0x18 ..\obj\system_stm32f4xx.o
 .debug_ranges  0x00000488       0x50 ..\obj\syscalls.o
 .debug_ranges  0x000004d8       0xa0 ..\obj\stm32f4xx_dma.o
 .debug_ranges  0x00000578      0x110 ..\obj\stm32f4xx_i2c.o
 .debug_ranges  0x00000688       0x30 ..\obj\misc.o
 .debug_ranges  0x000006b8       0x38 ..\obj\ov7670.o
 .debug_ranges  0x000006f0      0x2d8 ..\obj\stm32f4xx_tim.o

.debug_line     0x00000000     0x3284
 .debug_line    0x00000000      0x23b ..\obj\i2c.o
 .debug_line    0x0000023b      0x434 ..\obj\stm32f4xx_usart.o
 .debug_line    0x0000066f       0x96 ..\obj\startup_stm32f4xx.o
 .debug_line    0x00000705      0x2f0 ..\obj\main.o
 .debug_line    0x000009f5      0x515 ..\obj\stm32f4xx_rcc.o
 .debug_line    0x00000f0a      0x427 ..\obj\printf.o
 .debug_line    0x00001331      0x2c7 ..\obj\stm32f4xx_dcmi.o
 .debug_line    0x000015f8      0x2d1 ..\obj\stm32f4xx_gpio.o
 .debug_line    0x000018c9      0x1ad ..\obj\system_stm32f4xx.o
 .debug_line    0x00001a76      0x169 ..\obj\syscalls.o
 .debug_line    0x00001bdf      0x368 ..\obj\stm32f4xx_dma.o
 .debug_line    0x00001f47      0x46b ..\obj\stm32f4xx_i2c.o
 .debug_line    0x000023b2      0x1e4 ..\obj\misc.o
 .debug_line    0x00002596      0x33f ..\obj\ov7670.o
 .debug_line    0x000028d5      0x9af ..\obj\stm32f4xx_tim.o

.debug_str      0x00000000     0x361c
 .debug_str     0x00000000      0x3e4 ..\obj\i2c.o
                                0x425 (size before relaxing)
 .debug_str     0x000003e4      0x4b1 ..\obj\stm32f4xx_usart.o
                                0x627 (size before relaxing)
 .debug_str     0x00000895       0xae ..\obj\startup_stm32f4xx.o
                                0x116 (size before relaxing)
 .debug_str     0x00000943      0x31e ..\obj\main.o
                                0x6b8 (size before relaxing)
 .debug_str     0x00000c61      0x5c7 ..\obj\stm32f4xx_rcc.o
                                0x7e8 (size before relaxing)
 .debug_str     0x00001228      0x49f ..\obj\printf.o
                                0x6a7 (size before relaxing)
 .debug_str     0x000016c7      0x320 ..\obj\stm32f4xx_dcmi.o
                                0x471 (size before relaxing)
 .debug_str     0x000019e7      0x19c ..\obj\stm32f4xx_gpio.o
                                0x43b (size before relaxing)
 .debug_str     0x00001b83      0x116 ..\obj\system_stm32f4xx.o
                                0x342 (size before relaxing)
 .debug_str     0x00001c99      0x148 ..\obj\syscalls.o
                                0x291 (size before relaxing)
 .debug_str     0x00001de1      0x365 ..\obj\stm32f4xx_dma.o
                                0x4e4 (size before relaxing)
 .debug_str     0x00002146      0x339 ..\obj\stm32f4xx_i2c.o
                                0x5fd (size before relaxing)
 .debug_str     0x0000247f      0x1d0 ..\obj\misc.o
                                0x371 (size before relaxing)
 .debug_str     0x0000264f      0x5d1 ..\obj\ov7670.o
                                0xb2e (size before relaxing)
 .debug_str     0x00002c20      0x9fc ..\obj\stm32f4xx_tim.o
                                0xd68 (size before relaxing)

.comment        0x00000000       0x70
 .comment       0x00000000       0x70 ..\obj\i2c.o
                                 0x71 (size before relaxing)
 .comment       0x00000000       0x71 ..\obj\stm32f4xx_usart.o
 .comment       0x00000000       0x71 ..\obj\startup_stm32f4xx.o
 .comment       0x00000000       0x71 ..\obj\main.o
 .comment       0x00000000       0x71 ..\obj\stm32f4xx_rcc.o
 .comment       0x00000000       0x71 ..\obj\printf.o
 .comment       0x00000000       0x71 ..\obj\stm32f4xx_dcmi.o
 .comment       0x00000000       0x71 ..\obj\stm32f4xx_gpio.o
 .comment       0x00000000       0x71 ..\obj\system_stm32f4xx.o
 .comment       0x00000000       0x71 ..\obj\syscalls.o
 .comment       0x00000000       0x71 ..\obj\stm32f4xx_dma.o
 .comment       0x00000000       0x71 ..\obj\stm32f4xx_i2c.o
 .comment       0x00000000       0x71 ..\obj\misc.o
 .comment       0x00000000       0x71 ..\obj\ov7670.o
 .comment       0x00000000       0x71 ..\obj\stm32f4xx_tim.o

.ARM.attributes
                0x00000000       0x39
 .ARM.attributes
                0x00000000       0x39 ..\obj\i2c.o
 .ARM.attributes
                0x00000039       0x39 ..\obj\stm32f4xx_usart.o
 .ARM.attributes
                0x00000072       0x39 ..\obj\startup_stm32f4xx.o
 .ARM.attributes
                0x000000ab       0x39 ..\obj\main.o
 .ARM.attributes
                0x000000e4       0x39 ..\obj\stm32f4xx_rcc.o
 .ARM.attributes
                0x0000011d       0x39 ..\obj\printf.o
 .ARM.attributes
                0x00000156       0x39 ..\obj\stm32f4xx_dcmi.o
 .ARM.attributes
                0x0000018f       0x39 ..\obj\stm32f4xx_gpio.o
 .ARM.attributes
                0x000001c8       0x39 ..\obj\system_stm32f4xx.o
 .ARM.attributes
                0x00000201       0x39 ..\obj\syscalls.o
 .ARM.attributes
                0x0000023a       0x39 ..\obj\stm32f4xx_dma.o
 .ARM.attributes
                0x00000273       0x39 ..\obj\stm32f4xx_i2c.o
 .ARM.attributes
                0x000002ac       0x39 ..\obj\misc.o
 .ARM.attributes
                0x000002e5       0x39 ..\obj\ov7670.o
 .ARM.attributes
                0x0000031e       0x39 ..\obj\stm32f4xx_tim.o

.debug_frame    0x00000000     0x16d8
 .debug_frame   0x00000000       0xbc ..\obj\i2c.o
 .debug_frame   0x000000bc      0x20c ..\obj\stm32f4xx_usart.o
 .debug_frame   0x000002c8       0x38 ..\obj\startup_stm32f4xx.o
 .debug_frame   0x00000300       0xd0 ..\obj\main.o
 .debug_frame   0x000003d0      0x2e4 ..\obj\stm32f4xx_rcc.o
 .debug_frame   0x000006b4      0x214 ..\obj\printf.o
 .debug_frame   0x000008c8      0x108 ..\obj\stm32f4xx_dcmi.o
 .debug_frame   0x000009d0      0x118 ..\obj\stm32f4xx_gpio.o
 .debug_frame   0x00000ae8       0x34 ..\obj\system_stm32f4xx.o
 .debug_frame   0x00000b1c       0xa0 ..\obj\syscalls.o
 .debug_frame   0x00000bbc      0x168 ..\obj\stm32f4xx_dma.o
 .debug_frame   0x00000d24      0x240 ..\obj\stm32f4xx_i2c.o
 .debug_frame   0x00000f64       0x68 ..\obj\misc.o
 .debug_frame   0x00000fcc       0xb0 ..\obj\ov7670.o
 .debug_frame   0x0000107c      0x65c ..\obj\stm32f4xx_tim.o
