
Allocating common symbols
Common symbol       size              file

RAM_Buffer          0xc600            ..\obj\main.o

Discarded input sections

 .text          0x00000000        0x0 ..\obj\i2c.o
 .data          0x00000000        0x0 ..\obj\i2c.o
 .bss           0x00000000        0x0 ..\obj\i2c.o
 .text.I2C_read_ack
                0x00000000       0x40 ..\obj\i2c.o
 .text          0x00000000        0x0 ..\obj\stm32f4xx_usart.o
 .data          0x00000000        0x0 ..\obj\stm32f4xx_usart.o
 .bss           0x00000000        0x0 ..\obj\stm32f4xx_usart.o
 .text.USART_DeInit
                0x00000000      0x100 ..\obj\stm32f4xx_usart.o
 .text.USART_StructInit
                0x00000000       0x44 ..\obj\stm32f4xx_usart.o
 .text.USART_ClockInit
                0x00000000       0x54 ..\obj\stm32f4xx_usart.o
 .text.USART_ClockStructInit
                0x00000000       0x34 ..\obj\stm32f4xx_usart.o
 .text.USART_SetPrescaler
                0x00000000       0x38 ..\obj\stm32f4xx_usart.o
 .text.USART_OneBitMethodCmd
                0x00000000       0x40 ..\obj\stm32f4xx_usart.o
 .text.USART_SetAddress
                0x00000000       0x38 ..\obj\stm32f4xx_usart.o
 .text.USART_ReceiverWakeUpCmd
                0x00000000       0x40 ..\obj\stm32f4xx_usart.o
 .text.USART_WakeUpConfig
                0x00000000       0x38 ..\obj\stm32f4xx_usart.o
 .text.USART_LINBreakDetectLengthConfig
                0x00000000       0x38 ..\obj\stm32f4xx_usart.o
 .text.USART_LINCmd
                0x00000000       0x40 ..\obj\stm32f4xx_usart.o
 .text.USART_SendBreak
                0x00000000       0x24 ..\obj\stm32f4xx_usart.o
 .text.USART_HalfDuplexCmd
                0x00000000       0x40 ..\obj\stm32f4xx_usart.o
 .text.USART_SetGuardTime
                0x00000000       0x3c ..\obj\stm32f4xx_usart.o
 .text.USART_SmartCardCmd
                0x00000000       0x40 ..\obj\stm32f4xx_usart.o
 .text.USART_SmartCardNACKCmd
                0x00000000       0x40 ..\obj\stm32f4xx_usart.o
 .text.USART_IrDAConfig
                0x00000000       0x38 ..\obj\stm32f4xx_usart.o
 .text.USART_IrDACmd
                0x00000000       0x40 ..\obj\stm32f4xx_usart.o
 .text.USART_DMACmd
                0x00000000       0x48 ..\obj\stm32f4xx_usart.o
 .text.USART_ITConfig
                0x00000000       0xa4 ..\obj\stm32f4xx_usart.o
 .text.USART_ClearFlag
                0x00000000       0x24 ..\obj\stm32f4xx_usart.o
 .text.USART_GetITStatus
                0x00000000       0xc4 ..\obj\stm32f4xx_usart.o
 .text.USART_ClearITPendingBit
                0x00000000       0x44 ..\obj\stm32f4xx_usart.o
 .text          0x00000000        0x0 ..\obj\startup_stm32f4xx.o
 .data          0x00000000        0x0 ..\obj\startup_stm32f4xx.o
 .bss           0x00000000        0x0 ..\obj\startup_stm32f4xx.o
 .text          0x00000000        0x0 ..\obj\main.o
 .data          0x00000000        0x4 ..\obj\main.o
 .text.PWM_init
                0x00000000      0x110 ..\obj\main.o
 .text          0x00000000        0x0 ..\obj\stm32f4xx_rcc.o
 .bss           0x00000000        0x0 ..\obj\stm32f4xx_rcc.o
 .text.RCC_DeInit
                0x00000000       0x84 ..\obj\stm32f4xx_rcc.o
 .text.RCC_HSEConfig
                0x00000000       0x30 ..\obj\stm32f4xx_rcc.o
 .text.RCC_WaitForHSEStartUp
                0x00000000       0x64 ..\obj\stm32f4xx_rcc.o
 .text.RCC_AdjustHSICalibrationValue
                0x00000000       0x48 ..\obj\stm32f4xx_rcc.o
 .text.RCC_HSICmd
                0x00000000       0x20 ..\obj\stm32f4xx_rcc.o
 .text.RCC_LSEConfig
                0x00000000       0x60 ..\obj\stm32f4xx_rcc.o
 .text.RCC_LSICmd
                0x00000000       0x20 ..\obj\stm32f4xx_rcc.o
 .text.RCC_PLLConfig
                0x00000000       0x48 ..\obj\stm32f4xx_rcc.o
 .text.RCC_PLLCmd
                0x00000000       0x20 ..\obj\stm32f4xx_rcc.o
 .text.RCC_PLLI2SConfig
                0x00000000       0x30 ..\obj\stm32f4xx_rcc.o
 .text.RCC_PLLI2SCmd
                0x00000000       0x20 ..\obj\stm32f4xx_rcc.o
 .text.RCC_ClockSecuritySystemCmd
                0x00000000       0x20 ..\obj\stm32f4xx_rcc.o
 .text.RCC_MCO1Config
                0x00000000       0x48 ..\obj\stm32f4xx_rcc.o
 .text.RCC_SYSCLKConfig
                0x00000000       0x40 ..\obj\stm32f4xx_rcc.o
 .text.RCC_GetSYSCLKSource
                0x00000000       0x20 ..\obj\stm32f4xx_rcc.o
 .text.RCC_HCLKConfig
                0x00000000       0x40 ..\obj\stm32f4xx_rcc.o
 .text.RCC_PCLK1Config
                0x00000000       0x40 ..\obj\stm32f4xx_rcc.o
 .text.RCC_PCLK2Config
                0x00000000       0x44 ..\obj\stm32f4xx_rcc.o
 .text.RCC_RTCCLKConfig
                0x00000000       0x78 ..\obj\stm32f4xx_rcc.o
 .text.RCC_RTCCLKCmd
                0x00000000       0x20 ..\obj\stm32f4xx_rcc.o
 .text.RCC_BackupResetCmd
                0x00000000       0x20 ..\obj\stm32f4xx_rcc.o
 .text.RCC_I2SCLKConfig
                0x00000000       0x20 ..\obj\stm32f4xx_rcc.o
 .text.RCC_AHB3PeriphClockCmd
                0x00000000       0x58 ..\obj\stm32f4xx_rcc.o
 .text.RCC_APB2PeriphClockCmd
                0x00000000       0x58 ..\obj\stm32f4xx_rcc.o
 .text.RCC_AHB1PeriphResetCmd
                0x00000000       0x58 ..\obj\stm32f4xx_rcc.o
 .text.RCC_AHB2PeriphResetCmd
                0x00000000       0x58 ..\obj\stm32f4xx_rcc.o
 .text.RCC_AHB3PeriphResetCmd
                0x00000000       0x58 ..\obj\stm32f4xx_rcc.o
 .text.RCC_APB1PeriphResetCmd
                0x00000000       0x58 ..\obj\stm32f4xx_rcc.o
 .text.RCC_APB2PeriphResetCmd
                0x00000000       0x58 ..\obj\stm32f4xx_rcc.o
 .text.RCC_AHB1PeriphClockLPModeCmd
                0x00000000       0x58 ..\obj\stm32f4xx_rcc.o
 .text.RCC_AHB2PeriphClockLPModeCmd
                0x00000000       0x58 ..\obj\stm32f4xx_rcc.o
 .text.RCC_AHB3PeriphClockLPModeCmd
                0x00000000       0x58 ..\obj\stm32f4xx_rcc.o
 .text.RCC_APB1PeriphClockLPModeCmd
                0x00000000       0x58 ..\obj\stm32f4xx_rcc.o
 .text.RCC_APB2PeriphClockLPModeCmd
                0x00000000       0x58 ..\obj\stm32f4xx_rcc.o
 .text.RCC_ITConfig
                0x00000000       0x60 ..\obj\stm32f4xx_rcc.o
 .text.RCC_GetFlagStatus
                0x00000000       0x90 ..\obj\stm32f4xx_rcc.o
 .text.RCC_ClearFlag
                0x00000000       0x24 ..\obj\stm32f4xx_rcc.o
 .text.RCC_GetITStatus
                0x00000000       0x40 ..\obj\stm32f4xx_rcc.o
 .text.RCC_ClearITPendingBit
                0x00000000       0x20 ..\obj\stm32f4xx_rcc.o
 .text          0x00000000        0x0 ..\obj\printf.o
 .data          0x00000000      0x430 ..\obj\printf.o
 .bss           0x00000000        0x0 ..\obj\printf.o
 .text.PrintChar
                0x00000000       0x40 ..\obj\printf.o
 .text.PutChar  0x00000000       0x24 ..\obj\printf.o
 .text.PutString
                0x00000000       0x48 ..\obj\printf.o
 .text.PutUnsignedInt
                0x00000000       0xbc ..\obj\printf.o
 .text.PutSignedInt
                0x00000000      0x130 ..\obj\printf.o
 .text.PutHexa  0x00000000       0xe8 ..\obj\printf.o
 .text.vsnprintf
                0x00000000      0x2b0 ..\obj\printf.o
 .text.snprintf
                0x00000000       0x34 ..\obj\printf.o
 .text.vsprintf
                0x00000000       0x28 ..\obj\printf.o
 .rodata        0x00000000       0x24 ..\obj\printf.o
 .text.vfprintf
                0x00000000       0x6c ..\obj\printf.o
 .text.vprintf  0x00000000       0x2c ..\obj\printf.o
 .text.fprintf  0x00000000       0x30 ..\obj\printf.o
 .text.printf   0x00000000       0x2c ..\obj\printf.o
 .text.sprintf  0x00000000       0x30 ..\obj\printf.o
 .text.puts     0x00000000       0x28 ..\obj\printf.o
 .text.fputc    0x00000000       0x4c ..\obj\printf.o
 .text.fputs    0x00000000       0x50 ..\obj\printf.o
 .text          0x00000000        0x0 ..\obj\stm32f4xx_dcmi.o
 .data          0x00000000        0x0 ..\obj\stm32f4xx_dcmi.o
 .bss           0x00000000        0x0 ..\obj\stm32f4xx_dcmi.o
 .text.DCMI_StructInit
                0x00000000       0x4c ..\obj\stm32f4xx_dcmi.o
 .text.DCMI_CROPConfig
                0x00000000       0x48 ..\obj\stm32f4xx_dcmi.o
 .text.DCMI_CROPCmd
                0x00000000       0x4c ..\obj\stm32f4xx_dcmi.o
 .text.DCMI_SetEmbeddedSynchroCodes
                0x00000000       0x40 ..\obj\stm32f4xx_dcmi.o
 .text.DCMI_JPEGCmd
                0x00000000       0x4c ..\obj\stm32f4xx_dcmi.o
 .text.DCMI_ReadData
                0x00000000       0x18 ..\obj\stm32f4xx_dcmi.o
 .text          0x00000000        0x0 ..\obj\stm32f4xx_gpio.o
 .data          0x00000000        0x0 ..\obj\stm32f4xx_gpio.o
 .bss           0x00000000        0x0 ..\obj\stm32f4xx_gpio.o
 .text.GPIO_DeInit
                0x00000000      0x178 ..\obj\stm32f4xx_gpio.o
 .text.GPIO_StructInit
                0x00000000       0x3c ..\obj\stm32f4xx_gpio.o
 .text.GPIO_PinLockConfig
                0x00000000       0x44 ..\obj\stm32f4xx_gpio.o
 .text.GPIO_ReadInputDataBit
                0x00000000       0x3c ..\obj\stm32f4xx_gpio.o
 .text.GPIO_ReadInputData
                0x00000000       0x1c ..\obj\stm32f4xx_gpio.o
 .text.GPIO_ReadOutputDataBit
                0x00000000       0x3c ..\obj\stm32f4xx_gpio.o
 .text.GPIO_ReadOutputData
                0x00000000       0x1c ..\obj\stm32f4xx_gpio.o
 .text.GPIO_SetBits
                0x00000000       0x1c ..\obj\stm32f4xx_gpio.o
 .text.GPIO_ResetBits
                0x00000000       0x1c ..\obj\stm32f4xx_gpio.o
 .text.GPIO_WriteBit
                0x00000000       0x30 ..\obj\stm32f4xx_gpio.o
 .text.GPIO_Write
                0x00000000       0x1c ..\obj\stm32f4xx_gpio.o
 .text.GPIO_ToggleBits
                0x00000000       0x24 ..\obj\stm32f4xx_gpio.o
 .text          0x00000000        0x0 ..\obj\system_stm32f4xx.o
 .data          0x00000000       0x14 ..\obj\system_stm32f4xx.o
 .bss           0x00000000        0x0 ..\obj\system_stm32f4xx.o
 .text.SystemCoreClockUpdate
                0x00000000      0x174 ..\obj\system_stm32f4xx.o
 .text          0x00000000        0x0 ..\obj\syscalls.o
 .data          0x00000000        0x0 ..\obj\syscalls.o
 .bss           0x00000000        0x4 ..\obj\syscalls.o
 .text._sbrk    0x00000000       0x5c ..\obj\syscalls.o
 .text.link     0x00000000       0x1c ..\obj\syscalls.o
 .text._close   0x00000000       0x18 ..\obj\syscalls.o
 .text._fstat   0x00000000       0x24 ..\obj\syscalls.o
 .text._isatty  0x00000000       0x18 ..\obj\syscalls.o
 .text._lseek   0x00000000       0x1c ..\obj\syscalls.o
 .text._read    0x00000000       0x1c ..\obj\syscalls.o
 .text._write   0x00000000       0x1c ..\obj\syscalls.o
 .text.abort    0x00000000        0x8 ..\obj\syscalls.o
 .text          0x00000000        0x0 ..\obj\stm32f4xx_dma.o
 .data          0x00000000        0x0 ..\obj\stm32f4xx_dma.o
 .bss           0x00000000        0x0 ..\obj\stm32f4xx_dma.o
 .text.DMA_StructInit
                0x00000000       0x8c ..\obj\stm32f4xx_dma.o
 .text.DMA_PeriphIncOffsetSizeConfig
                0x00000000       0x34 ..\obj\stm32f4xx_dma.o
 .text.DMA_FlowControllerConfig
                0x00000000       0x34 ..\obj\stm32f4xx_dma.o
 .text.DMA_SetCurrDataCounter
                0x00000000       0x1c ..\obj\stm32f4xx_dma.o
 .text.DMA_GetCurrDataCounter
                0x00000000       0x1c ..\obj\stm32f4xx_dma.o
 .text.DMA_DoubleBufferModeConfig
                0x00000000       0x3c ..\obj\stm32f4xx_dma.o
 .text.DMA_DoubleBufferModeCmd
                0x00000000       0x38 ..\obj\stm32f4xx_dma.o
 .text.DMA_MemoryTargetConfig
                0x00000000       0x2c ..\obj\stm32f4xx_dma.o
 .text.DMA_GetCurrentMemoryTarget
                0x00000000       0x38 ..\obj\stm32f4xx_dma.o
 .text.DMA_GetFIFOStatus
                0x00000000       0x28 ..\obj\stm32f4xx_dma.o
 .text.DMA_GetFlagStatus
                0x00000000       0x88 ..\obj\stm32f4xx_dma.o
 .text.DMA_ClearFlag
                0x00000000       0x64 ..\obj\stm32f4xx_dma.o
 .text.DMA_ITConfig
                0x00000000       0x78 ..\obj\stm32f4xx_dma.o
 .text.DMA_GetITStatus
                0x00000000       0xc8 ..\obj\stm32f4xx_dma.o
 .text.DMA_ClearITPendingBit
                0x00000000       0x64 ..\obj\stm32f4xx_dma.o
 .text          0x00000000        0x0 ..\obj\stm32f4xx_i2c.o
 .data          0x00000000        0x0 ..\obj\stm32f4xx_i2c.o
 .bss           0x00000000        0x0 ..\obj\stm32f4xx_i2c.o
 .text.I2C_DeInit
                0x00000000       0x88 ..\obj\stm32f4xx_i2c.o
 .text.I2C_StructInit
                0x00000000       0x44 ..\obj\stm32f4xx_i2c.o
 .text.I2C_OwnAddress2Config
                0x00000000       0x44 ..\obj\stm32f4xx_i2c.o
 .text.I2C_DualAddressCmd
                0x00000000       0x40 ..\obj\stm32f4xx_i2c.o
 .text.I2C_GeneralCallCmd
                0x00000000       0x40 ..\obj\stm32f4xx_i2c.o
 .text.I2C_SoftwareResetCmd
                0x00000000       0x48 ..\obj\stm32f4xx_i2c.o
 .text.I2C_StretchClockCmd
                0x00000000       0x40 ..\obj\stm32f4xx_i2c.o
 .text.I2C_FastModeDutyCycleConfig
                0x00000000       0x40 ..\obj\stm32f4xx_i2c.o
 .text.I2C_NACKPositionConfig
                0x00000000       0x40 ..\obj\stm32f4xx_i2c.o
 .text.I2C_SMBusAlertConfig
                0x00000000       0x40 ..\obj\stm32f4xx_i2c.o
 .text.I2C_ARPCmd
                0x00000000       0x40 ..\obj\stm32f4xx_i2c.o
 .text.I2C_TransmitPEC
                0x00000000       0x40 ..\obj\stm32f4xx_i2c.o
 .text.I2C_PECPositionConfig
                0x00000000       0x40 ..\obj\stm32f4xx_i2c.o
 .text.I2C_CalculatePEC
                0x00000000       0x40 ..\obj\stm32f4xx_i2c.o
 .text.I2C_GetPEC
                0x00000000       0x24 ..\obj\stm32f4xx_i2c.o
 .text.I2C_DMACmd
                0x00000000       0x40 ..\obj\stm32f4xx_i2c.o
 .text.I2C_DMALastTransferCmd
                0x00000000       0x40 ..\obj\stm32f4xx_i2c.o
 .text.I2C_ReadRegister
                0x00000000       0x30 ..\obj\stm32f4xx_i2c.o
 .text.I2C_ITConfig
                0x00000000       0x48 ..\obj\stm32f4xx_i2c.o
 .text.I2C_GetLastEvent
                0x00000000       0x4c ..\obj\stm32f4xx_i2c.o
 .text.I2C_ClearFlag
                0x00000000       0x30 ..\obj\stm32f4xx_i2c.o
 .text.I2C_GetITStatus
                0x00000000       0x64 ..\obj\stm32f4xx_i2c.o
 .text.I2C_ClearITPendingBit
                0x00000000       0x30 ..\obj\stm32f4xx_i2c.o
 .text          0x00000000        0x0 ..\obj\misc.o
 .data          0x00000000        0x0 ..\obj\misc.o
 .bss           0x00000000        0x0 ..\obj\misc.o
 .text.NVIC_PriorityGroupConfig
                0x00000000       0x28 ..\obj\misc.o
 .text.NVIC_SetVectorTable
                0x00000000       0x2c ..\obj\misc.o
 .text.NVIC_SystemLPConfig
                0x00000000       0x58 ..\obj\misc.o
 .text.SysTick_CLKSourceConfig
                0x00000000       0x4c ..\obj\misc.o
 .text          0x00000000        0x0 ..\obj\ov7670.o
 .data          0x00000000        0x0 ..\obj\ov7670.o
 .bss           0x00000000        0x0 ..\obj\ov7670.o
 .text          0x00000000        0x0 ..\obj\stm32f4xx_tim.o
 .data          0x00000000        0x0 ..\obj\stm32f4xx_tim.o
 .bss           0x00000000        0x0 ..\obj\stm32f4xx_tim.o
 .text.TIM_DeInit
                0x00000000      0x238 ..\obj\stm32f4xx_tim.o
 .text.TIM_TimeBaseInit
                0x00000000       0xf4 ..\obj\stm32f4xx_tim.o
 .text.TIM_TimeBaseStructInit
                0x00000000       0x3c ..\obj\stm32f4xx_tim.o
 .text.TIM_PrescalerConfig
                0x00000000       0x28 ..\obj\stm32f4xx_tim.o
 .text.TIM_CounterModeConfig
                0x00000000       0x38 ..\obj\stm32f4xx_tim.o
 .text.TIM_SetCounter
                0x00000000       0x1c ..\obj\stm32f4xx_tim.o
 .text.TIM_SetAutoreload
                0x00000000       0x1c ..\obj\stm32f4xx_tim.o
 .text.TIM_GetCounter
                0x00000000       0x18 ..\obj\stm32f4xx_tim.o
 .text.TIM_GetPrescaler
                0x00000000       0x1c ..\obj\stm32f4xx_tim.o
 .text.TIM_UpdateDisableConfig
                0x00000000       0x40 ..\obj\stm32f4xx_tim.o
 .text.TIM_UpdateRequestConfig
                0x00000000       0x40 ..\obj\stm32f4xx_tim.o
 .text.TIM_ARRPreloadConfig
                0x00000000       0x40 ..\obj\stm32f4xx_tim.o
 .text.TIM_SelectOnePulseMode
                0x00000000       0x38 ..\obj\stm32f4xx_tim.o
 .text.TIM_SetClockDivision
                0x00000000       0x38 ..\obj\stm32f4xx_tim.o
 .text.TIM_Cmd  0x00000000       0x40 ..\obj\stm32f4xx_tim.o
 .text.TIM_OC1Init
                0x00000000       0xfc ..\obj\stm32f4xx_tim.o
 .text.TIM_OC2Init
                0x00000000      0x128 ..\obj\stm32f4xx_tim.o
 .text.TIM_OC3Init
                0x00000000      0x120 ..\obj\stm32f4xx_tim.o
 .text.TIM_OC4Init
                0x00000000       0xe0 ..\obj\stm32f4xx_tim.o
 .text.TIM_OCStructInit
                0x00000000       0x54 ..\obj\stm32f4xx_tim.o
 .text.TIM_SelectOCxM
                0x00000000       0xc0 ..\obj\stm32f4xx_tim.o
 .text.TIM_SetCompare1
                0x00000000       0x1c ..\obj\stm32f4xx_tim.o
 .text.TIM_SetCompare2
                0x00000000       0x1c ..\obj\stm32f4xx_tim.o
 .text.TIM_SetCompare3
                0x00000000       0x1c ..\obj\stm32f4xx_tim.o
 .text.TIM_SetCompare4
                0x00000000       0x1c ..\obj\stm32f4xx_tim.o
 .text.TIM_ForcedOC1Config
                0x00000000       0x38 ..\obj\stm32f4xx_tim.o
 .text.TIM_ForcedOC2Config
                0x00000000       0x40 ..\obj\stm32f4xx_tim.o
 .text.TIM_ForcedOC3Config
                0x00000000       0x38 ..\obj\stm32f4xx_tim.o
 .text.TIM_ForcedOC4Config
                0x00000000       0x40 ..\obj\stm32f4xx_tim.o
 .text.TIM_OC1PreloadConfig
                0x00000000       0x38 ..\obj\stm32f4xx_tim.o
 .text.TIM_OC2PreloadConfig
                0x00000000       0x40 ..\obj\stm32f4xx_tim.o
 .text.TIM_OC3PreloadConfig
                0x00000000       0x38 ..\obj\stm32f4xx_tim.o
 .text.TIM_OC4PreloadConfig
                0x00000000       0x40 ..\obj\stm32f4xx_tim.o
 .text.TIM_OC1FastConfig
                0x00000000       0x38 ..\obj\stm32f4xx_tim.o
 .text.TIM_OC2FastConfig
                0x00000000       0x40 ..\obj\stm32f4xx_tim.o
 .text.TIM_OC3FastConfig
                0x00000000       0x38 ..\obj\stm32f4xx_tim.o
 .text.TIM_OC4FastConfig
                0x00000000       0x40 ..\obj\stm32f4xx_tim.o
 .text.TIM_ClearOC1Ref
                0x00000000       0x38 ..\obj\stm32f4xx_tim.o
 .text.TIM_ClearOC2Ref
                0x00000000       0x44 ..\obj\stm32f4xx_tim.o
 .text.TIM_ClearOC3Ref
                0x00000000       0x38 ..\obj\stm32f4xx_tim.o
 .text.TIM_ClearOC4Ref
                0x00000000       0x44 ..\obj\stm32f4xx_tim.o
 .text.TIM_OC1PolarityConfig
                0x00000000       0x38 ..\obj\stm32f4xx_tim.o
 .text.TIM_OC1NPolarityConfig
                0x00000000       0x38 ..\obj\stm32f4xx_tim.o
 .text.TIM_OC2PolarityConfig
                0x00000000       0x40 ..\obj\stm32f4xx_tim.o
 .text.TIM_OC2NPolarityConfig
                0x00000000       0x40 ..\obj\stm32f4xx_tim.o
 .text.TIM_OC3PolarityConfig
                0x00000000       0x40 ..\obj\stm32f4xx_tim.o
 .text.TIM_OC3NPolarityConfig
                0x00000000       0x40 ..\obj\stm32f4xx_tim.o
 .text.TIM_OC4PolarityConfig
                0x00000000       0x40 ..\obj\stm32f4xx_tim.o
 .text.TIM_CCxCmd
                0x00000000       0x5c ..\obj\stm32f4xx_tim.o
 .text.TIM_CCxNCmd
                0x00000000       0x5c ..\obj\stm32f4xx_tim.o
 .text.TIM_ICInit
                0x00000000       0xa8 ..\obj\stm32f4xx_tim.o
 .text.TIM_ICStructInit
                0x00000000       0x3c ..\obj\stm32f4xx_tim.o
 .text.TIM_PWMIConfig
                0x00000000       0xc4 ..\obj\stm32f4xx_tim.o
 .text.TIM_GetCapture1
                0x00000000       0x18 ..\obj\stm32f4xx_tim.o
 .text.TIM_GetCapture2
                0x00000000       0x18 ..\obj\stm32f4xx_tim.o
 .text.TIM_GetCapture3
                0x00000000       0x18 ..\obj\stm32f4xx_tim.o
 .text.TIM_GetCapture4
                0x00000000       0x18 ..\obj\stm32f4xx_tim.o
 .text.TIM_SetIC1Prescaler
                0x00000000       0x38 ..\obj\stm32f4xx_tim.o
 .text.TIM_SetIC2Prescaler
                0x00000000       0x3c ..\obj\stm32f4xx_tim.o
 .text.TIM_SetIC3Prescaler
                0x00000000       0x38 ..\obj\stm32f4xx_tim.o
 .text.TIM_SetIC4Prescaler
                0x00000000       0x3c ..\obj\stm32f4xx_tim.o
 .text.TIM_BDTRConfig
                0x00000000       0x50 ..\obj\stm32f4xx_tim.o
 .text.TIM_BDTRStructInit
                0x00000000       0x4c ..\obj\stm32f4xx_tim.o
 .text.TIM_CtrlPWMOutputs
                0x00000000       0x50 ..\obj\stm32f4xx_tim.o
 .text.TIM_SelectCOM
                0x00000000       0x40 ..\obj\stm32f4xx_tim.o
 .text.TIM_CCPreloadControl
                0x00000000       0x40 ..\obj\stm32f4xx_tim.o
 .text.TIM_ITConfig
                0x00000000       0x48 ..\obj\stm32f4xx_tim.o
 .text.TIM_GenerateEvent
                0x00000000       0x1c ..\obj\stm32f4xx_tim.o
 .text.TIM_GetFlagStatus
                0x00000000       0x40 ..\obj\stm32f4xx_tim.o
 .text.TIM_ClearFlag
                0x00000000       0x24 ..\obj\stm32f4xx_tim.o
 .text.TIM_GetITStatus
                0x00000000       0x60 ..\obj\stm32f4xx_tim.o
 .text.TIM_ClearITPendingBit
                0x00000000       0x24 ..\obj\stm32f4xx_tim.o
 .text.TIM_DMAConfig
                0x00000000       0x28 ..\obj\stm32f4xx_tim.o
 .text.TIM_DMACmd
                0x00000000       0x48 ..\obj\stm32f4xx_tim.o
 .text.TIM_SelectCCDMA
                0x00000000       0x40 ..\obj\stm32f4xx_tim.o
 .text.TIM_InternalClockConfig
                0x00000000       0x24 ..\obj\stm32f4xx_tim.o
 .text.TIM_ITRxExternalClockConfig
                0x00000000       0x30 ..\obj\stm32f4xx_tim.o
 .text.TIM_TIxExternalClockConfig
                0x00000000       0x58 ..\obj\stm32f4xx_tim.o
 .text.TIM_ETRClockMode1Config
                0x00000000       0x54 ..\obj\stm32f4xx_tim.o
 .text.TIM_ETRClockMode2Config
                0x00000000       0x34 ..\obj\stm32f4xx_tim.o
 .text.TIM_SelectInputTrigger
                0x00000000       0x38 ..\obj\stm32f4xx_tim.o
 .text.TIM_SelectOutputTrigger
                0x00000000       0x38 ..\obj\stm32f4xx_tim.o
 .text.TIM_SelectSlaveMode
                0x00000000       0x38 ..\obj\stm32f4xx_tim.o
 .text.TIM_SelectMasterSlaveMode
                0x00000000       0x38 ..\obj\stm32f4xx_tim.o
 .text.TIM_ETRConfig
                0x00000000       0x4c ..\obj\stm32f4xx_tim.o
 .text.TIM_EncoderInterfaceConfig
                0x00000000       0x94 ..\obj\stm32f4xx_tim.o
 .text.TIM_SelectHallSensor
                0x00000000       0x40 ..\obj\stm32f4xx_tim.o
 .text.TIM_RemapConfig
                0x00000000       0x20 ..\obj\stm32f4xx_tim.o
 .text.TI1_Config
                0x00000000       0x80 ..\obj\stm32f4xx_tim.o
 .text.TI2_Config
                0x00000000       0x9c ..\obj\stm32f4xx_tim.o
 .text.TI3_Config
                0x00000000       0x8c ..\obj\stm32f4xx_tim.o
 .text.TI4_Config
                0x00000000       0xa4 ..\obj\stm32f4xx_tim.o

Memory Configuration

Name             Origin             Length             Attributes
rom              0x08000000         0x00100000         xr
ram              0x20000000         0x00020000         xrw
ram1             0x10000000         0x00010000         xrw
*default*        0x00000000         0xffffffff

Linker script and memory map

                0x20020000                _eram = 0x20020000

.text           0x08000000     0x284c
 *(.isr_vector .isr_vector.*)
 .isr_vector    0x08000000      0x188 ..\obj\startup_stm32f4xx.o
                0x08000000                g_pfnVectors
 *(.text .text.* .gnu.linkonce.t.*)
 .text.I2CInit  0x08000188       0xc8 ..\obj\i2c.o
                0x08000188                I2CInit
 .text.I2C_start
                0x08000250       0x9c ..\obj\i2c.o
                0x08000250                I2C_start
 .text.I2C_write
                0x080002ec       0x38 ..\obj\i2c.o
                0x080002ec                I2C_write
 .text.I2C_read_nack
                0x08000324       0x40 ..\obj\i2c.o
                0x08000324                I2C_read_nack
 .text.I2C_stop
                0x08000364       0x1c ..\obj\i2c.o
                0x08000364                I2C_stop
 .text.USART_Init
                0x08000380      0x1ac ..\obj\stm32f4xx_usart.o
                0x08000380                USART_Init
 .text.USART_Cmd
                0x0800052c       0x40 ..\obj\stm32f4xx_usart.o
                0x0800052c                USART_Cmd
 .text.USART_OverSampling8Cmd
                0x0800056c       0x48 ..\obj\stm32f4xx_usart.o
                0x0800056c                USART_OverSampling8Cmd
 .text.USART_SendData
                0x080005b4       0x28 ..\obj\stm32f4xx_usart.o
                0x080005b4                USART_SendData
 .text.USART_ReceiveData
                0x080005dc       0x24 ..\obj\stm32f4xx_usart.o
                0x080005dc                USART_ReceiveData
 .text.USART_GetFlagStatus
                0x08000600       0x40 ..\obj\stm32f4xx_usart.o
                0x08000600                USART_GetFlagStatus
 .text.Default_Reset_Handler
                0x08000640       0x68 ..\obj\startup_stm32f4xx.o
                0x08000640                Default_Reset_Handler
                0x08000640                Reset_Handler
 .text.Default_Handler
                0x080006a8        0x8 ..\obj\startup_stm32f4xx.o
                0x080006a8                RTC_Alarm_IRQHandler
                0x080006a8                HASH_RNG_IRQHandler
                0x080006a8                EXTI2_IRQHandler
                0x080006a8                TIM8_CC_IRQHandler
                0x080006a8                DebugMon_Handler
                0x080006a8                TIM1_CC_IRQHandler
                0x080006a8                DMA2_Stream5_IRQHandler
                0x080006a8                HardFault_Handler
                0x080006a8                DMA1_Stream5_IRQHandler
                0x080006a8                SysTick_Handler
                0x080006a8                PVD_IRQHandler
                0x080006a8                SDIO_IRQHandler
                0x080006a8                TAMP_STAMP_IRQHandler
                0x080006a8                PendSV_Handler
                0x080006a8                NMI_Handler
                0x080006a8                CAN2_RX1_IRQHandler
                0x080006a8                EXTI3_IRQHandler
                0x080006a8                TIM8_TRG_COM_TIM14_IRQHandler
                0x080006a8                TIM1_UP_TIM10_IRQHandler
                0x080006a8                TIM8_UP_TIM13_IRQHandler
                0x080006a8                I2C3_ER_IRQHandler
                0x080006a8                EXTI0_IRQHandler
                0x080006a8                I2C2_EV_IRQHandler
                0x080006a8                DMA1_Stream2_IRQHandler
                0x080006a8                CAN1_RX0_IRQHandler
                0x080006a8                FPU_IRQHandler
                0x080006a8                OTG_HS_WKUP_IRQHandler
                0x080006a8                UsageFault_Handler
                0x080006a8                CAN2_SCE_IRQHandler
                0x080006a8                DMA2_Stream2_IRQHandler
                0x080006a8                SPI1_IRQHandler
                0x080006a8                TIM6_DAC_IRQHandler
                0x080006a8                TIM1_BRK_TIM9_IRQHandler
                0x080006a8                CAN2_RX0_IRQHandler
                0x080006a8                DMA2_Stream3_IRQHandler
                0x080006a8                USART6_IRQHandler
                0x080006a8                USART3_IRQHandler
                0x080006a8                CRYP_IRQHandler
                0x080006a8                CAN1_RX1_IRQHandler
                0x080006a8                UART5_IRQHandler
                0x080006a8                DMA2_Stream0_IRQHandler
                0x080006a8                TIM4_IRQHandler
                0x080006a8                I2C1_EV_IRQHandler
                0x080006a8                DMA1_Stream6_IRQHandler
                0x080006a8                DMA1_Stream1_IRQHandler
                0x080006a8                UART4_IRQHandler
                0x080006a8                TIM3_IRQHandler
                0x080006a8                RCC_IRQHandler
                0x080006a8                TIM8_BRK_TIM12_IRQHandler
                0x080006a8                EXTI15_10_IRQHandler
                0x080006a8                ADC_IRQHandler
                0x080006a8                DMA1_Stream7_IRQHandler
                0x080006a8                TIM7_IRQHandler
                0x080006a8                CAN2_TX_IRQHandler
                0x080006a8                TIM5_IRQHandler
                0x080006a8                DMA2_Stream7_IRQHandler
                0x080006a8                I2C3_EV_IRQHandler
                0x080006a8                EXTI9_5_IRQHandler
                0x080006a8                RTC_WKUP_IRQHandler
                0x080006a8                ETH_WKUP_IRQHandler
                0x080006a8                SPI2_IRQHandler
                0x080006a8                OTG_HS_EP1_IN_IRQHandler
                0x080006a8                MemManage_Handler
                0x080006a8                DMA1_Stream0_IRQHandler
                0x080006a8                CAN1_TX_IRQHandler
                0x080006a8                SVC_Handler
                0x080006a8                EXTI4_IRQHandler
                0x080006a8                FSMC_IRQHandler
                0x080006a8                ETH_IRQHandler
                0x080006a8                OTG_HS_EP1_OUT_IRQHandler
                0x080006a8                WWDG_IRQHandler
                0x080006a8                TIM2_IRQHandler
                0x080006a8                OTG_FS_WKUP_IRQHandler
                0x080006a8                TIM1_TRG_COM_TIM11_IRQHandler
                0x080006a8                OTG_HS_IRQHandler
                0x080006a8                EXTI1_IRQHandler
                0x080006a8                USART2_IRQHandler
                0x080006a8                I2C2_ER_IRQHandler
                0x080006a8                DMA2_Stream1_IRQHandler
                0x080006a8                CAN1_SCE_IRQHandler
                0x080006a8                FLASH_IRQHandler
                0x080006a8                DMA2_Stream4_IRQHandler
                0x080006a8                BusFault_Handler
                0x080006a8                USART1_IRQHandler
                0x080006a8                OTG_FS_IRQHandler
                0x080006a8                SPI3_IRQHandler
                0x080006a8                DMA1_Stream4_IRQHandler
                0x080006a8                I2C1_ER_IRQHandler
                0x080006a8                DMA2_Stream6_IRQHandler
                0x080006a8                DMA1_Stream3_IRQHandler
 .text.usart_init
                0x080006b0       0xf4 ..\obj\main.o
                0x080006b0                usart_init
 .text.usPrintChar
                0x080007a4       0x40 ..\obj\main.o
                0x080007a4                usPrintChar
 .text.usartSendWord
                0x080007e4       0x30 ..\obj\main.o
                0x080007e4                usartSendWord
 .text.delay    0x08000814       0x24 ..\obj\main.o
                0x08000814                delay
 .text.MCO_init
                0x08000838       0x68 ..\obj\main.o
 .text.main     0x080008a0      0x17c ..\obj\main.o
                0x080008a0                main
 .text.DCMI_IRQHandler
                0x08000a1c      0x144 ..\obj\main.o
                0x08000a1c                DCMI_IRQHandler
 .text.RCC_MCO2Config
                0x08000b60       0x48 ..\obj\stm32f4xx_rcc.o
                0x08000b60                RCC_MCO2Config
 .text.RCC_GetClocksFreq
                0x08000ba8      0x1d0 ..\obj\stm32f4xx_rcc.o
                0x08000ba8                RCC_GetClocksFreq
 .text.RCC_AHB1PeriphClockCmd
                0x08000d78       0x58 ..\obj\stm32f4xx_rcc.o
                0x08000d78                RCC_AHB1PeriphClockCmd
 .text.RCC_AHB2PeriphClockCmd
                0x08000dd0       0x58 ..\obj\stm32f4xx_rcc.o
                0x08000dd0                RCC_AHB2PeriphClockCmd
 .text.RCC_APB1PeriphClockCmd
                0x08000e28       0x58 ..\obj\stm32f4xx_rcc.o
                0x08000e28                RCC_APB1PeriphClockCmd
 .text.DCMI_DeInit
                0x08000e80       0x6c ..\obj\stm32f4xx_dcmi.o
                0x08000e80                DCMI_DeInit
 .text.DCMI_Init
                0x08000eec       0x94 ..\obj\stm32f4xx_dcmi.o
                0x08000eec                DCMI_Init
 .text.DCMI_Cmd
                0x08000f80       0x4c ..\obj\stm32f4xx_dcmi.o
                0x08000f80                DCMI_Cmd
 .text.DCMI_CaptureCmd
                0x08000fcc       0x4c ..\obj\stm32f4xx_dcmi.o
                0x08000fcc                DCMI_CaptureCmd
 .text.DCMI_ITConfig
                0x08001018       0x5c ..\obj\stm32f4xx_dcmi.o
                0x08001018                DCMI_ITConfig
 .text.DCMI_GetFlagStatus
                0x08001074       0x7c ..\obj\stm32f4xx_dcmi.o
                0x08001074                DCMI_GetFlagStatus
 .text.DCMI_ClearFlag
                0x080010f0       0x20 ..\obj\stm32f4xx_dcmi.o
                0x080010f0                DCMI_ClearFlag
 .text.DCMI_GetITStatus
                0x08001110       0x4c ..\obj\stm32f4xx_dcmi.o
                0x08001110                DCMI_GetITStatus
 .text.DCMI_ClearITPendingBit
                0x0800115c       0x20 ..\obj\stm32f4xx_dcmi.o
                0x0800115c                DCMI_ClearITPendingBit
 .text.GPIO_Init
                0x0800117c      0x154 ..\obj\stm32f4xx_gpio.o
                0x0800117c                GPIO_Init
 .text.GPIO_PinAFConfig
                0x080012d0       0xac ..\obj\stm32f4xx_gpio.o
                0x080012d0                GPIO_PinAFConfig
 .text.SystemInit
                0x0800137c       0x94 ..\obj\system_stm32f4xx.o
                0x0800137c                SystemInit
 .text.SetSysClock
                0x08001410      0x188 ..\obj\system_stm32f4xx.o
 .text.DMA_DeInit
                0x08001598      0x244 ..\obj\stm32f4xx_dma.o
                0x08001598                DMA_DeInit
 .text.DMA_Init
                0x080017dc       0xb0 ..\obj\stm32f4xx_dma.o
                0x080017dc                DMA_Init
 .text.DMA_Cmd  0x0800188c       0x38 ..\obj\stm32f4xx_dma.o
                0x0800188c                DMA_Cmd
 .text.DMA_GetCmdStatus
                0x080018c4       0x38 ..\obj\stm32f4xx_dma.o
                0x080018c4                DMA_GetCmdStatus
 .text.I2C_Init
                0x080018fc      0x1ac ..\obj\stm32f4xx_i2c.o
                0x080018fc                I2C_Init
 .text.I2C_Cmd  0x08001aa8       0x40 ..\obj\stm32f4xx_i2c.o
                0x08001aa8                I2C_Cmd
 .text.I2C_GenerateSTART
                0x08001ae8       0x40 ..\obj\stm32f4xx_i2c.o
                0x08001ae8                I2C_GenerateSTART
 .text.I2C_GenerateSTOP
                0x08001b28       0x40 ..\obj\stm32f4xx_i2c.o
                0x08001b28                I2C_GenerateSTOP
 .text.I2C_Send7bitAddress
                0x08001b68       0x3c ..\obj\stm32f4xx_i2c.o
                0x08001b68                I2C_Send7bitAddress
 .text.I2C_AcknowledgeConfig
                0x08001ba4       0x40 ..\obj\stm32f4xx_i2c.o
                0x08001ba4                I2C_AcknowledgeConfig
 .text.I2C_SendData
                0x08001be4       0x20 ..\obj\stm32f4xx_i2c.o
                0x08001be4                I2C_SendData
 .text.I2C_ReceiveData
                0x08001c04       0x1c ..\obj\stm32f4xx_i2c.o
                0x08001c04                I2C_ReceiveData
 .text.I2C_CheckEvent
                0x08001c20       0x70 ..\obj\stm32f4xx_i2c.o
                0x08001c20                I2C_CheckEvent
 .text.I2C_GetFlagStatus
                0x08001c90       0x78 ..\obj\stm32f4xx_i2c.o
                0x08001c90                I2C_GetFlagStatus
 .text.NVIC_Init
                0x08001d08       0xe4 ..\obj\misc.o
                0x08001d08                NVIC_Init
 .text.delayx   0x08001dec       0x24 ..\obj\ov7670.o
                0x08001dec                delayx
 .text.ov7670_get
                0x08001e10       0x8c ..\obj\ov7670.o
                0x08001e10                ov7670_get
 .text.ov7670_set
                0x08001e9c       0x64 ..\obj\ov7670.o
                0x08001e9c                ov7670_set
 .text.ov7670_init
                0x08001f00      0x648 ..\obj\ov7670.o
                0x08001f00                ov7670_init
 .text.DMA_init
                0x08002548      0x154 ..\obj\ov7670.o
                0x08002548                DMA_init
 .text.DCMI_init
                0x0800269c      0x1b0 ..\obj\ov7670.o
                0x0800269c                DCMI_init
 *(.glue_7t)
 .glue_7t       0x00000000        0x0 linker stubs
 *(.glue_7)
 .glue_7        0x00000000        0x0 linker stubs
 *(.rodata .rodata* .gnu.linkonce.r.*)

.vfp11_veneer   0x0800284c        0x0
 .vfp11_veneer  0x00000000        0x0 linker stubs

.v4_bx          0x0800284c        0x0
 .v4_bx         0x00000000        0x0 linker stubs

.ARM.extab
 *(.ARM.extab* .gnu.linkonce.armextab.*)
                0x0800284c                __exidx_start = .

.ARM.exidx
 *(.ARM.exidx* .gnu.linkonce.armexidx.*)
                0x0800284c                __exidx_end = .
                0x0800284c                . = ALIGN (0x4)
                0x0800284c                _etext = .
                0x0800284c                _sidata = .

.data           0x20000000       0x10 load address 0x0800284c
                0x20000000                _sdata = .
 *(.data .data.*)
 .data          0x20000000       0x10 ..\obj\stm32f4xx_rcc.o
                0x20000010                . = ALIGN (0x4)
                0x20000010                _edata = .

.bss            0x20000010     0xc610 load address 0x0800285c
                0x20000010                _sbss = .
 *(.bss .bss.*)
 .bss           0x20000010       0x10 ..\obj\main.o
                0x20000010                num_dcmi
                0x20000014                num_dcmi_frame
                0x20000018                num_dcmi_vsync
                0x2000001c                num_dcmi_line
 *(COMMON)
 COMMON         0x20000020     0xc600 ..\obj\main.o
                0x20000020                RAM_Buffer
                0x2000c620                . = ALIGN (0x4)
                0x2000c620                _ebss = .

.co_stack       0x2000c620      0x800 load address 0x0800ee6c
                0x2000c620                . = ALIGN (0x8)
 *(.co_stack .co_stack.*)
 .co_stack      0x2000c620      0x800 ..\obj\startup_stm32f4xx.o
                0x2000c620                pulStack
                0x2000ce20                . = ALIGN (0x4)
                0x2000ce20                _end = .
LOAD ..\obj\i2c.o
LOAD ..\obj\stm32f4xx_usart.o
LOAD ..\obj\startup_stm32f4xx.o
LOAD ..\obj\main.o
LOAD ..\obj\stm32f4xx_rcc.o
LOAD ..\obj\printf.o
LOAD ..\obj\stm32f4xx_dcmi.o
LOAD ..\obj\stm32f4xx_gpio.o
LOAD ..\obj\system_stm32f4xx.o
LOAD ..\obj\syscalls.o
LOAD ..\obj\stm32f4xx_dma.o
LOAD ..\obj\stm32f4xx_i2c.o
LOAD ..\obj\misc.o
LOAD ..\obj\ov7670.o
LOAD ..\obj\stm32f4xx_tim.o
START GROUP
LOAD e:/dev/gcc-arm/bin/../lib/gcc/arm-none-eabi/4.6.2/armv7e-m\libgcc.a
LOAD e:/dev/gcc-arm/bin/../lib/gcc/arm-none-eabi/4.6.2/../../../../arm-none-eabi/lib/armv7e-m\libg.a
LOAD e:/dev/gcc-arm/bin/../lib/gcc/arm-none-eabi/4.6.2/../../../../arm-none-eabi/lib/armv7e-m\libc.a
END GROUP
OUTPUT(ov7670.elf elf32-littlearm)

.debug_info     0x00000000     0x908c
 .debug_info    0x00000000      0x56f ..\obj\i2c.o
 .debug_info    0x0000056f      0xa4f ..\obj\stm32f4xx_usart.o
 .debug_info    0x00000fbe      0x147 ..\obj\startup_stm32f4xx.o
 .debug_info    0x00001105      0xac3 ..\obj\main.o
 .debug_info    0x00001bc8      0xd24 ..\obj\stm32f4xx_rcc.o
 .debug_info    0x000028ec     0x10b9 ..\obj\printf.o
 .debug_info    0x000039a5      0x59d ..\obj\stm32f4xx_dcmi.o
 .debug_info    0x00003f42      0x639 ..\obj\stm32f4xx_gpio.o
 .debug_info    0x0000457b      0x61d ..\obj\system_stm32f4xx.o
 .debug_info    0x00004b98      0x440 ..\obj\syscalls.o
 .debug_info    0x00004fd8      0x7a3 ..\obj\stm32f4xx_dma.o
 .debug_info    0x0000577b      0xb91 ..\obj\stm32f4xx_i2c.o
 .debug_info    0x0000630c      0x594 ..\obj\misc.o
 .debug_info    0x000068a0      0x9c4 ..\obj\ov7670.o
 .debug_info    0x00007264     0x1e28 ..\obj\stm32f4xx_tim.o

.debug_abbrev   0x00000000     0x154b
 .debug_abbrev  0x00000000      0x12f ..\obj\i2c.o
 .debug_abbrev  0x0000012f      0x14e ..\obj\stm32f4xx_usart.o
 .debug_abbrev  0x0000027d       0xac ..\obj\startup_stm32f4xx.o
 .debug_abbrev  0x00000329      0x1df ..\obj\main.o
 .debug_abbrev  0x00000508      0x1b7 ..\obj\stm32f4xx_rcc.o
 .debug_abbrev  0x000006bf      0x294 ..\obj\printf.o
 .debug_abbrev  0x00000953      0x17a ..\obj\stm32f4xx_dcmi.o
 .debug_abbrev  0x00000acd      0x182 ..\obj\stm32f4xx_gpio.o
 .debug_abbrev  0x00000c4f      0x140 ..\obj\system_stm32f4xx.o
 .debug_abbrev  0x00000d8f       0xde ..\obj\syscalls.o
 .debug_abbrev  0x00000e6d      0x14e ..\obj\stm32f4xx_dma.o
 .debug_abbrev  0x00000fbb      0x15d ..\obj\stm32f4xx_i2c.o
 .debug_abbrev  0x00001118      0x126 ..\obj\misc.o
 .debug_abbrev  0x0000123e      0x1aa ..\obj\ov7670.o
 .debug_abbrev  0x000013e8      0x163 ..\obj\stm32f4xx_tim.o

.debug_loc      0x00000000     0x41e6
 .debug_loc     0x00000000      0x150 ..\obj\i2c.o
 .debug_loc     0x00000150      0x658 ..\obj\stm32f4xx_usart.o
 .debug_loc     0x000007a8       0x64 ..\obj\startup_stm32f4xx.o
 .debug_loc     0x0000080c      0x1c2 ..\obj\main.o
 .debug_loc     0x000009ce      0x97c ..\obj\stm32f4xx_rcc.o
 .debug_loc     0x0000134a      0x3ea ..\obj\printf.o
 .debug_loc     0x00001734      0x330 ..\obj\stm32f4xx_dcmi.o
 .debug_loc     0x00001a64      0x310 ..\obj\stm32f4xx_gpio.o
 .debug_loc     0x00001d74       0x9c ..\obj\system_stm32f4xx.o
 .debug_loc     0x00001e10      0x1ec ..\obj\syscalls.o
 .debug_loc     0x00001ffc      0x428 ..\obj\stm32f4xx_dma.o
 .debug_loc     0x00002424      0x738 ..\obj\stm32f4xx_i2c.o
 .debug_loc     0x00002b5c      0x118 ..\obj\misc.o
 .debug_loc     0x00002c74      0x152 ..\obj\ov7670.o
 .debug_loc     0x00002dc6     0x1420 ..\obj\stm32f4xx_tim.o

.debug_aranges  0x00000000      0xad8
 .debug_aranges
                0x00000000       0x48 ..\obj\i2c.o
 .debug_aranges
                0x00000048      0x100 ..\obj\stm32f4xx_usart.o
 .debug_aranges
                0x00000148       0x28 ..\obj\startup_stm32f4xx.o
 .debug_aranges
                0x00000170       0x58 ..\obj\main.o
 .debug_aranges
                0x000001c8      0x178 ..\obj\stm32f4xx_rcc.o
 .debug_aranges
                0x00000340       0xa0 ..\obj\printf.o
 .debug_aranges
                0x000003e0       0x90 ..\obj\stm32f4xx_dcmi.o
 .debug_aranges
                0x00000470       0x88 ..\obj\stm32f4xx_gpio.o
 .debug_aranges
                0x000004f8       0x30 ..\obj\system_stm32f4xx.o
 .debug_aranges
                0x00000528       0x60 ..\obj\syscalls.o
 .debug_aranges
                0x00000588       0xb0 ..\obj\stm32f4xx_dma.o
 .debug_aranges
                0x00000638      0x120 ..\obj\stm32f4xx_i2c.o
 .debug_aranges
                0x00000758       0x40 ..\obj\misc.o
 .debug_aranges
                0x00000798       0x48 ..\obj\ov7670.o
 .debug_aranges
                0x000007e0      0x2f8 ..\obj\stm32f4xx_tim.o

.debug_ranges   0x00000000      0x9e8
 .debug_ranges  0x00000000       0x38 ..\obj\i2c.o
 .debug_ranges  0x00000038       0xf0 ..\obj\stm32f4xx_usart.o
 .debug_ranges  0x00000128       0x18 ..\obj\startup_stm32f4xx.o
 .debug_ranges  0x00000140       0x48 ..\obj\main.o
 .debug_ranges  0x00000188      0x168 ..\obj\stm32f4xx_rcc.o
 .debug_ranges  0x000002f0       0x90 ..\obj\printf.o
 .debug_ranges  0x00000380       0x80 ..\obj\stm32f4xx_dcmi.o
 .debug_ranges  0x00000400       0x78 ..\obj\stm32f4xx_gpio.o
 .debug_ranges  0x00000478       0x20 ..\obj\system_stm32f4xx.o
 .debug_ranges  0x00000498       0x50 ..\obj\syscalls.o
 .debug_ranges  0x000004e8       0xa0 ..\obj\stm32f4xx_dma.o
 .debug_ranges  0x00000588      0x110 ..\obj\stm32f4xx_i2c.o
 .debug_ranges  0x00000698       0x30 ..\obj\misc.o
 .debug_ranges  0x000006c8       0x38 ..\obj\ov7670.o
 .debug_ranges  0x00000700      0x2e8 ..\obj\stm32f4xx_tim.o

.debug_line     0x00000000     0x3404
 .debug_line    0x00000000      0x243 ..\obj\i2c.o
 .debug_line    0x00000243      0x445 ..\obj\stm32f4xx_usart.o
 .debug_line    0x00000688       0x9f ..\obj\startup_stm32f4xx.o
 .debug_line    0x00000727      0x341 ..\obj\main.o
 .debug_line    0x00000a68      0x53d ..\obj\stm32f4xx_rcc.o
 .debug_line    0x00000fa5      0x40f ..\obj\printf.o
 .debug_line    0x000013b4      0x2e0 ..\obj\stm32f4xx_dcmi.o
 .debug_line    0x00001694      0x2e0 ..\obj\stm32f4xx_gpio.o
 .debug_line    0x00001974      0x1d6 ..\obj\system_stm32f4xx.o
 .debug_line    0x00001b4a      0x176 ..\obj\syscalls.o
 .debug_line    0x00001cc0      0x37d ..\obj\stm32f4xx_dma.o
 .debug_line    0x0000203d      0x47d ..\obj\stm32f4xx_i2c.o
 .debug_line    0x000024ba      0x1e6 ..\obj\misc.o
 .debug_line    0x000026a0      0x34a ..\obj\ov7670.o
 .debug_line    0x000029ea      0xa1a ..\obj\stm32f4xx_tim.o

.debug_str      0x00000000     0x361c
 .debug_str     0x00000000      0x3e4 ..\obj\i2c.o
                                0x425 (size before relaxing)
 .debug_str     0x000003e4      0x4b1 ..\obj\stm32f4xx_usart.o
                                0x627 (size before relaxing)
 .debug_str     0x00000895       0xae ..\obj\startup_stm32f4xx.o
                                0x116 (size before relaxing)
 .debug_str     0x00000943      0x31e ..\obj\main.o
                                0x6b8 (size before relaxing)
 .debug_str     0x00000c61      0x5c7 ..\obj\stm32f4xx_rcc.o
                                0x7e8 (size before relaxing)
 .debug_str     0x00001228      0x49f ..\obj\printf.o
                                0x6a7 (size before relaxing)
 .debug_str     0x000016c7      0x320 ..\obj\stm32f4xx_dcmi.o
                                0x471 (size before relaxing)
 .debug_str     0x000019e7      0x19c ..\obj\stm32f4xx_gpio.o
                                0x43b (size before relaxing)
 .debug_str     0x00001b83      0x116 ..\obj\system_stm32f4xx.o
                                0x342 (size before relaxing)
 .debug_str     0x00001c99      0x148 ..\obj\syscalls.o
                                0x291 (size before relaxing)
 .debug_str     0x00001de1      0x365 ..\obj\stm32f4xx_dma.o
                                0x4e4 (size before relaxing)
 .debug_str     0x00002146      0x339 ..\obj\stm32f4xx_i2c.o
                                0x5fd (size before relaxing)
 .debug_str     0x0000247f      0x1d0 ..\obj\misc.o
                                0x371 (size before relaxing)
 .debug_str     0x0000264f      0x5d1 ..\obj\ov7670.o
                                0xb2e (size before relaxing)
 .debug_str     0x00002c20      0x9fc ..\obj\stm32f4xx_tim.o
                                0xd68 (size before relaxing)

.comment        0x00000000       0x70
 .comment       0x00000000       0x70 ..\obj\i2c.o
                                 0x71 (size before relaxing)
 .comment       0x00000000       0x71 ..\obj\stm32f4xx_usart.o
 .comment       0x00000000       0x71 ..\obj\startup_stm32f4xx.o
 .comment       0x00000000       0x71 ..\obj\main.o
 .comment       0x00000000       0x71 ..\obj\stm32f4xx_rcc.o
 .comment       0x00000000       0x71 ..\obj\printf.o
 .comment       0x00000000       0x71 ..\obj\stm32f4xx_dcmi.o
 .comment       0x00000000       0x71 ..\obj\stm32f4xx_gpio.o
 .comment       0x00000000       0x71 ..\obj\system_stm32f4xx.o
 .comment       0x00000000       0x71 ..\obj\syscalls.o
 .comment       0x00000000       0x71 ..\obj\stm32f4xx_dma.o
 .comment       0x00000000       0x71 ..\obj\stm32f4xx_i2c.o
 .comment       0x00000000       0x71 ..\obj\misc.o
 .comment       0x00000000       0x71 ..\obj\ov7670.o
 .comment       0x00000000       0x71 ..\obj\stm32f4xx_tim.o

.ARM.attributes
                0x00000000       0x33
 .ARM.attributes
                0x00000000       0x33 ..\obj\i2c.o
 .ARM.attributes
                0x00000033       0x33 ..\obj\stm32f4xx_usart.o
 .ARM.attributes
                0x00000066       0x33 ..\obj\startup_stm32f4xx.o
 .ARM.attributes
                0x00000099       0x33 ..\obj\main.o
 .ARM.attributes
                0x000000cc       0x33 ..\obj\stm32f4xx_rcc.o
 .ARM.attributes
                0x000000ff       0x33 ..\obj\printf.o
 .ARM.attributes
                0x00000132       0x33 ..\obj\stm32f4xx_dcmi.o
 .ARM.attributes
                0x00000165       0x33 ..\obj\stm32f4xx_gpio.o
 .ARM.attributes
                0x00000198       0x33 ..\obj\system_stm32f4xx.o
 .ARM.attributes
                0x000001cb       0x33 ..\obj\syscalls.o
 .ARM.attributes
                0x000001fe       0x33 ..\obj\stm32f4xx_dma.o
 .ARM.attributes
                0x00000231       0x33 ..\obj\stm32f4xx_i2c.o
 .ARM.attributes
                0x00000264       0x33 ..\obj\misc.o
 .ARM.attributes
                0x00000297       0x33 ..\obj\ov7670.o
 .ARM.attributes
                0x000002ca       0x33 ..\obj\stm32f4xx_tim.o

.debug_frame    0x00000000     0x22b8
 .debug_frame   0x00000000       0xd0 ..\obj\i2c.o
 .debug_frame   0x000000d0      0x344 ..\obj\stm32f4xx_usart.o
 .debug_frame   0x00000414       0x48 ..\obj\startup_stm32f4xx.o
 .debug_frame   0x0000045c      0x10c ..\obj\main.o
 .debug_frame   0x00000568      0x4d8 ..\obj\stm32f4xx_rcc.o
 .debug_frame   0x00000a40      0x248 ..\obj\printf.o
 .debug_frame   0x00000c88      0x1ac ..\obj\stm32f4xx_dcmi.o
 .debug_frame   0x00000e34      0x19c ..\obj\stm32f4xx_gpio.o
 .debug_frame   0x00000fd0       0x64 ..\obj\system_stm32f4xx.o
 .debug_frame   0x00001034      0x108 ..\obj\syscalls.o
 .debug_frame   0x0000113c      0x224 ..\obj\stm32f4xx_dma.o
 .debug_frame   0x00001360      0x3b4 ..\obj\stm32f4xx_i2c.o
 .debug_frame   0x00001714       0x9c ..\obj\misc.o
 .debug_frame   0x000017b0       0xcc ..\obj\ov7670.o
 .debug_frame   0x0000187c      0xa3c ..\obj\stm32f4xx_tim.o
